02-12 22:36:56.677  3447  5017 D OplusBatteryServiceFeature: setSmartCoolDown: coolDown = 4, normalCoolDown = 4, pkgName = com.example.safesphere
02-12 22:36:56.677  3447  3719 D SurfaceComposerClient: Transaction::apply InputWindowCommands.focusRequests timestamp=461208887613175, windowName=3d2e2b2 com.example.safesphere/com.example.safesphere.MainActivity
02-12 22:36:56.678 18235 23014 D SceneSDK.1.0.4-SNAPSHOT.18235.DeepThinkerAppSwitchAbility: onAppSwitchEvent: AppSwitchEvent(timeStamp=1770916016677, eventType=2, targetName=com.google.android.permissioncontroller, firstStart=false, multiApp=false, windowMode=0, resumingPackageName=com.example.safesphere, resumingActivityName=com.example.safesphere.MainActivity, isResumingMultiApp=false, isResumingFirstStart=false)
02-12 22:36:56.678 18235 23014 I metis_v2_AppSwitchDataCollector: AppExitEvent =  com.google.android.permissioncontroller, NextAppName = com.example.safesphere [Metis|com.oplus.metis|2.0.20-aa39d14]
02-12 22:36:56.678  1966  1966 D vendor.oplus.hardware.charger-V9-service: set cooldown:4,  normalCoolDown:4
02-12 22:36:56.678  3447  3710 V WindowManager: Sent Transition (#18550) createdAt=02-12 22:36:56.650 via request=TransitionRequestInfo { type = CLOSE, triggerTask = null, pipChange = null, remoteTransition = null, displayChange = null, flags = 0, debugId = 18550 }
02-12 22:36:56.678  3447  3710 V WindowManager:     startWCT=WindowContainerTransaction { changes= {} hops= [] errorCallbackToken=null taskFragmentOrganizer=null }
02-12 22:36:56.678  5436  5975 W Battery : ThermalControllHandler: MSG_THERMAL_CONTROL_CATEGORY_CHANGED
02-12 22:36:56.678  3447  3710 V WindowManager:     info={id=18550 t=CLOSE f=0x0 trk=0 r=[0@Point(0, 0)] c=[
02-12 22:36:56.678  3447  3710 V WindowManager:         {m=CLOSE f=TRANSLUCENT|FILLS_TASK|IS_OCCLUDED leash=Surface(name=ActivityRecord{16521801 u0 com.google.android.permissioncontroller/com.android.permissioncontroller.permission.ui.GrantPermissionsActivity t24869})/@0x45f90a5 sb=Rect(0, 0 - 1272, 2800) eb=Rect(0, 0 - 1272, 2800) epz=Point(1272, 2800) d=0 bc=ff1c1f29 component=com.google.android.permissioncontroller/com.android.permissioncontroller.permission.ui.GrantPermissionsActivity opt={t=FROM_STYLE mUserId=0}}
02-12 22:36:56.678  3447  3710 V WindowManager:     ] 
02-12 22:36:56.678  3447  3710 V WindowManager: extendInfo=[
02-12 22:36:56.678  3447  3710 V WindowManager:  OplusTransitionExtendedInfo{mTmpFinishT=null, mInOplusCompatMode=false, mIsProcessRunning=false, mHasMismatchBoundsTarget=false, mRecentsController=null, mRemoteTransition=null, mIsTranslucentActivityToHome=false, mAvoidInterceptKeyEventToHome=false, mIsFromHome=false, mParentLeash=null, mBackAnimClosingLeash=null, mIsOplusAnimRes=false, mKeepBgForContinuous=false, mIsBalAllow=false, mTaskNotInRecent=false, mIsPredictiveBackAnim=false, mIsMergedWithPredictive=false, mIsLaunchFromSpruce=false, mIsLaunchFromDrive=false, mGlobalSearchPageSwitch=false, mNeedNoAlphaGlobalSearchScene=false, mAssistScreenShowing=false, mSwipeUpBrowserScreenShowing=false, mUserIdTransition=-1
02-12 22:36:56.678  3447  3710 V WindowManager: , mInRemoteScene=false, mInPreReady=false, mPreStart=false, mToken=null, mAbortByRemoteFromHome=false, mShellApplyToken=null, mRequestTransitionTaskId=-1, mAbortTransitionOnShell=0, mStartFromShortcut=false, mRemovedTaskId=-1, mTransitionInterruptType=0, mMergeSecondTaskId=-1, mTaskIdStartFromRecents=0, mTransitionId=18550, mCanUseSpringSlideAnim=false, mTransitionLaunchFrom=0, mFoldChangeType=-1, mAnimStartingPosition=[0, 0, 0, 0], mIsOpeningStkDialogActivity=false, mIsNeedApplyStartTForEmbedded=false, mMergeSecondTaskAnimation=false, mIsLaunchUnityStart=false, mIsLaunchFromAssistantByDefault=false, mSkipRemoteTransitionfalse, mIsStartFromKeyguard=false flags=0x0, mWCT=null, mIsOpenMergeToInValidPredictive=false}]}
02-12 22:36:56.679  5436 18217 W Battery : AppSceneCenter: PerfPolicy not enable!
02-12 22:36:56.679  3447  5434 D Transition: finishTransition ar ActivityRecord{16521801 u0 com.google.android.permissioncontroller/com.android.permissioncontroller.permission.ui.GrantPermissionsActivity t24869 f}}, isVisibleRequested=false, state=STOPPING, visibleAtTransitionEndTokens={ActivityRecord{16521801 u0 com.google.android.permissioncontroller/com.android.permissioncontroller.permission.ui.GrantPermissionsActivity t24869 f}}, ActivityRecord{190534302 u0 com.example.safesphere/.MainActivity t24869}}, this=TransitionRecord{bf3a3af id=18549 track=0 type=OPEN flags=0x0 state=2 c=[
02-12 22:36:56.679  3447  5434 D Transition:    ChangeInfo{af633bc container=Task{834c5d #24869 type=standard A=10705:com.example.safesphere} flags=0x0}
02-12 22:36:56.679  3447  5434 D Transition:    ChangeInfo{effeee9 container=ActivityRecord{16521801 u0 com.google.android.permissioncontroller/com.android.permissioncontroller.permission.ui.GrantPermissionsActivity t24869 f}} flags=0x0}
02-12 22:36:56.679  3447  5434 D Transition:    ChangeInfo{dff7f45 container=Display{#0 state=ON size=1272x2800 ROTATION_0} flags=0x0}
02-12 22:36:56.679  3447  5434 D Transition:    ChangeInfo{1ff3e0f container=ActivityRecord{135872326 u0 com.example.safesphere/.LoginActivity t24869 f}} flags=0x0}
02-12 22:36:56.679  3447  5434 D Transition:    ChangeInfo{2ee669a container=DefaultTaskDisplayArea@136512202 flags=0x0}
02-12 22:36:56.679  3447  5434 D Transition:    ChangeInfo{ef9e76e container=ActivityRecord{190534302 u0 com.example.safesphere/.MainActivity t24869} flags=0x0}
02-12 22:36:56.679  3447  5434 D Transition: ]
02-12 22:36:56.679  3447  5434 D Transition: }
02-12 22:36:56.679  3447  5279 D OplusAppSwitchRuleInfo: generateAppEnterInfo - launch_source_type =  , launch_source_traceid = 
02-12 22:36:56.679  3447  5434 D Transition: finishTransition ar ActivityRecord{135872326 u0 com.example.safesphere/.LoginActivity t24869 f}}, isVisibleRequested=false, state=STOPPING, visibleAtTransitionEndTokens={ActivityRecord{16521801 u0 com.google.android.permissioncontroller/com.android.permissioncontroller.permission.ui.GrantPermissionsActivity t24869 f}}, ActivityRecord{190534302 u0 com.example.safesphere/.MainActivity t24869}}, this=TransitionRecord{bf3a3af id=18549 track=0 type=OPEN flags=0x0 state=2 c=[
02-12 22:36:56.679  3447  5434 D Transition:    ChangeInfo{af633bc container=Task{834c5d #24869 type=standard A=10705:com.example.safesphere} flags=0x0}
02-12 22:36:56.679  3447  5434 D Transition:    ChangeInfo{effeee9 container=ActivityRecord{16521801 u0 com.google.android.permissioncontroller/com.android.permissioncontroller.permission.ui.GrantPermissionsActivity t24869 f}} flags=0x0}
02-12 22:36:56.679  3447  5434 D Transition:    ChangeInfo{dff7f45 container=Display{#0 state=ON size=1272x2800 ROTATION_0} flags=0x0}
02-12 22:36:56.679  3447  5434 D Transition:    ChangeInfo{1ff3e0f container=ActivityRecord{135872326 u0 com.example.safesphere/.LoginActivity t24869 f}} flags=0x0}
02-12 22:36:56.679  3447  5434 D Transition:    ChangeInfo{2ee669a container=DefaultTaskDisplayArea@136512202 flags=0x0}
02-12 22:36:56.679  3447  5434 D Transition:    ChangeInfo{ef9e76e container=ActivityRecord{190534302 u0 com.example.safesphere/.MainActivity t24869} flags=0x0}
02-12 22:36:56.679  3447  5434 D Transition: ]
02-12 22:36:56.679  3447  5434 D Transition: }
02-12 22:36:56.679  3447  5279 D OplusAppSwitchRuleInfo: generateAppEnterInfo - launch_source_type =  , launch_source_traceid = 
02-12 22:36:56.679  3447  5434 D ActivityTaskManager: commitVisibility: ActivityRecord{135872326 u0 com.example.safesphere/.LoginActivity t24869 f}}: visible=false visibleRequested=false, isInTransition=false 
02-12 22:36:56.679  3447  5279 D OplusLatencyOptimizerManager: enter pkg: com.example.safesphere isPrevBlackAppTop: false mIsBlackAppTop: false
02-12 22:36:56.679  3447  5434 D WindowManager: NFW_setClientVisible:ActivityRecord{135872326 u0 com.example.safesphere/.LoginActivity t24869 f}} clientVisible:false
02-12 22:36:56.679  3447  5279 D OplusEapManager: mTargetEnterName :com.example.safesphere
02-12 22:36:56.679  3447  5434 I WindowManager: Window{9de6ea7 u0 com.example.safesphere/com.example.safesphere.LoginActivity} state from HAS_DRAWN to DRAW_PENDING; reason: resetDrawState
02-12 22:36:56.679  3447  5434 D Transition: finishTransition ar ActivityRecord{190534302 u0 com.example.safesphere/.MainActivity t24869}, isVisibleRequested=true, state=RESUMED, visibleAtTransitionEndTokens={ActivityRecord{16521801 u0 com.google.android.permissioncontroller/com.android.permissioncontroller.permission.ui.GrantPermissionsActivity t24869 f}}, ActivityRecord{190534302 u0 com.example.safesphere/.MainActivity t24869}}, this=TransitionRecord{bf3a3af id=18549 track=0 type=OPEN flags=0x0 state=2 c=[
02-12 22:36:56.679  3447  5434 D Transition:    ChangeInfo{af633bc container=Task{834c5d #24869 type=standard A=10705:com.example.safesphere} flags=0x0}
02-12 22:36:56.679  3447  5434 D Transition:    ChangeInfo{effeee9 container=ActivityRecord{16521801 u0 com.google.android.permissioncontroller/com.android.permissioncontroller.permission.ui.GrantPermissionsActivity t24869 f}} flags=0x0}
02-12 22:36:56.679  3447  5434 D Transition:    ChangeInfo{dff7f45 container=Display{#0 state=ON size=1272x2800 ROTATION_0} flags=0x0}
02-12 22:36:56.679  3447  5434 D Transition:    ChangeInfo{1ff3e0f container=ActivityRecord{135872326 u0 com.example.safesphere/.LoginActivity t24869 f}} flags=0x0}
02-12 22:36:56.679  3447  5434 D Transition:    ChangeInfo{2ee669a container=DefaultTaskDisplayArea@136512202 flags=0x0}
02-12 22:36:56.679  3447  5434 D Transition:    ChangeInfo{ef9e76e container=ActivityRecord{190534302 u0 com.example.safesphere/.MainActivity t24869} flags=0x0}
02-12 22:36:56.679  3447  5434 D Transition: ]
02-12 22:36:56.679  3447  5434 D Transition: }
02-12 22:36:56.679  3447  5279 D OplusAppSwitchRuleInfo: generateAppEnterInfo - launch_source_type =  , launch_source_traceid = 
02-12 22:36:56.679  3447  5434 I OplusAppSwitchManagerService:  handleAppVisible , r = ActivityRecord{16521801 u0 com.google.android.permissioncontroller/com.android.permissioncontroller.permission.ui.GrantPermissionsActivity t24869 f}}
02-12 22:36:56.679  3447  5434 I OplusAppSwitchManagerService:  handleAppVisible , r = ActivityRecord{190534302 u0 com.example.safesphere/.MainActivity t24869}
02-12 22:36:56.679  8866  8913 D VRI[LoginActivity]: dispatchAppVisibility visible:false mUpcomingWindowFocus:false
02-12 22:36:56.679  3447  3828 I UserAwareMgr: handleAppChangedToBg, pkgName: com.google.android.permissioncontroller, pid: 5567
02-12 22:36:56.680  3447  5434 D OplusTransitionController: finishTransition, transition: TransitionRecord{bf3a3af id=18549 track=0 type=OPEN flags=0x0 state=4 c=[
02-12 22:36:56.680  3447  5434 D OplusTransitionController:    ChangeInfo{af633bc container=Task{834c5d #24869 type=standard A=10705:com.example.safesphere} flags=0x0}
02-12 22:36:56.680  3447  5434 D OplusTransitionController:    ChangeInfo{effeee9 container=ActivityRecord{16521801 u0 com.google.android.permissioncontroller/com.android.permissioncontroller.permission.ui.GrantPermissionsActivity t24869 f}} flags=0x0}
02-12 22:36:56.680  3447  5434 D OplusTransitionController:    ChangeInfo{dff7f45 container=Display{#0 state=ON size=1272x2800 ROTATION_0} flags=0x0}
02-12 22:36:56.680  3447  5434 D OplusTransitionController:    ChangeInfo{1ff3e0f container=ActivityRecord{135872326 u0 com.example.safesphere/.LoginActivity t24869 f}} flags=0x0}
02-12 22:36:56.680  3447  5434 D OplusTransitionController:    ChangeInfo{2ee669a container=DefaultTaskDisplayArea@136512202 flags=0x0}
02-12 22:36:56.680  3447  5434 D OplusTransitionController:    ChangeInfo{ef9e76e container=ActivityRecord{190534302 u0 com.example.safesphere/.MainActivity t24869} flags=0x0}
02-12 22:36:56.680  3447  5434 D OplusTransitionController: ]
02-12 22:36:56.680  3447  5434 D OplusTransitionController: }
02-12 22:36:56.680  3447  3939 D VRR [OPlusRefreshRateService]: handleFrontAppChange pkgName: com.example.safesphere
02-12 22:36:56.680  8866  8866 D VRI[LoginActivity]: visibilityChanged oldVisibility=true newVisibility=false
02-12 22:36:56.680  3447  5434 D FlexibleTaskTransitionController:  finishTransition pendingRecentToFlexibleTask:null,isRotationTransition:false ,pendingRecentToFlexible:null ,transition:TransitionRecord{bf3a3af id=18549 track=0 type=OPEN flags=0x0 state=4 c=[
02-12 22:36:56.680  3447  5434 D FlexibleTaskTransitionController:    ChangeInfo{af633bc container=Task{834c5d #24869 type=standard A=10705:com.example.safesphere} flags=0x0}
02-12 22:36:56.680  3447  5434 D FlexibleTaskTransitionController:    ChangeInfo{effeee9 container=ActivityRecord{16521801 u0 com.google.android.permissioncontroller/com.android.permissioncontroller.permission.ui.GrantPermissionsActivity t24869 f}} flags=0x0}
02-12 22:36:56.680  3447  5434 D FlexibleTaskTransitionController:    ChangeInfo{dff7f45 container=Display{#0 state=ON size=1272x2800 ROTATION_0} flags=0x0}
02-12 22:36:56.680  3447  5434 D FlexibleTaskTransitionController:    ChangeInfo{1ff3e0f container=ActivityRecord{135872326 u0 com.example.safesphere/.LoginActivity t24869 f}} flags=0x0}
02-12 22:36:56.680  3447  5434 D FlexibleTaskTransitionController:    ChangeInfo{2ee669a container=DefaultTaskDisplayArea@136512202 flags=0x0}
02-12 22:36:56.680  3447  5434 D FlexibleTaskTransitionController:    ChangeInfo{ef9e76e container=ActivityRecord{190534302 u0 com.example.safesphere/.MainActivity t24869} flags=0x0}
02-12 22:36:56.680  3447  5434 D FlexibleTaskTransitionController: ]
02-12 22:36:56.680  3447  5434 D FlexibleTaskTransitionController: }
02-12 22:36:56.680  5225 21162 I Athena  : AthenaDynamicReceiver: pre_app:com.google.android.permissioncontroller, next_app:com.example.safesphere(10705|8866)
02-12 22:36:56.680  3447  5279 D OplusAppSwitchRuleInfo: generateAppEnterInfo - launch_source_type =  , launch_source_traceid = 
02-12 22:36:56.680  4576  4656 D ShellTaskOrganizer: onTransitionFinish, isRecent:false
02-12 22:36:56.680  3447  3828 W UserAwareMgr: event can not be released, id: 5001, count: 2, releasePid: 3447
02-12 22:36:56.680  3447  3828 W UserAwareMgr: event can not be released, id: 5005, count: 4, releasePid: 3447
02-12 22:36:56.680  4576  4656 V WindowManagerShell: Playing animation for (#18550) android.os.BinderProxy@d1b7834@0
02-12 22:36:56.681  4576  4656 V ShellRecents: RecentsTransitionHandler.startAnimation: no controller found
02-12 22:36:56.681  4576  4656 V WindowManagerShell: start OnePuttTransition animation, info = {id=18550 t=CLOSE f=0x0 trk=0 r=[0@Point(0, 0)] c=[{m=CLOSE f=TRANSLUCENT|FILLS_TASK|IS_OCCLUDED leash=Surface(name=ActivityRecord{16521801 u0 com.google.android.permissioncontroller/com.android.permissioncontroller.permission.ui.GrantPermissionsActivity t24869})/@0xf8a365d sb=Rect(0, 0 - 1272, 2800) eb=Rect(0, 0 - 1272, 2800) epz=Point(1272, 2800) d=0 bc=ff1c1f29 component=com.google.android.permissioncontroller/com.android.permissioncontroller.permission.ui.GrantPermissionsActivity opt={t=FROM_STYLE mUserId=0}}] 
02-12 22:36:56.681  4576  4656 V WindowManagerShell: extendInfo=[
02-12 22:36:56.681  4576  4656 V WindowManagerShell:  OplusTransitionExtendedInfo{mTmpFinishT=null, mInOplusCompatMode=false, mIsProcessRunning=false, mHasMismatchBoundsTarget=false, mRecentsController=null, mRemoteTransition=null, mIsTranslucentActivityToHome=false, mAvoidInterceptKeyEventToHome=false, mIsFromHome=false, mParentLeash=null, mBackAnimClosingLeash=null, mIsOplusAnimRes=false, mKeepBgForContinuous=false, mIsBalAllow=false, mTaskNotInRecent=false, mIsPredictiveBackAnim=false, mIsMergedWithPredictive=false, mIsLaunchFromSpruce=false, mIsLaunchFromDrive=false, mGlobalSearchPageSwitch=false, mNeedNoAlphaGlobalSearchScene=false, mAssistScreenShowing=false, mSwipeUpBrowserScreenShowing=false, mUserIdTransition=-1
02-12 22:36:56.681  4576  4656 V WindowManagerShell: , mInRemoteScene=false, mInPreReady=false, mPreStart=false, mToken=null, mAbortByRemoteFromHome=false, mShellApplyToken=null, mRequestTransitionTaskId=-1, mAbortTransitionOnShell=0, mStartFromShortcut=false, mRemovedTaskId=-1, mTransitionInterruptType=0, mMergeSecondTaskId=-1, mTaskIdStartFromRecents=0, mTransitionId=18550, mCanUseSpringSlideAnim=false, mTransitionLaunchFrom=0, mFoldChangeType=-1, mAnimStartingPosition=[0, 0, 0, 0], mIsOpeningStkDialogActivity=false, mIsNeedApplyStartTForEmbedded=false, mMergeSecondTaskAnimation=false, mIsLaunchUnityStart=false, mIsLaunchFromAssistantByDefault=false, mSkipRemoteTransitionfalse, mIsStartFromKeyguard=false flags=0x0, mWCT=null, mIsOpenMergeToInValidPredictive=false}]}
02-12 22:36:56.681  4576  4656 D FlexibleTaskTransitionHandler:  performAnimation transition:android.os.BinderProxy@d1b7834 ,info:{id=18550 t=CLOSE f=0x0 trk=0 r=[0@Point(0, 0)] c=[{m=CLOSE f=TRANSLUCENT|FILLS_TASK|IS_OCCLUDED leash=Surface(name=ActivityRecord{16521801 u0 com.google.android.permissioncontroller/com.android.permissioncontroller.permission.ui.GrantPermissionsActivity t24869})/@0xf8a365d sb=Rect(0, 0 - 1272, 2800) eb=Rect(0, 0 - 1272, 2800) epz=Point(1272, 2800) d=0 bc=ff1c1f29 component=com.google.android.permissioncontroller/com.android.permissioncontroller.permission.ui.GrantPermissionsActivity opt={t=FROM_STYLE mUserId=0}}] 
02-12 22:36:56.681  4576  4656 D FlexibleTaskTransitionHandler: extendInfo=[
02-12 22:36:56.681  4576  4656 D FlexibleTaskTransitionHandler:  OplusTransitionExtendedInfo{mTmpFinishT=null, mInOplusCompatMode=false, mIsProcessRunning=false, mHasMismatchBoundsTarget=false, mRecentsController=null, mRemoteTransition=null, mIsTranslucentActivityToHome=false, mAvoidInterceptKeyEventToHome=false, mIsFromHome=false, mParentLeash=null, mBackAnimClosingLeash=null, mIsOplusAnimRes=false, mKeepBgForContinuous=false, mIsBalAllow=false, mTaskNotInRecent=false, mIsPredictiveBackAnim=false, mIsMergedWithPredictive=false, mIsLaunchFromSpruce=false, mIsLaunchFromDrive=false, mGlobalSearchPageSwitch=false, mNeedNoAlphaGlobalSearchScene=false, mAssistScreenShowing=false, mSwipeUpBrowserScreenShowing=false, mUserIdTransition=-1
02-12 22:36:56.681  4576  4656 D FlexibleTaskTransitionHandler: , mInRemoteScene=false, mInPreReady=false, mPreStart=false, mToken=null, mAbortByRemoteFromHome=false, mShellApplyToken=null, mRequestTransitionTaskId=-1, mAbortTransitionOnShell=0, mStartFromShortcut=false, mRemovedTaskId=-1, mTransitionInterruptType=0, mMergeSecondTaskId=-1, mTaskIdStartFromRecents=0, mTransitionId=18550, mCanUseSpringSlideAnim=false, mTransitionLaunchFrom=0, mFoldChangeType=-1, mAnimStartingPosition=[0, 0, 0, 0], mIsOpeningStkDialogActivity=false, mIsNeedApplyStartTForEmbedded=false, mMergeSecondTaskAnimation=false, mIsLaunchUnityStart=false, mIsLaunchFromAssistantByDefault=false, mSkipRemoteTransitionfalse, mIsStartFromKeyguard=false flags=0x0, mWCT=null, mIsOpenMergeToInValidPredictive=false}]}
02-12 22:36:56.681  4576  4656 D FlexibleTaskTransitionHandler:  no need handler this transitionInfo: {id=18550 t=CLOSE f=0x0 trk=0 r=[0@Point(0, 0)] c=[{m=CLOSE f=TRANSLUCENT|FILLS_TASK|IS_OCCLUDED leash=Surface(name=ActivityRecord{16521801 u0 com.google.android.permissioncontroller/com.android.permissioncontroller.permission.ui.GrantPermissionsActivity t24869})/@0xf8a365d sb=Rect(0, 0 - 1272, 2800) eb=Rect(0, 0 - 1272, 2800) epz=Point(1272, 2800) d=0 bc=ff1c1f29 component=com.google.android.permissioncontroller/com.android.permissioncontroller.permission.ui.GrantPermissionsActivity opt={t=FROM_STYLE mUserId=0}}] 
02-12 22:36:56.681  4576  4656 D FlexibleTaskTransitionHandler: extendInfo=[
02-12 22:36:56.681  4576  4656 D FlexibleTaskTransitionHandler:  OplusTransitionExtendedInfo{mTmpFinishT=null, mInOplusCompatMode=false, mIsProcessRunning=false, mHasMismatchBoundsTarget=false, mRecentsController=null, mRemoteTransition=null, mIsTranslucentActivityToHome=false, mAvoidInterceptKeyEventToHome=false, mIsFromHome=false, mParentLeash=null, mBackAnimClosingLeash=null, mIsOplusAnimRes=false, mKeepBgForContinuous=false, mIsBalAllow=false, mTaskNotInRecent=false, mIsPredictiveBackAnim=false, mIsMergedWithPredictive=false, mIsLaunchFromSpruce=false, mIsLaunchFromDrive=false, mGlobalSearchPageSwitch=false, mNeedNoAlphaGlobalSearchScene=false, mAssistScreenShowing=false, mSwipeUpBrowserScreenShowing=false, mUserIdTransition=-1
02-12 22:36:56.681  4576  4656 D FlexibleTaskTransitionHandler: , mInRemoteScene=false, mInPreReady=false, mPreStart=false, mToken=null, mAbortByRemoteFromHome=false, mShellApplyToken=null, mRequestTransitionTaskId=-1, mAbortTransitionOnShell=0, mStartFromShortcut=false, mRemovedTaskId=-1, mTransitionInterruptType=0, mMergeSecondTaskId=-1, mTaskIdStartFromRecents=0, mTransitionId=18550, mCanUseSpringSlideAnim=false, mTransitionLaunchFrom=0, mFoldChangeType=-1, mAnimStartingPosition=[0, 0, 0, 0], mIsOpeningStkDialogActivity=false, mIsNeedApplyStartTForEmbedded=false, mMergeSecondTaskAnimation=false, mIsLaunchUnityStart=false, mIsLaunchFromAssistantByDefault=false, mSkipRemoteTransitionfalse, mIsStartFromKeyguard=false flags=0x0, mWCT=null, mIsOpenMergeToInValidPredictive=false}]}
02-12 22:36:56.681  4576  4656 V WindowManagerShell: Transition doesn't have explicit remote, search filters for match for {id=18550 t=CLOSE f=0x0 trk=0 r=[0@Point(0, 0)] c=[{m=CLOSE f=TRANSLUCENT|FILLS_TASK|IS_OCCLUDED leash=Surface(name=ActivityRecord{16521801 u0 com.google.android.permissioncontroller/com.android.permissioncontroller.permission.ui.GrantPermissionsActivity t24869})/@0xf8a365d sb=Rect(0, 0 - 1272, 2800) eb=Rect(0, 0 - 1272, 2800) epz=Point(1272, 2800) d=0 bc=ff1c1f29 component=com.google.android.permissioncontroller/com.android.permissioncontroller.permission.ui.GrantPermissionsActivity opt={t=FROM_STYLE mUserId=0}}] 
02-12 22:36:56.681  4576  4656 V WindowManagerShell: extendInfo=[
02-12 22:36:56.681  4576  4656 V WindowManagerShell:  OplusTransitionExtendedInfo{mTmpFinishT=null, mInOplusCompatMode=false, mIsProcessRunning=false, mHasMismatchBoundsTarget=false, mRecentsController=null, mRemoteTransition=null, mIsTranslucentActivityToHome=false, mAvoidInterceptKeyEventToHome=false, mIsFromHome=false, mParentLeash=null, mBackAnimClosingLeash=null, mIsOplusAnimRes=false, mKeepBgForContinuous=false, mIsBalAllow=false, mTaskNotInRecent=false, mIsPredictiveBackAnim=false, mIsMergedWithPredictive=false, mIsLaunchFromSpruce=false, mIsLaunchFromDrive=false, mGlobalSearchPageSwitch=false, mNeedNoAlphaGlobalSearchScene=false, mAssistScreenShowing=false, mSwipeUpBrowserScreenShowing=false, mUserIdTransition=-1
02-12 22:36:56.681  4576  4656 V WindowManagerShell: , mInRemoteScene=false, mInPreReady=false, mPreStart=false, mToken=null, mAbortByRemoteFromHome=false, mShellApplyToken=null, mRequestTransitionTaskId=-1, mAbortTransitionOnShell=0, mStartFromShortcut=false, mRemovedTaskId=-1, mTransitionInterruptType=0, mMergeSecondTaskId=-1, mTaskIdStartFromRecents=0, mTransitionId=18550, mCanUseSpringSlideAnim=false, mTransitionLaunchFrom=0, mFoldChangeType=-1, mAnimStartingPosition=[0, 0, 0, 0], mIsOpeningStkDialogActivity=false, mIsNeedApplyStartTForEmbedded=false, mMergeSecondTaskAnimation=false, mIsLaunchUnityStart=false, mIsLaunchFromAssistantByDefault=false, mSkipRemoteTransitionfalse, mIsStartFromKeyguard=false flags=0x0, mWCT=null, mIsOpenMergeToInValidPredictive=false}]}
02-12 22:36:56.681  4576  4656 V WindowManagerShell:  Checking filter Pair{{types=[] flags=0x0] notFlags=0x100 checks=[{atype=home independent=true modes=[OPEN,TO_FRONT] flags=NONE mustBeTask=false order=TOP topActivity=ComponentInfo{com.android.launcher/com.android.launcher.Launcher} launchCookie=null windowingMode=undefined},{atype=standard independent=true modes=[CLOSE,TO_BACK] flags=NONE mustBeTask=false order=ANY topActivity=null launchCookie=null windowingMode=undefined}]} RemoteTransition { remoteTransition = android.window.IRemoteTransition$Stub$Proxy@85b9961, appThread = android.app.IApplicationThread$Stub$Proxy@9c20c86, debugName = QuickstepLaunchHome }}
02-12 22:36:56.681  4576  4656 V WindowManagerShell:  Delegate animation for (#18550) to null
02-12 22:36:56.681  4576  4656 V WindowManagerShell: start default transition animation, info = {id=18550 t=CLOSE f=0x0 trk=0 r=[0@Point(0, 0)] c=[{m=CLOSE f=TRANSLUCENT|FILLS_TASK|IS_OCCLUDED leash=Surface(name=ActivityRecord{16521801 u0 com.google.android.permissioncontroller/com.android.permissioncontroller.permission.ui.GrantPermissionsActivity t24869})/@0xf8a365d sb=Rect(0, 0 - 1272, 2800) eb=Rect(0, 0 - 1272, 2800) epz=Point(1272, 2800) d=0 bc=ff1c1f29 component=com.google.android.permissioncontroller/com.android.permissioncontroller.permission.ui.GrantPermissionsActivity opt={t=FROM_STYLE mUserId=0}}] 
02-12 22:36:56.681  4576  4656 V WindowManagerShell: extendInfo=[
02-12 22:36:56.681  4576  4656 V WindowManagerShell:  OplusTransitionExtendedInfo{mTmpFinishT=null, mInOplusCompatMode=false, mIsProcessRunning=false, mHasMismatchBoundsTarget=false, mRecentsController=null, mRemoteTransition=null, mIsTranslucentActivityToHome=false, mAvoidInterceptKeyEventToHome=false, mIsFromHome=false, mParentLeash=null, mBackAnimClosingLeash=null, mIsOplusAnimRes=false, mKeepBgForContinuous=false, mIsBalAllow=false, mTaskNotInRecent=false, mIsPredictiveBackAnim=false, mIsMergedWithPredictive=false, mIsLaunchFromSpruce=false, mIsLaunchFromDrive=false, mGlobalSearchPageSwitch=false, mNeedNoAlphaGlobalSearchScene=false, mAssistScreenShowing=false, mSwipeUpBrowserScreenShowing=false, mUserIdTransition=-1
02-12 22:36:56.681  4576  4656 V WindowManagerShell: , mInRemoteScene=false, mInPreReady=false, mPreStart=false, mToken=null, mAbortByRemoteFromHome=false, mShellApplyToken=null, mRequestTransitionTaskId=-1, mAbortTransitionOnShell=0, mStartFromShortcut=false, mRemovedTaskId=-1, mTransitionInterruptType=0, mMergeSecondTaskId=-1, mTaskIdStartFromRecents=0, mTransitionId=18550, mCanUseSpringSlideAnim=false, mTransitionLaunchFrom=0, mFoldChangeType=-1, mAnimStartingPosition=[0, 0, 0, 0], mIsOpeningStkDialogActivity=false, mIsNeedApplyStartTForEmbedded=false, mMergeSecondTaskAnimation=false, mIsLaunchUnityStart=false, mIsLaunchFromAssistantByDefault=false, mSkipRemoteTransitionfalse, mIsStartFromKeyguard=false flags=0x0, mWCT=null, mIsOpenMergeToInValidPredictive=false}]}
02-12 22:36:56.681  4576  4656 D FSS_OplusFoldSwitchStateObserver: cancelAnimationIfNeedWhenFolding: foldChangeType = -1
02-12 22:36:56.682  4576  4656 W OplusShellTransition: don't load oplus anim, hasTranslucentFlag = true, closingPageHasMainWindow = true
02-12 22:36:56.682  4576  4656 V WindowManagerShell: loadAnimation: anim=null animAttr=0x7 type=CLOSE isEntrance=false
02-12 22:36:56.682  4576  4656 D OplusShellTransition: addBackgroundColorOnTask, , isTaskLevelTransition = false, hasBgAlready = false
02-12 22:36:56.682  8866  8866 D HWUI    : RenderProxy::destroy: this=0xb400007cfa1bcb00, mContext=0xb400007cabcd6300
02-12 22:36:56.682  4576  4656 D OplusShellTransition: DefaultTransitionHandler#onAnimFinish=> transition=android.os.BinderProxy@d1b7834, backAnimContinue=false
02-12 22:36:56.682  8866  8899 D HWUI    : SkiaOpenGLPipeline::setSurface: this=0xb400007cfa1b5e40, surface=NULL
02-12 22:36:56.682  4576  4656 V WindowManagerShell: Transition animation finished (aborted=false), notifying core (#18550) android.os.BinderProxy@d1b7834@0
02-12 22:36:56.682  4576  4656 D SplitScreen-->AppLockManager: setStartFromSafeControl mStartFromSafeControl=false
02-12 22:36:56.682  8866  8899 D BufferQueueProducer: [VRI[LoginActivity]#0(BLAST Consumer)0](id:22a200000000,api:1,p:8866,c:8866) disconnect: api 1
02-12 22:36:56.683  4576  4656 D ShellTaskOrganizerExt: adjust change for exiting mini task: -1
02-12 22:36:56.683  3447  5279 D OplusAppSwitchRuleInfo: generateAppEnterInfo - launch_source_type =  , launch_source_traceid = 
02-12 22:36:56.684  8866  8866 D ViewRootImplExtImpl: wrapConfigInfoIntoFlags rotation=0, smallestScreenWidthDp=363, residentWS=false, scenario=0, bounds=Rect(0, 0 - 1272, 2800), relayoutAsync=false, flags=0, newFlags=1468018016, title=com.example.safesphere/com.example.safesphere.LoginActivity
02-12 22:36:56.684  3447  5425 D Transition: finishTransition ar ActivityRecord{16521801 u0 com.google.android.permissioncontroller/com.android.permissioncontroller.permission.ui.GrantPermissionsActivity t24869 f}}, isVisibleRequested=false, state=STOPPING, visibleAtTransitionEndTokens={}, this=TransitionRecord{b373e54 id=18550 track=0 type=CLOSE flags=0x0 state=2 c=[
02-12 22:36:56.684  3447  5425 D Transition:    ChangeInfo{47b51fd container=Task{834c5d #24869 type=standard A=10705:com.example.safesphere} flags=0x0}
02-12 22:36:56.684  3447  5425 D Transition:    ChangeInfo{ff4d4b7 container=ActivityRecord{16521801 u0 com.google.android.permissioncontroller/com.android.permissioncontroller.permission.ui.GrantPermissionsActivity t24869 f}} flags=0x0}
02-12 22:36:56.684  3447  5425 D Transition:    ChangeInfo{22b2ef2 container=Display{#0 state=ON size=1272x2800 ROTATION_0} flags=0x0}
02-12 22:36:56.684  3447  5425 D Transition:    ChangeInfo{5dce943 container=DefaultTaskDisplayArea@136512202 flags=0x0}
02-12 22:36:56.684  3447  5425 D Transition: ]
02-12 22:36:56.684  3447  5425 D Transition: }
02-12 22:36:56.684  4499 15395 V DCSEX-AppSwitchManager: OnAppSwitchObserver: onAppEnter, launchedFrom =  com.example.safesphere, target =  com.example.safesphere, is firstStart =  false, is multiApp =  false, extensionInfo =  Bundle[mParcelledData.dataSize=1096], launch_source_type =  , launch_source_traceid =  
02-12 22:36:56.684  4576  4576 I PluginSeedling--Origin: LiveAlertInteractorImpl-->notifyEntryDataChanged ENTRY_STATUS_BAR, result:, noe: false
02-12 22:36:56.684  3447  5425 D ActivityTaskManager: commitVisibility: ActivityRecord{16521801 u0 com.google.android.permissioncontroller/com.android.permissioncontroller.permission.ui.GrantPermissionsActivity t24869 f}}: visible=false visibleRequested=false, isInTransition=false 
02-12 22:36:56.684 18235 20340 D SceneSDK.1.0.4-SNAPSHOT.18235.DeepThinkerAppSwitchAbility: onAppSwitchEvent: AppSwitchEvent(timeStamp=1770916016677, eventType=2, targetName=com.google.android.permissioncontroller, firstStart=false, multiApp=false, windowMode=0, resumingPackageName=com.example.safesphere, resumingActivityName=com.example.safesphere.MainActivity, isResumingMultiApp=false, isResumingFirstStart=false)
02-12 22:36:56.684  3447  5425 D WindowManager: NFW_setClientVisible:ActivityRecord{16521801 u0 com.google.android.permissioncontroller/com.android.permissioncontroller.permission.ui.GrantPermissionsActivity t24869 f}} clientVisible:false
02-12 22:36:56.684 18235 20340 I AppRecommend_AppRecommendAdapter: receive app recommend from AppSwitchEvent(eventId=2, switchInfo=AppSwitchInfo(targetName=com.google.android.permissioncontroller, firstStart=false, multiApp=false, windowMode=0, resumingPackageName=com.example.safesphere, resumingActivityName=com.example.safesphere.MainActivity, isResumingFirstStart=false, isResumingMultiApp=false))
02-12 22:36:56.684  4576  4576 I PluginSeedling--Origin: LiveAlertInteractorImpl-->notifyEntryDataChanged ENTRY_NOTIFICATION, result:, noe: false
02-12 22:36:56.684  4576  4576 I PluginSeedling--Notification: NotificationRepository-->onDataChanged, []
02-12 22:36:56.684  3447  5425 I WindowManager: Window{f55240 u0 com.google.android.permissioncontroller/com.android.permissioncontroller.permission.ui.GrantPermissionsActivity} state from HAS_DRAWN to DRAW_PENDING; reason: resetDrawState
02-12 22:36:56.684  5567  9142 D VRI[GrantPermissionsActivity]: dispatchAppVisibility visible:false mUpcomingWindowFocus:false
02-12 22:36:56.685  3447  5425 D OplusTransitionController: finishTransition, transition: TransitionRecord{b373e54 id=18550 track=0 type=CLOSE flags=0x0 state=4 c=[
02-12 22:36:56.685  3447  5425 D OplusTransitionController:    ChangeInfo{47b51fd container=Task{834c5d #24869 type=standard A=10705:com.example.safesphere} flags=0x0}
02-12 22:36:56.685  3447  5425 D OplusTransitionController:    ChangeInfo{ff4d4b7 container=ActivityRecord{16521801 u0 com.google.android.permissioncontroller/com.android.permissioncontroller.permission.ui.GrantPermissionsActivity t24869 f}} flags=0x0}
02-12 22:36:56.685  3447  5425 D OplusTransitionController:    ChangeInfo{22b2ef2 container=Display{#0 state=ON size=1272x2800 ROTATION_0} flags=0x0}
02-12 22:36:56.685  3447  5425 D OplusTransitionController:    ChangeInfo{5dce943 container=DefaultTaskDisplayArea@136512202 flags=0x0}
02-12 22:36:56.685  3447  5425 D OplusTransitionController: ]
02-12 22:36:56.685  3447  5425 D OplusTransitionController: }
02-12 22:36:56.685  3447  5425 D FlexibleTaskTransitionController:  finishTransition pendingRecentToFlexibleTask:null,isRotationTransition:false ,pendingRecentToFlexible:null ,transition:TransitionRecord{b373e54 id=18550 track=0 type=CLOSE flags=0x0 state=4 c=[
02-12 22:36:56.685  3447  5425 D FlexibleTaskTransitionController:    ChangeInfo{47b51fd container=Task{834c5d #24869 type=standard A=10705:com.example.safesphere} flags=0x0}
02-12 22:36:56.685  3447  5425 D FlexibleTaskTransitionController:    ChangeInfo{ff4d4b7 container=ActivityRecord{16521801 u0 com.google.android.permissioncontroller/com.android.permissioncontroller.permission.ui.GrantPermissionsActivity t24869 f}} flags=0x0}
02-12 22:36:56.685  3447  5425 D FlexibleTaskTransitionController:    ChangeInfo{22b2ef2 container=Display{#0 state=ON size=1272x2800 ROTATION_0} flags=0x0}
02-12 22:36:56.685  3447  5425 D FlexibleTaskTransitionController:    ChangeInfo{5dce943 container=DefaultTaskDisplayArea@136512202 flags=0x0}
02-12 22:36:56.685  3447  5425 D FlexibleTaskTransitionController: ]
02-12 22:36:56.685  3447  5425 D FlexibleTaskTransitionController: }
02-12 22:36:56.685  4814  6158 V OsAgent : broadcastSystemEvent - 7
02-12 22:36:56.685  3447  5279 D OplusAppSwitchRuleInfo: generateAppEnterInfo - launch_source_type =  , launch_source_traceid = 
02-12 22:36:56.685  3447  5425 D TransitionControllerExtImpl: NFW_send RECOMPUTE_FOCUS in finishTransition
02-12 22:36:56.685  3447  5017 V WindowManager: Relayout Window{9de6ea7 u0 com.example.safesphere/com.example.safesphere.LoginActivity}: viewVisibility=8, oldvis=0, req=1272x2800 , apr = 0, vsysui=
02-12 22:36:56.685  4576  4656 D ShellTaskOrganizer: onTransitionFinish, isRecent:false
02-12 22:36:56.686  3447  5425 D Transition: finishTransaction-onCommitted syncId=18549
02-12 22:36:56.686  4576  4656 V WindowManagerShell: Track 0 became idle
02-12 22:36:56.686  1721  1758 E statsd  : Stats puller failed for tag: 150134 at 834154942816517
02-12 22:36:56.686  4576  4656 V WindowManagerShell:  animated by com.android.wm.shell.transition.DefaultTransitionHandler@b4acbd7
02-12 22:36:56.686  4576  4656 D OplusShellTransition: dispatchTransition, animated mHandler: com.android.wm.shell.transition.DefaultTransitionHandler@b4acbd7
02-12 22:36:56.686  4576  4656 V WindowManagerShell: Track 0 became idle
02-12 22:36:56.686  3447  5279 D OplusAppSwitchRuleInfo: generateAppEnterInfo - launch_source_type =  , launch_source_traceid = 
02-12 22:36:56.687  3447  3939 D VRR [OPlusRefreshRateService]:  setDirectorStates [flag: 1, state: 0, directorStateOff: 0]
02-12 22:36:56.687  3447  5017 D WindowManager: NFW_findFocusedWindowIfNeeded:Window{3d2e2b2 u0 com.example.safesphere/com.example.safesphere.MainActivity} mCurrentFocus:Window{3d2e2b2 u0 com.example.safesphere/com.example.safesphere.MainActivity}
02-12 22:36:56.687  2189  5271 D VRR [RefreshRateDirector]: updateState mState = 1
02-12 22:36:56.687  3447  5425 I BLASTSyncEngine: onCommitted syncId: 18550, timeout: false ran: false
02-12 22:36:56.687  9158 12791 I Quality-ScreenOnOffLogProcessor: withInScreenOnOffRange mIsScreenOn:true refTime:1770916016650 mRecentScreenOnTime:1770915745025 mRecentScreenOffTime:1770915744519
02-12 22:36:56.687  9158 12791 I Quality-ScreenOnOffLogProcessor: withInScreenOnOffRange mIsScreenOn:true refTime:1770916016413 mRecentScreenOnTime:1770915745025 mRecentScreenOffTime:1770915744519
02-12 22:36:56.687  3447  5425 D Transition: finishTransaction-onCommitted syncId=18550
02-12 22:36:56.687  2189  2900 D SurfaceFlinger: updateWinowInfo=1, setFocusedWindow timestamp=461208887613175, windowName=3d2e2b2 com.example.safesphere/com.example.safesphere.MainActivity
02-12 22:36:56.688  3447  5401 I InputDispatcher: NFW_setFocusedWindow, 3d2e2b2 com.example.safesphere/com.example.safesphere.MainActivity on display 0, same as the previous:0
02-12 22:36:56.688  8866  8866 D VRI[LoginActivity]: relayoutWindow result, sizeChanged:false, surfaceControlChanged:true, transformHintChanged:false, mSurfaceSize:Point(1272, 2800), mLastSurfaceSize:Point(1272, 2800), mWidth:1272, mHeight:2800, requestedWidth:1272, requestedHeight:2800, transformHint:0, installOrientation:0, displayRotation:0, isSurfaceValid:false, attr.flag:-2122252032, tmpFrames:ClientWindowFrames{frame=[0,0][1272,2800] display=[0,0][1272,2800] parentFrame=[0,0][0,0]}, relayoutAsync:false, mSyncSeqId:0
02-12 22:36:56.688  3447  5401 I InputDispatcher: updateFocusedWindow, 3d2e2b2 com.example.safesphere/com.example.safesphere.MainActivity on display 0, reason: setFocusedWindow, result:   FocusedWindows:
02-12 22:36:56.688  3447  5401 I InputDispatcher:     displayId=0, name='3d2e2b2 com.example.safesphere/com.example.safesphere.MainActivity'
02-12 22:36:56.688  8866  8866 D BLASTBufferQueue: [VRI[LoginActivity]#0](f:0,a:1) destructor()
02-12 22:36:56.688  8866  8866 D BufferQueueConsumer: [VRI[LoginActivity]#0(BLAST Consumer)0](id:22a200000000,api:0,p:-1,c:8866) disconnect
02-12 22:36:56.689  8866  8866 D VRI[MainActivity]: onFocusEvent true
02-12 22:36:56.690 18235 20340 D SceneSDK.1.0.4-SNAPSHOT.18235.DeepThinkerAppSwitchAbility: onAppSwitchEvent: AppSwitchEvent(timeStamp=1770916016686, eventType=1, targetName=com.example.safesphere, firstStart=false, multiApp=false, windowMode=1, resumingPackageName=, resumingActivityName=, isResumingMultiApp=false, isResumingFirstStart=false)
02-12 22:36:56.690 18235 20340 I AppRecommend_AppRecommendAdapter: receive app recommend from AppSwitchEvent(eventId=1, switchInfo=AppSwitchInfo(targetName=com.example.safesphere, firstStart=false, multiApp=false, windowMode=1, resumingPackageName=, resumingActivityName=, isResumingFirstStart=false, isResumingMultiApp=false))
02-12 22:36:56.690 18235 20340 D AppRecommend_AppRecommendAdapter: notify app active com.example.safesphere and info [AppInfo[pkg=com.example.safesphere, appType=0,iconSource=system, recallType=app_active_event, deepLink=0,utrackClickUrl=0, utrackExposeUrl=0,icon=0, apiSource=null, typeCode=null, mode=0, advFinalScore=null,  routePage=0,title=null, subTitle=null, adSize=null,probability=0]]
02-12 22:36:56.690  3447  5279 D OplusAppSwitchRuleInfo: generateAppEnterInfo - launch_source_type =  , launch_source_traceid = 
02-12 22:36:56.691  8866  8866 D VRI[LoginActivity]: setWindowStopped stopped:true
02-12 22:36:56.691  3447  3716 D ActivityManager: Async freezing 5567 com.google.android.permissioncontroller
02-12 22:36:56.691  8866  8866 I AutofillManager: onInvisibleForAutofill(): expiringResponse
02-12 22:36:56.691  6162  8210 D OplusAtlas.OplusAudioScene: callback success event:atlas_event_on_foreground_activities_changed eventInfo:pid:5567,uid:10320,hasForegroundActivities:0
02-12 22:36:56.692  8866  8866 D OplusScrollToTopManager: com.example.safesphere/com.example.safesphere.LoginActivity,window dying
02-12 22:36:56.692  8866  8866 D OplusScrollToTopManager: com.example.safesphere/com.example.safesphere.LoginActivity,unregisterSystemUIBroadcastReceiver 
02-12 22:36:56.692  8866  8866 D OplusScrollToTopManager: com.example.safesphere/com.example.safesphere.LoginActivity, unregisterSystemUIBroadcastReceiver failed java.lang.IllegalArgumentException: Receiver not registered: android.view.OplusScrollToTopManager$2@db47e41
02-12 22:36:56.692  8866  8866 W WindowOnBackDispatcher: sendCancelIfRunning: isInProgress=false callback=android.view.ViewRootImpl$$ExternalSyntheticLambda13@1a22b55
02-12 22:36:56.692  3447  5279 D OplusAppSwitchRuleInfo: generateAppEnterInfo - launch_source_type =  , launch_source_traceid = 
02-12 22:36:56.692  8866  8866 D OplusCursorFeedback: editorDetachFromWindow android.widget.Editor@b97bfe6
02-12 22:36:56.692  3447  5425 D CoreBackPreview: Window{9de6ea7 u0 com.example.safesphere/com.example.safesphere.LoginActivity}: Setting back callback null
02-12 22:36:56.693  8866  8866 D HWUI    : RenderProxy::destroy: this=0xb400007cfa1bcb00, mContext=0xb400007cabcd6300
02-12 22:36:56.693  3447  3716 D WindowManager: NFW_findFocusedWindowIfNeeded:Window{3d2e2b2 u0 com.example.safesphere/com.example.safesphere.MainActivity} mCurrentFocus:Window{3d2e2b2 u0 com.example.safesphere/com.example.safesphere.MainActivity}
02-12 22:36:56.693  8866  8899 D HWUI    : SkiaOpenGLPipeline::setSurface: this=0xb400007cfa1b5e40, surface=NULL
02-12 22:36:56.693  3447  6014 I OStatsManager_Calc: add screen power pkgName = com.google.android.permissioncontroller, uid = 10320, power = 38.907999999821186, is Fg = true, fore size = 2, mScale = 1.0
02-12 22:36:56.693  8866  8866 D ViewRootImpl: Skipping stats log for color mode
02-12 22:36:56.693  3447  6014 I OStatsManager_Calc: add screen power pkgName = com.example.safesphere, uid = 10705, power = 38.907999999821186, is Fg = true, fore size = 2, mScale = 1.0
02-12 22:36:56.693  3447  6014 I OStatsManager_Calc: noteBeforePkgSwitch change = false, curTime = 834154969, com.google.android.permissioncontroller, fg = true
02-12 22:36:56.693  3447  5425 I WindowManager: Window{9de6ea7 u0 com.example.safesphere/com.example.safesphere.LoginActivity} state from DRAW_PENDING to NO_SURFACE; reason: destroySurface
02-12 22:36:56.694  3447  6014 I OStatsManager_OplusBatteryStatsManager: updateStateTime: PkgName = com.google.android.permissioncontroller, uid = 10320, state to bg, mForegroundCnt = 0, isFg = false
02-12 22:36:56.694  3447  6014 I OStatsManager_OplusBatteryStatsManager: notePkgBackground [com.example.safesphere10705], uid = 10320, pid = 5567, pkgName = com.google.android.permissioncontroller
02-12 22:36:56.694  5567  5567 D VRI[GrantPermissionsActivity]: visibilityChanged oldVisibility=true newVisibility=false
02-12 22:36:56.694  3447  5279 D OplusAppSwitchRuleInfo: generateActivityEnterInfo - launch_source_type =  , launch_source_traceid = 
02-12 22:36:56.695  2129  4579 D AudioBoost: audioSchedBoost, pid=2129, tid=4579, enable=1, ret=0
02-12 22:36:56.695  3447  5425 D WindowManager: NFW_findFocusedWindowIfNeeded:Window{3d2e2b2 u0 com.example.safesphere/com.example.safesphere.MainActivity} mCurrentFocus:Window{3d2e2b2 u0 com.example.safesphere/com.example.safesphere.MainActivity}
02-12 22:36:56.695  2129  4579 D AudioFlingerExtImpl: AudioFlingerExtImpl oplusSetParameters: keyvalue onForegroundActivitiesChanged=com.google.android.permissioncontroller:foreground:0|10320:5567
02-12 22:36:56.695  2129  4579 D AudioFlingerExtImpl: updateForegroundInfo, mapInf mForegroundMap(1)|[com.example.safesphere]=1, uidPidMapInf mForegroundUidPidMap(1)|[10705]=8866
02-12 22:36:56.695  2129  4579 D AudioBoost: audioSchedBoost, pid=2129, tid=4579, enable=0, ret=0
02-12 22:36:56.695  8866  8866 E ImeBackDispatcher: Ime callback not found. Ignoring unregisterReceivedCallback. callbackId: 88287334
02-12 22:36:56.696  3447  3828 W UserAwareMgr: event can not be released, id: 5005, count: 3, releasePid: 3447
02-12 22:36:56.697  3447  5425 D ActivityTaskManager: removeAppToken: ActivityRecord{135872326 u0 com.example.safesphere/.LoginActivity t24869 f}} delayed=false parent=Task{834c5d #24869 type=standard A=10705:com.example.safesphere} animating=false Callers=com.android.server.wm.DisplayContent.removeAppToken:1755 com.android.server.wm.ActivityRecord.removeFromHistory:4972 com.android.server.wm.ActivityRecord.destroyed:5062 com.android.server.wm.ActivityClientController.activityDestroyed:339 
02-12 22:36:56.698  3447  5425 D OplusDexSceneManager:  High temp 384 with highTemperatureThreshold 380 pkg:com.example.safesphere reason: extra-second-dex
02-12 22:36:56.698  8866  8866 I SurfaceControl:  setExtendedRangeBrightness sc=Surface(name=com.example.safesphere/com.example.safesphere.MainActivity)/@0x97b425f,currentBufferRatio=1.0,desiredRatio=1.0
02-12 22:36:56.699  3447  4266 D InputMethodManagerService: isSecurity: attribute.packageName = com.example.safesphere mCurMethodId = com.google.android.inputmethod.latin/com.android.inputmethod.latin.LatinIME isSecurity = false ( enable = true needShow = false inBlackList = false isExist = true )
02-12 22:36:56.699  3447  4266 I ImeTracker: com.example.safesphere:4ce4ada0: onRequestHide at ORIGIN_SERVER reason HIDE_UNSPECIFIED_WINDOW fromUser false
02-12 22:36:56.702  5420  5420 I GoogleInputMethodService: GoogleInputMethodService.onFinishInput():2113 
02-12 22:36:56.702  8866  8866 D InsetsController: hide(ime(), fromIme=false)
02-12 22:36:56.702  8866  8866 I ImeTracker: com.example.safesphere:4ce4ada0: onCancelled at PHASE_CLIENT_ALREADY_HIDDEN
02-12 22:36:56.702  5567  5567 D VRI[GrantPermissionsActivity]: setWindowStopped stopped:true
02-12 22:36:56.703  5420  5420 I Module  : DeviceLockedStatusModuleProvider$Module.updateDeviceLockedStatus():103 repeatCheckTimes = 0, locked = false
02-12 22:36:56.703  3447  5425 I ImeTracker: system_server:8bd50458: onRequestHide at ORIGIN_SERVER reason IME_REQUESTED_CHANGED_LISTENER fromUser false
02-12 22:36:56.703  3447  4266 I ImeTracker: system_server:8bd50458: onCancelled at PHASE_SERVER_SHOULD_HIDE
02-12 22:36:56.703  5420  5420 I GoogleInputMethodService: GoogleInputMethodService.onStartInput():1384 onStartInput(EditorInfo{EditorInfo{packageName=com.example.safesphere, inputType=0, inputTypeString=NULL, enableLearning=false, autoCorrection=false, autoComplete=false, imeOptions=0, privateImeOptions=null, actionName=UNSPECIFIED, actionLabel=null, initialSelStart=-1, initialSelEnd=-1, initialCapsMode=0, label=null, fieldId=0, fieldName=null, extras=Bundle[{com.oplus.im.WINDOW_MODE=1, com.oplus.im.SCENES=0}], hintText=null, hintLocales=[]}}, false)
02-12 22:36:56.704  3447  3447 W PresentationStatsEventLogger: Shouldn't be logging AutofillPresentationEventReported again for same event
02-12 22:36:56.704  1721  1758 W statsd  : StatsPullerManager: Unknown tagId 150146
02-12 22:36:56.704  1721  1758 E statsd  : Gauge Stats puller failed for tag: 150146 at 834154970603340
02-12 22:36:56.704  1721  1758 I statsd  : An anomaly (119840000001) (100198)0x10000->com.example.safesphere[S] (100198)0x20000->10705[I]  has occurred! Informing subscribers.
02-12 22:36:56.704  5420  5420 I Module  : DeviceLockedStatusModuleProvider$Module.updateDeviceLockedStatus():103 repeatCheckTimes = 1, locked = false
02-12 22:36:56.705  6058 12775 D midasd  : PowerFactors is null 
02-12 22:36:56.705  9158  9360 I OplusObrain: OplusObrainClientInvoke.nativeGetTelephonyInfo
02-12 22:36:56.705  1963  1963 I CameraMidasService: getExplorerInfo The size of ExplorerInfo is 240 ,The size of ExplorerInfo is 0, The memory size of ExplorerInfo is 0
02-12 22:36:56.705  5567  5567 I ImeTracker: com.google.android.permissioncontroller:e3e41a67: onRequestHide at ORIGIN_CLIENT reason HIDE_WINDOW_LOST_FOCUS fromUser false
02-12 22:36:56.705  5567  5567 D InsetsController: hide(ime(), fromIme=false)
02-12 22:36:56.706  5567  5567 I ImeTracker: com.google.android.permissioncontroller:e3e41a67: onCancelled at PHASE_CLIENT_ALREADY_HIDDEN
02-12 22:36:56.706  5567  5567 D OplusScrollToTopManager: com.google.android.permissioncontroller/com.android.permissioncontroller.permission.ui.GrantPermissionsActivity,window dying
02-12 22:36:56.706  5567  5567 D OplusScrollToTopManager: com.google.android.permissioncontroller/com.android.permissioncontroller.permission.ui.GrantPermissionsActivity,unregisterSystemUIBroadcastReceiver 
02-12 22:36:56.706  6058 12779 I midasd  : app forground called:com.example.safesphere
02-12 22:36:56.706  6058 12775 D midasd  : getExplorerInfo is null 
02-12 22:36:56.706  5567  5567 D OplusScrollToTopManager: com.google.android.permissioncontroller/com.android.permissioncontroller.permission.ui.GrantPermissionsActivity, unregisterSystemUIBroadcastReceiver failed java.lang.IllegalArgumentException: Receiver not registered: android.view.OplusScrollToTopManager$2@40f8106
02-12 22:36:56.706  5567  5567 W WindowOnBackDispatcher: sendCancelIfRunning: isInProgress=false callback=android.view.ViewRootImpl$$ExternalSyntheticLambda13@81eed10
02-12 22:36:56.706  3447  5425 D CoreBackPreview: Window{f55240 u0 com.google.android.permissioncontroller/com.android.permissioncontroller.permission.ui.GrantPermissionsActivity}: Setting back callback null
02-12 22:36:56.707  9158  9360 I OplusObrain: OplusObrainClientInvoke.getAllTopAppInfos
02-12 22:36:56.707  3447  5401 D FlexibleTaskController: check task which not have enough child, isInSingleWhiteList:false isCloneTask:false
02-12 22:36:56.707  3447  5425 W PackageConfigPersister: App-specific configuration not found for packageName: com.example.safesphere and userId: 0
02-12 22:36:56.708  9158  9360 I OplusObrain: OplusObrainClientInvoke.nativeGetTrafficTypeInfoForNetworkType networkType 1
02-12 22:36:56.708  5567  5567 D HWUI    : RenderProxy::destroy: this=0xb400007d3d460f00, mContext=0xb400007d3d4fe1c0
02-12 22:36:56.708  5567  9145 D HWUI    : SkiaOpenGLPipeline::setSurface: this=0xb400007cfa1cbc00, surface=NULL
02-12 22:36:56.708  9158  9360 I OplusObrain: OplusObrainClientInvoke.nativeGetTrafficTypeInfoForNetworkType networkType 0
02-12 22:36:56.708  5567  9145 D BufferQueueProducer: [VRI[GrantPermissionsActivity]#0(BLAST Consumer)0](id:15bf00000000,api:1,p:5567,c:5567) disconnect: api 1
