02-12 22:36:50.310  5420  5420 I BaseKeyboardSizeHelper: BaseKeyboardSizeHelper.calculateMaxKeyboardBodyHeight():73 leave 340 height for app when ime window height:2505, header height:154 and isFullscreenMode:false, so the max keyboard body height is:2011
02-12 22:36:50.310  5420  5420 I BaseKeyboardSizeHelper: BaseKeyboardSizeHelper.calculateMaxKeyboardBodyHeight():73 leave 340 height for app when ime window height:2505, header height:154 and isFullscreenMode:false, so the max keyboard body height is:2011
02-12 22:36:50.310  5420  5420 I BaseKeyboardSizeHelper: BaseKeyboardSizeHelper.calculateMaxKeyboardBodyHeight():73 leave 340 height for app when ime window height:2505, header height:154 and isFullscreenMode:false, so the max keyboard body height is:2011
02-12 22:36:50.310  5420  5420 I KeyboardModeUtils: KeyboardModeUtils.getKeyboardBottomOffset():435 inch: 0.000000 ydpi: 450.126007 adjustKeyboardBottomByDisplaySize: false currentDensityDpi: 560 defaultDensityDpi: 560 keyboardBottomToScreenPx: 0 keyboardBottomToNavBarPx: -154 navBarHeight: 154
02-12 22:36:50.310  5420  5420 I BaseKeyboardSizeHelper: BaseKeyboardSizeHelper.calculateMaxKeyboardBodyHeight():73 leave 340 height for app when ime window height:2505, header height:154 and isFullscreenMode:false, so the max keyboard body height is:2011
02-12 22:36:50.310  5420  5420 I BaseKeyboardSizeHelper: BaseKeyboardSizeHelper.calculateMaxKeyboardBodyHeight():73 leave 340 height for app when ime window height:2505, header height:154 and isFullscreenMode:false, so the max keyboard body height is:2011
02-12 22:36:50.310  5420  5420 I BaseKeyboardSizeHelper: BaseKeyboardSizeHelper.calculateMaxKeyboardBodyHeight():73 leave 340 height for app when ime window height:2505, header height:154 and isFullscreenMode:false, so the max keyboard body height is:2011
02-12 22:36:50.310  5420  5420 I BaseKeyboardSizeHelper: BaseKeyboardSizeHelper.calculateMaxKeyboardBodyHeight():73 leave 340 height for app when ime window height:2505, header height:154 and isFullscreenMode:false, so the max keyboard body height is:2011
02-12 22:36:50.311  3447  5401 W ProcessStats: Tracking association SourceState{299c445 com.google.android.gms.persistent/10125 Fgs #1932965} whose proc state 3 is better than process ProcessState{947b4a com.google.android.gms/10125 pkg=com.google.android.gms} proc state 14 (48 skipped)
02-12 22:36:50.312  1858 24809 I sensors-hal: handle_oplus_wise_rgb_event:189, high_pwm_light:lux 75.0,cct 6057.8,brl/algo/ir 942.0/2.0/48.2,pwm/dc 0.0/0.0,rgbc 5202.272949/3436.962402/2359.952393/9957.672852,ts 834148462704926,cnt 28096,flag 80361
02-12 22:36:50.312  5420  5420 I GlobeKeyExtension: GlobeKeyExtension.getKeyboardInitialStates():175 
02-12 22:36:50.314  5420  5420 W Keyboard: Keyboard.getKeyboardViewHelper():604 null helper is returned: keyboardDef=nlc{processedConditions={language=en-GB, deprecate_long_press_space_for_ime_picker=false, show_suggestion_strip=true, device=phone, expressions=normal, layout_9key_split=false}, globalConditions={global_theme_key=theme,!gsf,!pgsans,!pgsf,!use_system_font,BORDER,FLAVOR_DPI=XXXHDPI,KEYBOARD_WIDTH_CATEGORY=NORMAL,KEY_BORDER_SHAPE=1,LIGHT_THEME=false,PHYSICAL_DIAGONAL=5.263547,POPUP,SCREEN_SHORTEST_WIDTH=363,SCREEN_SHORTEST_WIDTH_NO_SCALE=363,XXXHDPI,bottom4dp,enable_popup_on_keypress=true,keyboard_redesign_google_sans=true,non_linear_scale,noshadow,overlay_builtin_dynamic_color_dark_base.binarypb:gm3-dark-ff0f131c-ffaec6ff-52946fe90fbc83349ef01af751f4f0ca,silkpopup, global_locale=en_GB, global_density_dpi=560, global_orientation=1}, className=.latin.keyboard.LatinDialKeyboard, resourceIds=[#0x7f170883], initialStates=0, keyboardViewDefs=[nlq{direction=LOCALE, id=#0x7f0b0225, isScalable=false, layoutId=#0x7f0e0516, type=HEADER, touchable=true, defaultShow=true}, nlq{direction=null, id=#0x7f0b0225, isScalable=true, layoutId=#0x7f0e056e, type=BODY, touchable=true, defaultShow=true}], persistentStates=0, persistentStatesPrefKey=null, popupBubbleLayoutId=#0x7f0e0604, recentKeyLayoutId=#0x0, recentKeyPopupLayoutId=#0x0, recentKeyType=null, rememberRecentKey=NONE, sessionStates=0}, type=FLOATING_CANDIDATES, helpersCreated={HEADER=mwp@5bb4f6c, BODY=mwp@c7be935}, context.getResources().getConfiguration(): {0.9 ??mcc??mnc [en_GB] ldltr sw363dp w363dp h800dp 560dpi nrml long hdr widecg port night finger -keyb/v/h -nav/h winConfig={ mBounds=Rect(0, 0 - 1272, 2800) mAppBounds=Rect(0, 141 - 1272, 2744) mMaxBounds=Rect(0, 0 - 1272, 2800) mDisplayRotation=ROTATION_0 mWindowingMode=fullscreen mActivityType=undefined mAlwaysOnTop=undefined mRotation=ROTATION_0} s.8990 fontWeightAdjustment=0mThemeChanged= 0, mThemeChangedFlags= 0, mFlipFont= 0, mScenario= 0, mAccessibleChanged= -1, mUxIconConfig= 4b177015e03121, mMaterialColor= 0, mUserId= 0, mFontUserId= 0, mFontVariationSettings= 31f4, mFoldingAngle = -1.0, mIconPackName= , mDarkModeBackgroundMaxL= 8.0, mDarkModeDialogBgMaxL= 27.0, mDarkModeForegroundMinL= 100.0, mOplusConfigType= 1, mOplusChangedConfigs= 0, OpSans= -1, mBurmeseFontFlag= 2, mFlag= 0, mExtraFlag= 0, mFlexibleActivitySuitable= -1, mPuttDisplayFlag= -1}
02-12 22:36:50.314  5420  5420 W Keyboard: Keyboard.getKeyboardViewHelper():604 null helper is returned: keyboardDef=nlc{processedConditions={language=en-GB, deprecate_long_press_space_for_ime_picker=false, show_suggestion_strip=true, device=phone, expressions=normal, layout_9key_split=false}, globalConditions={global_theme_key=theme,!gsf,!pgsans,!pgsf,!use_system_font,BORDER,FLAVOR_DPI=XXXHDPI,KEYBOARD_WIDTH_CATEGORY=NORMAL,KEY_BORDER_SHAPE=1,LIGHT_THEME=false,PHYSICAL_DIAGONAL=5.263547,POPUP,SCREEN_SHORTEST_WIDTH=363,SCREEN_SHORTEST_WIDTH_NO_SCALE=363,XXXHDPI,bottom4dp,enable_popup_on_keypress=true,keyboard_redesign_google_sans=true,non_linear_scale,noshadow,overlay_builtin_dynamic_color_dark_base.binarypb:gm3-dark-ff0f131c-ffaec6ff-52946fe90fbc83349ef01af751f4f0ca,silkpopup, global_locale=en_GB, global_density_dpi=560, global_orientation=1}, className=.latin.keyboard.LatinDialKeyboard, resourceIds=[#0x7f170883], initialStates=0, keyboardViewDefs=[nlq{direction=LOCALE, id=#0x7f0b0225, isScalable=false, layoutId=#0x7f0e0516, type=HEADER, touchable=true, defaultShow=true}, nlq{direction=null, id=#0x7f0b0225, isScalable=true, layoutId=#0x7f0e056e, type=BODY, touchable=true, defaultShow=true}], persistentStates=0, persistentStatesPrefKey=null, popupBubbleLayoutId=#0x7f0e0604, recentKeyLayoutId=#0x0, recentKeyPopupLayoutId=#0x0, recentKeyType=null, rememberRecentKey=NONE, sessionStates=0}, type=WIDGET, helpersCreated={HEADER=mwp@5bb4f6c, BODY=mwp@c7be935}, context.getResources().getConfiguration(): {0.9 ??mcc??mnc [en_GB] ldltr sw363dp w363dp h800dp 560dpi nrml long hdr widecg port night finger -keyb/v/h -nav/h winConfig={ mBounds=Rect(0, 0 - 1272, 2800) mAppBounds=Rect(0, 141 - 1272, 2744) mMaxBounds=Rect(0, 0 - 1272, 2800) mDisplayRotation=ROTATION_0 mWindowingMode=fullscreen mActivityType=undefined mAlwaysOnTop=undefined mRotation=ROTATION_0} s.8990 fontWeightAdjustment=0mThemeChanged= 0, mThemeChangedFlags= 0, mFlipFont= 0, mScenario= 0, mAccessibleChanged= -1, mUxIconConfig= 4b177015e03121, mMaterialColor= 0, mUserId= 0, mFontUserId= 0, mFontVariationSettings= 31f4, mFoldingAngle = -1.0, mIconPackName= , mDarkModeBackgroundMaxL= 8.0, mDarkModeDialogBgMaxL= 27.0, mDarkModeForegroundMinL= 100.0, mOplusConfigType= 1, mOplusChangedConfigs= 0, OpSans= -1, mBurmeseFontFlag= 2, mFlag= 0, mExtraFlag= 0, mFlexibleActivitySuitable= -1, mPuttDisplayFlag= -1}
02-12 22:36:50.316  5420  5420 I AndroidIME: InputBundleManager.startInput():361 startInput() with nlm[keyboardType=prime, payload=null]
02-12 22:36:50.317  5420  5420 I PkModeUpdater: PkModeUpdater.onActivate():74 onActivate false true
02-12 22:36:50.317  5420  5420 I AccessoryInputModeManager: AccessoryInputModeManager.onModeStarted():324 Accessory input mode started: null
02-12 22:36:50.318  5420  5420 W SupplementaryKeyboardsWrapper: SupplementaryKeyboardsWrapper.deactivateKeyboard():162 keyboard accessory_candidates_consumer is not activated before!
02-12 22:36:50.318  5420  5420 I KeyboardModeUtils: KeyboardModeUtils.getKeyboardBottomOffset():435 inch: 0.000000 ydpi: 450.126007 adjustKeyboardBottomByDisplaySize: false currentDensityDpi: 560 defaultDensityDpi: 560 keyboardBottomToScreenPx: 0 keyboardBottomToNavBarPx: -154 navBarHeight: 154
02-12 22:36:50.319  5420  5420 I BaseKeyboardSizeHelper: BaseKeyboardSizeHelper.calculateMaxKeyboardBodyHeight():73 leave 340 height for app when ime window height:2505, header height:154 and isFullscreenMode:false, so the max keyboard body height is:2011
02-12 22:36:50.319  5420  5420 I BaseKeyboardSizeHelper: BaseKeyboardSizeHelper.calculateMaxKeyboardBodyHeight():73 leave 340 height for app when ime window height:2505, header height:154 and isFullscreenMode:false, so the max keyboard body height is:2011
02-12 22:36:50.319  5420  5420 I BaseKeyboardSizeHelper: BaseKeyboardSizeHelper.calculateMaxKeyboardBodyHeight():73 leave 340 height for app when ime window height:2505, header height:154 and isFullscreenMode:false, so the max keyboard body height is:2011
02-12 22:36:50.319  5420  5420 I BaseKeyboardSizeHelper: BaseKeyboardSizeHelper.calculateMaxKeyboardBodyHeight():73 leave 340 height for app when ime window height:2505, header height:154 and isFullscreenMode:false, so the max keyboard body height is:2011
02-12 22:36:50.319  5420  5420 W ExtensionWrapper: ExtensionWrapper.setExtensionViewVisibility():876 interface nac is not activate
02-12 22:36:50.321  5420  5420 I LanguagePromoExtension: LanguagePromoExtension.checkDisplayPreconditions():171 Not show language promo: exceeds the max display times.
02-12 22:36:50.321  5420  5420 I NewLanguagePromptExtension: NewLanguagePromptExtension.onActivate():189 Not activated NewLanguagePromptExtension: not a normal text input box.
02-12 22:36:50.322  5420  5420 I GlobeKeyExtension: GlobeKeyExtension.onActivate():120 
02-12 22:36:50.323  5420  5420 I HardKeyTracker: HardKeyTracker.unregisterKeySequence():229 Unregister key sequence ohy{labelResId=2132020485, callback=cti@4fb46c0, lastModifier=2, keyCodes=[56], actions=[0]}
02-12 22:36:50.323  5420  5420 I HardKeyTracker: HardKeyTracker.unregisterKeySequence():229 Unregister key sequence ohy{labelResId=2132020485, callback=cti@70bcff9, lastModifier=0, keyCodes=[317], actions=[0]}
02-12 22:36:50.323  5420  5420 I HardKeyTracker: HardKeyTracker.registerKeySequence():178 Register key sequence ohy{labelResId=2132020485, callback=cti@b5ff336, lastModifier=2, keyCodes=[56], actions=[0]}
02-12 22:36:50.323  5420  5420 I HardKeyTracker: HardKeyTracker.registerKeySequence():178 Register key sequence ohy{labelResId=2132020485, callback=cti@5b93237, lastModifier=0, keyCodes=[317], actions=[0]}
02-12 22:36:50.323  5420  5420 W AccessPointsManager: AccessPointsManager.addAccessPoint():1084 The holder controller #0x7f0b246c is not registered
02-12 22:36:50.323  5420  5420 I VoiceInputManagerWrapper: VoiceInputManagerWrapper.cancelShutdown():109 cancelShutdown()
02-12 22:36:50.323  5420  5420 I VoiceInputManagerWrapper: VoiceInputManagerWrapper.syncLanguagePacks():121 syncLanguagePacks()
02-12 22:36:50.325  5420  5420 I VoiceInputManager: VoiceInputManager.onKeyboardActivated():1215 onKeyboardActivated() [UD]
02-12 22:36:50.327  5420  8294 I SpeechFactory: SpeechRecognitionFactory.maybeScheduleAutoPackDownloadForFallback():217 maybeScheduleAutoPackDownloadForFallback()
02-12 22:36:50.327  5420  5420 I Module  : DeviceLockedStatusModuleProvider$Module.updateDeviceLockedStatus():103 repeatCheckTimes = 1, locked = false
02-12 22:36:50.327  5420  8294 I FallbackOnDeviceRecognitionProvider: FallbackOnDeviceRecognitionProvider.maybeScheduleAutoPackDownload():213 maybeScheduleAutoPackDownload() for language tag en-GB
02-12 22:36:50.327  5420  8294 I SpeechPackManager: SpeechPackManager.isPackAvailableToDownload():224 isPackAvailableToDownload() : LanguageTag = en-GB : ManifestUrl = https://dl.google.com/android/voice/gboard/terse/superpacks-manifest-20210519.json
02-12 22:36:50.328  5420  5420 I HardKeyTracker: HardKeyTracker.unregisterKeySequence():229 Unregister key sequence ohy{labelResId=2132020485, callback=cti@1116f95, lastModifier=2, keyCodes=[56], actions=[0]}
02-12 22:36:50.328  5420  5420 I HardKeyTracker: HardKeyTracker.unregisterKeySequence():229 Unregister key sequence ohy{labelResId=2132020485, callback=cti@6aa18aa, lastModifier=0, keyCodes=[317], actions=[0]}
02-12 22:36:50.328  5420  5420 I HardKeyTracker: HardKeyTracker.registerKeySequence():178 Register key sequence ohy{labelResId=2132020485, callback=cti@ef01eb3, lastModifier=2, keyCodes=[56], actions=[0]}
02-12 22:36:50.328  5420  5420 I HardKeyTracker: HardKeyTracker.registerKeySequence():178 Register key sequence ohy{labelResId=2132020485, callback=cti@709cc70, lastModifier=0, keyCodes=[317], actions=[0]}
02-12 22:36:50.328  5420  5420 I HardKeyTracker: HardKeyTracker.unregisterKeySequence():229 Unregister key sequence ohy{labelResId=2132020489, callback=cti@32c550f, lastModifier=2, keyCodes=[48], actions=[0]}
02-12 22:36:50.329  5420  5420 I HardKeyTracker: HardKeyTracker.registerKeySequence():178 Register key sequence ohy{labelResId=2132020489, callback=cti@a165be9, lastModifier=2, keyCodes=[48], actions=[0]}
02-12 22:36:50.331 27931 31259 W OplusExSystemServiceHelper: checkOplusExSystemService intent getComponent is null
02-12 22:36:50.332  5420 32154 I FallbackOnDeviceRecognitionProvider: FallbackOnDeviceRecognitionProvider$1.onSuccess():221 auto download packs.
02-12 22:36:50.332  5420 32154 I SpeechPackManager: SpeechPackManager.syncPacks():343 syncPacks()
02-12 22:36:50.332  5420 32154 I SpeechPackManager: SpeechPackManager.isPackAvailableOnDisk():205 isPackAvailableOnDisk() : LanguageTag = mr-IN
02-12 22:36:50.332  5420 32154 I SpeechPackManager: SpeechPackManager.registerManifest():509 registerManifest() : https://dl.google.com/android/voice/gboard/terse/superpacks-manifest-20210519.json
02-12 22:36:50.332  5420  5420 I HardKeyTracker: HardKeyTracker.unregisterKeySequence():229 Unregister key sequence ohy{labelResId=2132020489, callback=cti@464f99c, lastModifier=2, keyCodes=[48], actions=[0]}
02-12 22:36:50.332  5420  5420 I HardKeyTracker: HardKeyTracker.registerKeySequence():178 Register key sequence ohy{labelResId=2132020489, callback=cti@10d3507, lastModifier=2, keyCodes=[48], actions=[0]}
02-12 22:36:50.332  5420  5420 W AccessPointsManager: AccessPointsManager.addAccessPoint():1084 The holder controller #0x7f0b246c is not registered
02-12 22:36:50.333  5420  5420 I HardKeyTracker: HardKeyTracker.unregisterKeySequence():229 Unregister key sequence ohy{labelResId=2132020490, callback=cti@db3ffa5, lastModifier=2, keyCodes=[32], actions=[0]}
02-12 22:36:50.333  5420  5420 I HardKeyTracker: HardKeyTracker.unregisterKeySequence():229 Unregister key sequence ohy{labelResId=2132020490, callback=cti@c264f7a, lastModifier=0, keyCodes=[319], actions=[0]}
02-12 22:36:50.333  5420  5420 I HardKeyTracker: HardKeyTracker.registerKeySequence():178 Register key sequence ohy{labelResId=2132020490, callback=cti@331e634, lastModifier=2, keyCodes=[32], actions=[0]}
02-12 22:36:50.333  5420  5420 I HardKeyTracker: HardKeyTracker.registerKeySequence():178 Register key sequence ohy{labelResId=2132020490, callback=cti@9b0c5d, lastModifier=0, keyCodes=[319], actions=[0]}
02-12 22:36:50.333  5420 32154 I SpeechPackManager: SpeechPackManager.registerManifest():516 registerManifest() : Reusing hash 1327534105
02-12 22:36:50.333 27931 27931 D BoundBrokerSvc: onBind: Intent { act=com.google.firebase.dynamiclinks.service.START xflg=0x4 pkg=com.google.android.gms mCallingUid=10187 }
02-12 22:36:50.333 27931 27931 D BoundBrokerSvc: Loading bound service for intent: Intent { act=com.google.firebase.dynamiclinks.service.START xflg=0x4 pkg=com.google.android.gms mCallingUid=10187 }
02-12 22:36:50.333  5420  5539 W ModuleManager: ModuleManager.loadModule():578 Module pdt is not available
02-12 22:36:50.335 27931  7989 W OplusExSystemServiceHelper: checkOplusExSystemService intent getComponent is null
02-12 22:36:50.335  5420  5420 I HardKeyTracker: HardKeyTracker.unregisterKeySequence():229 Unregister key sequence ohy{labelResId=2132020490, callback=cti@9737e5d, lastModifier=2, keyCodes=[32], actions=[0]}
02-12 22:36:50.335  5420  5420 I HardKeyTracker: HardKeyTracker.unregisterKeySequence():229 Unregister key sequence ohy{labelResId=2132020490, callback=cti@f9b53d2, lastModifier=0, keyCodes=[319], actions=[0]}
02-12 22:36:50.335  5420  5420 I HardKeyTracker: HardKeyTracker.registerKeySequence():178 Register key sequence ohy{labelResId=2132020490, callback=cti@c011159, lastModifier=2, keyCodes=[32], actions=[0]}
02-12 22:36:50.335  5420  5420 I HardKeyTracker: HardKeyTracker.registerKeySequence():178 Register key sequence ohy{labelResId=2132020490, callback=cti@393b11e, lastModifier=0, keyCodes=[319], actions=[0]}
02-12 22:36:50.336  5420  5420 D WindowOnBackDispatcher:  predictive settings is disabled for com.google.android.inputmethod.latin
02-12 22:36:50.336  5420  5420 D WindowOnBackDispatcher:  predictive settings is disabled for com.google.android.inputmethod.latin
02-12 22:36:50.336  3447  3828 W QosScheduler: getScenario failed! scenarios is null, mask=2048
02-12 22:36:50.336  3447  3828 W QosScheduler: executeSceneQosStrategy get scenario failed! scenario is null
02-12 22:36:50.336 18246  8927 D EFFECT_TOUCH_SERVICE: onInputtungMethodVisibilityChanged: isVisible = true
02-12 22:36:50.336 18246 18270 D EDGE_TOUCH_SERVICE: onInputtungMethodVisibilityChanged: isVisible = true
02-12 22:36:50.336  3447  5434 D CoreBackPreview: Window{9de6ea7 u0 com.example.safesphere/com.example.safesphere.LoginActivity}: Setting back callback OnBackInvokedCallbackInfo{mCallback=android.window.IOnBackInvokedCallback$Stub$Proxy@14f4971, mPriority=0, mIsAnimationCallback=true, mOverrideBehavior=0}
02-12 22:36:50.339 18246 18424 D OplusEffectTouchRUSConfigManager: deviceId = 0
02-12 22:36:50.339 18246 18424 D OplusEffectTouchRUSConfigManager: writeEffectTouchParam command= mod para_effect sensitive_level:17;mod para_effect set_package_type:4
02-12 22:36:50.340  1962  1962 D OplusTouch: WRITE info len = [69] by Binder
02-12 22:36:50.340  5420  5420 D ViewRootImplExtImpl: wrapConfigInfoIntoFlags rotation=0, smallestScreenWidthDp=363, residentWS=false, scenario=0, bounds=Rect(0, 0 - 1272, 2800), relayoutAsync=false, flags=1, newFlags=1468018017, title=InputMethod
02-12 22:36:50.340  1962  1962 D OplusTouch: path = /proc/touchpanel/touch_scene_para,len = 102400
02-12 22:36:50.340  1962  1962 D OplusTouch: binder transfer START:flag[0]node[188]deviceId[0]str[mod para_effect sensitive_level:17;mod para_effect set_package_type:4]info[mod para_effect sensitive_level:17;mod para_effect set_package_type:4]dataLength[102400]
02-12 22:36:50.340  3155  3289 E OplusTouchDaemon: syna_touch_node_handle:Id=0, nodeFlag=188, info=mod para_effect sensitive_level:17;mod para_effect set_package_type:4, wrFlag=0, cbsize=2048, readlen=2048
02-12 22:36:50.340  3155  3289 I touch-algo: [id:0] sensitiveLevel, value:17 
02-12 22:36:50.340  3155  3289 E OplusTouchDaemon: [OplusTouchDaemon][algo_set_param][8729]: algo_set_param: set paramId 4, value: 17, ret=0
02-12 22:36:50.340  3155  3289 I touch-algo: [id:0] appType:4,gameType:4
02-12 22:36:50.340  3155  3289 E OplusTouchDaemon: [OplusTouchDaemon][algo_set_info][8744]: algo_set_info: set paramId 10, buf: , ret=0
02-12 22:36:50.340  3155  3289 E OplusTouchDaemon: syna_touch_node_handle:TOUCH_SCENE_PARA_NODE set to mod para_effect sensitive_level:17, ret = 0
02-12 22:36:50.340  3155  3289 D OplusTouchDaemon: touchBinder:WRITE FINISH
02-12 22:36:50.340  1962  1962 D OplusTouch: WRITE SUCCESS! by Binder, get data len[2]
02-12 22:36:50.340  3447  5401 V WindowManager: Relayout Window{e0b9290 u0 InputMethod}: viewVisibility=0, oldvis=8, req=1272x2659 , apr = 0, vsysui=, x=0, y=0
02-12 22:36:50.341  3447  5401 I WindowManager: Window{e0b9290 u0 InputMethod} state from NO_SURFACE to DRAW_PENDING; reason: resetDrawState
02-12 22:36:50.341  3447  3828 W SmartWindowScene: updateWindowState fail! invalid window type: -1
02-12 22:36:50.341 27931 27931 D BoundBrokerSvc: onBind: Intent { act=com.google.android.gms.wallet.service.BIND xflg=0x4 pkg=com.google.android.gms mCallingUid=10125 }
02-12 22:36:50.341 27931 27931 D BoundBrokerSvc: Loading bound service for intent: Intent { act=com.google.android.gms.wallet.service.BIND xflg=0x4 pkg=com.google.android.gms mCallingUid=10125 }
02-12 22:36:50.342  3447  3828 W SmartWindowScene: updateWindowState fail! invalid window type: -1
02-12 22:36:50.342  5420  5530 I SpeechPackSlicingStrategy: SpeechPackSlicingStrategy.getSlices():52 getSlices() : ForceUpdates = false : LanguageTags = [en-GB]
02-12 22:36:50.342  5420  5530 I SpeechPackSlicingStrategy: SpeechPackSlicingStrategy.getSlices():66 getSlices(): slicing result: {slices=[{gboard-small-speech-packs:en-GB-v201-f20, W:C:*:*, bg}], last batch=true, sync metadata=false}
02-12 22:36:50.342  5420  5530 I SP      : Syncing gboard-small-speech-packs (1327534105) with slices: [{en-GB-v201-f20, W:C:*:*, bg}], metadata: false
02-12 22:36:50.343  4576  4576 I SystemUi--NavBar: NavigationBarGestureExImpl-->oplusAllowSystemGestureIgnoringBarVisibility isOplusFlagAllowBackGestureIgnoreVisibilityState = false isGestureMisTouchPreventionEnable = false
02-12 22:36:50.343  4576  4576 D LauncherProxyService: Notifying sysui state change to launcher service: proxy=com.android.systemui.shared.recents.ILauncherProxy$Stub$Proxy@3e5e005 display=0 flags=allow_gesture|ime_visible|ime_switcher_button_visible|awake|back_dismiss_ime
02-12 22:36:50.343  3447  5401 D WindowManager: NFW_findFocusedWindowIfNeeded:Window{9de6ea7 u0 com.example.safesphere/com.example.safesphere.LoginActivity} mCurrentFocus:Window{9de6ea7 u0 com.example.safesphere/com.example.safesphere.LoginActivity}
02-12 22:36:50.344  4576  4656 D WindowManagerShell: onKeepClearAreasChanged: restricted={}, unrestricted={Rect(0, 2646 - 1272, 2800)}
02-12 22:36:50.345  5420  5420 W VRI[InputMethod]: updateBlastSurfaceIfNeeded, surfaceSize:Point(1272, 2659), lastSurfaceSize:Point(1272, 2659), format:-2, blastBufferQueue:null
02-12 22:36:50.346  3447  5401 I AssistStructure: Flattened final assist data: 1332 bytes, containing 1 windows, 7 views
02-12 22:36:50.346  5420  5420 D BufferQueueConsumer: [](id:152c000003ec,api:0,p:-1,c:5420) connect: controlledByApp=false
02-12 22:36:50.347  5420  5420 D BufferQueueConsumer: [VRI[InputMethod]#1004(BLAST Consumer)1004](id:152c000003ec,api:0,p:-1,c:5420) setMaxAcquiredBufferCount: 2
02-12 22:36:50.349  5420  5619 D HWUI    : createSurface new attribs array
02-12 22:36:50.349  5420  5619 D libEGL  : this is from skia gles
02-12 22:36:50.349  5420  5619 D BufferQueueProducer: [VRI[InputMethod]#1004(BLAST Consumer)1004](id:152c000003ec,api:1,p:5420,c:5420) connect: api=1 producerControlledByApp=true
02-12 22:36:50.351  5420  5420 I SurfaceControl:  setExtendedRangeBrightness sc=Surface(name=InputMethod)/@0xb5d3cb4,currentBufferRatio=1.0,desiredRatio=1.0
02-12 22:36:50.354  8866  8866 W VRI[LoginActivity]: handleResized abandoned!
02-12 22:36:50.355 27931 27931 D BoundBrokerSvc: onBind: Intent { act=com.google.android.gms.chromesync.service.zeroparty.START dat=chimera-action:/... xflg=0x4 cmp=com.google.android.gms/.chimera.GmsApiService mCallingUid=10125 }
02-12 22:36:50.355 27931 27931 D BoundBrokerSvc: Loading bound service for intent: Intent { act=com.google.android.gms.chromesync.service.zeroparty.START dat=chimera-action:/... xflg=0x4 cmp=com.google.android.gms/.chimera.GmsApiService mCallingUid=10125 }
02-12 22:36:50.356  4576  4576 W VRI[StatusBar]: handleResized abandoned!
02-12 22:36:50.356  4576  4576 W VRI[NavigationBar_displayId_0]: handleResized abandoned!
02-12 22:36:50.356  7293  7293 W VRI[OplusOSEdgeFloatBar]: handleResized abandoned!
02-12 22:36:50.358  4576  4656 D WindowManagerShell: onKeepClearAreasChanged: restricted={}, unrestricted={Rect(0, 1753 - 1272, 2800)}
02-12 22:36:50.359 27931 27931 D BoundBrokerSvc: onBind: Intent { act=com.google.android.gms.auth.api.phone.service.SmsRetrieverApiService.START dat=chimera-action:/... xflg=0x4 cmp=com.google.android.gms/.chimera.GmsApiService mCallingUid=10125 }
02-12 22:36:50.359 27931 27931 D BoundBrokerSvc: Loading bound service for intent: Intent { act=com.google.android.gms.auth.api.phone.service.SmsRetrieverApiService.START dat=chimera-action:/... xflg=0x4 cmp=com.google.android.gms/.chimera.GmsApiService mCallingUid=10125 }
02-12 22:36:50.360 29993   721 W aoss    : Failed to retrieve prediction data. [CONTEXT service_id=177 ]
02-12 22:36:50.360 29993   721 W aoss    : java.util.concurrent.ExecutionException: ftok: No data was found for the table autofill-domain-predictions-prod-spanner.
02-12 22:36:50.360 29993   721 W aoss    : 	at gvzi.j(:com.google.android.gms@260235035@26.02.35 (260400-862924022):21)
02-12 22:36:50.360 29993   721 W aoss    : 	at gvzr.v(:com.google.android.gms@260235035@26.02.35 (260400-862924022):107)
02-12 22:36:50.360 29993   721 W aoss    : 	at gvzi.get(:com.google.android.gms@260235035@26.02.35 (260400-862924022):6)
02-12 22:36:50.360 29993   721 W aoss    : 	at aoss.e(:com.google.android.gms@260235035@26.02.35 (260400-862924022):81)
02-12 22:36:50.360 29993   721 W aoss    : 	at aoss.a(:com.google.android.gms@260235035@26.02.35 (260400-862924022):124)
02-12 22:36:50.360 29993   721 W aoss    : 	at aoqc.call(:com.google.android.gms@260235035@26.02.35 (260400-862924022):5)
02-12 22:36:50.360 29993   721 W aoss    : 	at java.util.concurrent.FutureTask.run(FutureTask.java:317)
02-12 22:36:50.360 29993   721 W aoss    : 	at beqw.c(:com.google.android.gms@260235035@26.02.35 (260400-862924022):50)
02-12 22:36:50.360 29993   721 W aoss    : 	at beqw.run(:com.google.android.gms@260235035@26.02.35 (260400-862924022):73)
02-12 22:36:50.360 29993   721 W aoss    : 	at java.util.concurrent.ThreadPoolExecutor.runWorker(ThreadPoolExecutor.java:1154)
02-12 22:36:50.360 29993   721 W aoss    : 	at java.util.concurrent.ThreadPoolExecutor$Worker.run(ThreadPoolExecutor.java:652)
02-12 22:36:50.360 29993   721 W aoss    : 	at bewn.run(:com.google.android.gms@260235035@26.02.35 (260400-862924022):8)
02-12 22:36:50.360 29993   721 W aoss    : 	at java.lang.Thread.run(Thread.java:1563)
02-12 22:36:50.360 29993   721 W aoss    : Caused by: ftok: No data was found for the table autofill-domain-predictions-prod-spanner.
02-12 22:36:50.360 29993   721 W aoss    : 	at ftpb.a(:com.google.android.gms@260235035@26.02.35 (260400-862924022):217)
02-12 22:36:50.360 29993   721 W aoss    : 	at gvzt.d(:com.google.android.gms@260235035@26.02.35 (260400-862924022):3)
02-12 22:36:50.360 29993   721 W aoss    : 	at gvzv.run(:com.google.android.gms@260235035@26.02.35 (260400-862924022):38)
02-12 22:36:50.360 29993   721 W aoss    : 	at gwbh.execute(:com.google.android.gms@260235035@26.02.35 (260400-862924022):1)
02-12 22:36:50.360 29993   721 W aoss    : 	at gvzi.f(:com.google.android.gms@260235035@26.02.35 (260400-862924022):1)
02-12 22:36:50.360 29993   721 W aoss    : 	at gvzi.m(:com.google.android.gms@260235035@26.02.35 (260400-862924022):99)
02-12 22:36:50.360 29993   721 W aoss    : 	at gvzi.t(:com.google.android.gms@260235035@26.02.35 (260400-862924022):26)
02-12 22:36:50.360 29993   721 W aoss    : 	at gvzt.e(:com.google.android.gms@260235035@26.02.35 (260400-862924022):3)
02-12 22:36:50.360 29993   721 W aoss    : 	at gvzv.run(:com.google.android.gms@260235035@26.02.35 (260400-862924022):44)
02-12 22:36:50.360 29993   721 W aoss    : 	at gwbh.execute(:com.google.android.gms@260235035@26.02.35 (260400-862924022):1)
02-12 22:36:50.360 29993   721 W aoss    : 	at gvzi.f(:com.google.android.gms@260235035@26.02.35 (260400-862924022):1)
02-12 22:36:50.360 29993   721 W aoss    : 	at gvzi.m(:com.google.android.gms@260235035@26.02.35 (260400-862924022):99)
02-12 22:36:50.360 29993   721 W aoss    : 	at gvzi.q(:com.google.android.gms@260235035@26.02.35 (260400-862924022):13)
02-12 22:36:50.360 29993   721 W aoss    : 	at gvza.run(:com.google.android.gms@260235035@26.02.35 (260400-862924022):120)
02-12 22:36:50.360 29993   721 W aoss    : 	at gwbh.execute(:com.google.android.gms@260235035@26.02.35 (260400-862924022):1)
02-12 22:36:50.360 29993   721 W aoss    : 	at gvzi.f(:com.google.android.gms@260235035@26.02.35 (260400-862924022):1)
02-12 22:36:50.360 29993   721 W aoss    : 	at gvzi.m(:com.google.android.gms@260235035@26.02.35 (260400-862924022):99)
02-12 22:36:50.360 29993   721 W aoss    : 	at gvzi.q(:com.google.android.gms@260235035@26.02.35 (260400-862924022):13)
02-12 22:36:50.360 29993   721 W aoss    : 	at gvzu.e(:com.google.android.gms@260235035@26.02.35 (260400-862924022):1)
02-12 22:36:50.360 29993   721 W aoss    : 	at gvzv.run(:com.google.android.gms@260235035@26.02.35 (260400-862924022):44)
02-12 22:36:50.360 29993   721 W aoss    : 	at gwbh.execute(:com.google.android.gms@260235035@26.02.35 (260400-862924022):1)
02-12 22:36:50.360 29993   721 W aoss    : 	at gvzi.f(:com.google.android.gms@260235035@26.02.35 (260400-862924022):1)
02-12 22:36:50.360 29993   721 W aoss    : 	at gvzi.m(:com.google.android.gms@260235035@26.02.35 (260400-862924022):99)
02-12 22:36:50.360 29993   721 W aoss    : 	at gvzi.q(:com.google.android.gms@260235035@26.02.35 (260400-862924022):13)
02-12 22:36:50.360 29993   721 W aoss    : 	at gvza.run(:com.google.android.gms@260235035@26.02.35 (260400-862924022):120)
02-12 22:36:50.360 29993   721 W aoss    : 	at gwbh.execute(:com.google.android.gms@260235035@26.02.35 (260400-862924022):1)
02-12 22:36:50.360 29993   721 W aoss    : 	at gvzi.f(:com.google.android.gms@260235035@26.02.35 (260400-862924022):1)
02-12 22:36:50.360 29993   721 W aoss    : 	at gvzi.m(:com.google.android.gms@260235035@26.02.35 (260400-862924022):99)
02-12 22:36:50.360 29993   721 W aoss    : 	at gvzi.q(:com.google.android.gms@260235035@26.02.35 (260400-862924022):13)
02-12 22:36:50.360 29993   721 W aoss    : 	at gvzu.e(:com.google.android.gms@260235035@26.02.35 (260400-862924022):1)
02-12 22:36:50.360 29993   721 W aoss    : 	at gvzv.run(:com.google.android.gms@260235035@26.02.35 (260400-862924022):44)
02-12 22:36:50.360 29993   721 W aoss    : 	at gwbh.execute(:com.google.android.gms@260235035@26.02.35 (260400-862924022):1)
02-12 22:36:50.360 29993   721 W aoss    : 	at gvzi.f(:com.google.android.gms@260235035@26.02.35 (260400-862924022):1)
02-12 22:36:50.360 29993   721 W aoss    : 	at gvzi.m(:com.google.android.gms@260235035@26.02.35 (260400-862924022):99)
02-12 22:36:50.360 29993   721 W aoss    : 	at gvzi.t(:com.google.android.gms@260235035@26.02.35 (260400-862924022):26)
02-12 22:36:50.360 29993   721 W aoss    : 	at gwce.run(:com.google.android.gms@260235035@26.02.35 (260400-862924022):5)
02-12 22:36:50.360 29993   721 W aoss    : 	at gwbh.execute(:com.google.android.gms@260235035@26.02.35 (260400-862924022):1)
02-12 22:36:50.360 29993   721 W aoss    : 	at gvzi.f(:com.google.android.gms@260235035@26.02.35 (260400-862924022):1)
02-12 22:36:50.360 29993   721 W aoss    : 	at gvzi.m(:com.google.android.gms@260235035@26.02.35 (260400-862924022):99)
02-12 22:36:50.360 29993   721 W aoss    : 	at gvzi.t(:com.google.android.gms@260235035@26.02.35 (260400-862924022):26)
02-12 22:36:50.360 29993   721 W aoss    : 	at gvzt.e(:com.google.android.gms@260235035@26.02.35 (260400-862924022):3)
02-12 22:36:50.360 29993   721 W aoss    : 	at gvzv.run(:com.google.android.gms@260235035@26.02.35 (260400-862924022):44)
02-12 22:36:50.360 29993   721 W aoss    : 	at gwdk.run(:com.google.android.gms@260235035@26.02.35 (260400-862924022):64)
02-12 22:36:50.360 29993   721 W aoss    : 	... 6 more
02-12 22:36:50.368 29993 29993 D BoundBrokerSvc: onRebind: Intent { act=com.google.android.gms.auth.aang.events.services.START dat=chimera-action:/... xflg=0x4 cmp=com.google.android.gms/.chimera.PersistentApiService mCallingUid=10125 }
02-12 22:36:50.376  5420  5619 D BLASTBufferQueue: [VRI[InputMethod]#1004](f:0,a:1) acquireNextBufferLocked size=1272x2659 mFrameNumber=1 applyTransaction=true mTimestamp=461202590473385(auto) mPendingTransactions.size=0 graphicBufferId=23278722747817 transform=0
02-12 22:36:50.376  5420  5619 D VRI[InputMethod]: Received frameCommittedCallback lastAttemptedDrawFrameNum=1 didProduceBuffer=true syncBuffer=false
02-12 22:36:50.376  5420  5420 D VRI[InputMethod]: draw finished. seqId=0
02-12 22:36:50.377  3447  5401 I WindowManager: Window{e0b9290 u0 InputMethod} state from DRAW_PENDING to COMMIT_DRAW_PENDING; reason: finishDrawingLocked
02-12 22:36:50.377  5420  5420 I GoogleInputMethodService: GoogleInputMethodService$1.onKeyboardViewShown():331 onKeyboardViewShown: keyboardType=prime, keyboardViewType=HEADER keyboardView=com.google.android.libraries.inputmethod.widgets.SoftKeyboardView{fedd0b4 V.E...... ........ 0,0-1272,154 alpha=1.0 viewInfo = }
02-12 22:36:50.377  5420  5420 I BaseKeyboardSizeHelper: BaseKeyboardSizeHelper.calculateMaxKeyboardBodyHeight():73 leave 340 height for app when ime window height:2505, header height:154 and isFullscreenMode:false, so the max keyboard body height is:2011
02-12 22:36:50.378  3447  3719 I WindowManager: Window{e0b9290 u0 InputMethod} state from COMMIT_DRAW_PENDING to READY_TO_SHOW; reason: commitFinishDrawingLocked
02-12 22:36:50.379  3447  3719 V WindowStateExtImpl: notifyWindowStateChange input show
02-12 22:36:50.379  3447  3719 I WindowManager: Window{e0b9290 u0 InputMethod} state from READY_TO_SHOW to HAS_DRAWN; reason: performShowLocked
02-12 22:36:50.380  5420  5420 I GoogleInputMethodService: GoogleInputMethodService$1.onKeyboardViewShown():331 onKeyboardViewShown: keyboardType=prime, keyboardViewType=BODY keyboardView=com.google.android.libraries.inputmethod.widgets.SoftKeyboardView{50582dc V.E...... ........ 0,0-1272,739 alpha=1.0 viewInfo = }
02-12 22:36:50.380  5420  5420 I BaseKeyboardSizeHelper: BaseKeyboardSizeHelper.calculateMaxKeyboardBodyHeight():73 leave 340 height for app when ime window height:2505, header height:154 and isFullscreenMode:false, so the max keyboard body height is:2011
02-12 22:36:50.380  5420  5420 I GlobeKeyExtension: GlobeKeyExtension$1.onKeyboardViewShown():72 maybeDisableLanguageSwitchKeyPref when the keyboard is shown
02-12 22:36:50.380  5420  5420 I GlobeKeyExtension: GlobeKeyExtension.maybeDisableLanguageSwitchKeyPref():200 maybeDisableLanguageSwitchKeyPref hasGlobeKeyBeenDisabled: true, shouldDisableLanguageSwitchKey: true
02-12 22:36:50.380  5420  5420 I NewLanguagePromptExtension: NewLanguagePromptExtension$1.onKeyboardViewShown():88 Not show new language banner: not prime keyboard, or the extension not activated.
02-12 22:36:50.380  5420  5420 I KeyboardModeUtils: KeyboardModeUtils.getKeyboardBottomOffset():435 inch: 0.000000 ydpi: 450.126007 adjustKeyboardBottomByDisplaySize: false currentDensityDpi: 560 defaultDensityDpi: 560 keyboardBottomToScreenPx: 0 keyboardBottomToNavBarPx: -154 navBarHeight: 154
02-12 22:36:50.380  5420  5420 I BaseKeyboardSizeHelper: BaseKeyboardSizeHelper.calculateMaxKeyboardBodyHeight():73 leave 340 height for app when ime window height:2505, header height:154 and isFullscreenMode:false, so the max keyboard body height is:2011
02-12 22:36:50.380  5420  5420 I BaseKeyboardSizeHelper: BaseKeyboardSizeHelper.calculateMaxKeyboardBodyHeight():73 leave 340 height for app when ime window height:2505, header height:154 and isFullscreenMode:false, so the max keyboard body height is:2011
02-12 22:36:50.382  5420  5420 W VRI[InputMethod]: handleResized, msg:, frameChanged:false, configChanged:false, displayChanged:false, attachedFrameChanged:false, compatScaleChanged:false, pendingDragResizing=false
02-12 22:36:50.383  4576  4656 D ZoomController: forAllRootTaskManagers  managerSize = 0
02-12 22:36:50.383  5420  5420 D OplusSystemUINavigationGesture: packageName: com.google.android.inputmethod.latin, systemGestureExclusionChanged region=SkRegion((0,1612,140,2582)(1132,1612,1272,2582)) list:
02-12 22:36:50.383  5420  5420 D OplusSystemUINavigationGesture: systemGestureExclusionChanged rect=Rect(0, 1612 - 140, 2582)
02-12 22:36:50.383  5420  5420 D OplusSystemUINavigationGesture: systemGestureExclusionChanged rect=Rect(1132, 1612 - 1272, 2582)
02-12 22:36:50.383  5420  5420 I KeyboardModeUtils: KeyboardModeUtils.getKeyboardBottomOffset():435 inch: 0.000000 ydpi: 450.126007 adjustKeyboardBottomByDisplaySize: false currentDensityDpi: 560 defaultDensityDpi: 560 keyboardBottomToScreenPx: 0 keyboardBottomToNavBarPx: -154 navBarHeight: 154
02-12 22:36:50.383  5420  5420 I BaseKeyboardSizeHelper: BaseKeyboardSizeHelper.calculateMaxKeyboardBodyHeight():73 leave 340 height for app when ime window height:2505, header height:154 and isFullscreenMode:false, so the max keyboard body height is:2011
02-12 22:36:50.383  1962  1962 D OplusTouch: path = /proc/touchpanel/kernel_grip_handle,len = 8192
02-12 22:36:50.383  1962  1962 D OplusTouch: binder transfer START:flag[2]node[8]deviceId[0]str[]info[]dataLength[102400]
02-12 22:36:50.383  3155  3289 E OplusTouchDaemon: syna_touch_node_handle:Id=0, nodeFlag=8, info=, wrFlag=2, cbsize=2048, readlen=2048
02-12 22:36:50.383  3155  3289 D OplusTouchDaemon: touchBinder:NODE FINISH
02-12 22:36:50.383  5420  5420 I BaseKeyboardSizeHelper: BaseKeyboardSizeHelper.calculateMaxKeyboardBodyHeight():73 leave 340 height for app when ime window height:2505, header height:154 and isFullscreenMode:false, so the max keyboard body height is:2011
02-12 22:36:50.383  1962  1962 D OplusTouch: SUPPORT SUCCESS by Binder, get data[1] len[1]
02-12 22:36:50.383  3447  3836 D ColorTouchNodeManagerService: isTouchNodeSupport, nodeFlag: 8, dId:0, result:1
02-12 22:36:50.384  5420  5530 I SP      : Sync for gboard-small-speech-packs succeeded in 48 ms: no changes
02-12 22:36:50.384  5420  5530 I SP      : GC for 'gboard-small-speech-packs' (10) with ttl of 0 ms took 0 ms (0/0/0)
02-12 22:36:50.386  1962  1962 D OplusTouch: path = /proc/touchpanel1/kernel_grip_handle,len = 8192
02-12 22:36:50.386  1962  1962 D OplusTouch: binder transfer START:flag[2]node[8]deviceId[1]str[]info[]dataLength[102400]
02-12 22:36:50.386  3155  3289 E OplusTouchDaemon: syna_touch_node_handle:Id=1, nodeFlag=8, info=, wrFlag=2, cbsize=2048, readlen=2048
02-12 22:36:50.386  3155  3289 E OplusTouchDaemon: syna_touch_node_handle: Invalid deviceId
02-12 22:36:50.386  3155  3289 I OplusTouchDaemon: Enter touch_healthinfo_record
02-12 22:36:50.387  5420 32154 I SpeechPackManager: SpeechPackManager$4.onSuccess():495 updatePackSetCacheAsync() : Updated the PackSet cache
02-12 22:36:50.387  3155  3289 E OplusTouchDaemon: 100833 is not over size!!
02-12 22:36:50.387  4576  4656 D TipsController: hideAllTipsView reason:0 caller:com.oplus.flexibletask.tips.TipsController.onImePositionChanged:6 com.oplus.zoom.common.ZoomInsetsController.onImePositionChanged:19 com.oplus.zoom.common.ZoomInsetsController.-$$Nest$monImePositionChanged:1 com.oplus.zoom.common.ZoomInsetsController$PerDisplay.updateImeInsetsState:64 com.oplus.zoom.common.ZoomInsetsController$PerDisplay.insetsChanged:1 com.android.wm.shell.common.DisplayInsetsController$OnInsetsChangedListener.insetsChanged:2 
02-12 22:36:50.387  4576  4656 D FlexibleTaskLingGuangTipsManager: hideLingGuangTips in post main handler=0
02-12 22:36:50.388  3155  3289 E OplusTouchDaemon: update_value_count_list str=invalid_device_id_1, count=1219
02-12 22:36:50.388  3155  3289 D OplusTouchDaemon: touchBinder:NODE FINISH
02-12 22:36:50.388  4576  4576 D FlexibleTaskLingGuangTipsManager: hideLingGuangTipsInMainThread reason:0
02-12 22:36:50.388  4576  4576 D FlexibleTaskLingGuangTipsManager: not need hide mFlexibleTaskScaleTextSurface is null
02-12 22:36:50.388  1962  1962 D OplusTouch: SUPPORT SUCCESS by Binder, get data[-1] len[2]
02-12 22:36:50.388  1962  1962 D OplusTouch: WRITE info len = [29] by Binder
02-12 22:36:50.388  3447  3836 D ColorTouchNodeManagerService: isTouchNodeSupport, nodeFlag: 8, dId:1, result:-1
02-12 22:36:50.389  5420  5619 D VRI[InputMethod]: Received frameCommittedCallback lastAttemptedDrawFrameNum=3 didProduceBuffer=true syncBuffer=false
02-12 22:36:50.389  4576  4576 W VRI[StatusBar]: handleResized abandoned!
02-12 22:36:50.389  4576  4576 W VRI[NavigationBar_displayId_0]: handleResized abandoned!
02-12 22:36:50.389  5420  5420 D VRI[InputMethod]: draw finished. seqId=0
02-12 22:36:50.389  8866  8866 W VRI[LoginActivity]: handleResized abandoned!
02-12 22:36:50.390  5420  5420 W VRI[InputMethod]: handleResized abandoned!
02-12 22:36:50.390  1962  1962 D OplusTouch: path = /proc/touchpanel/kernel_grip_handle,len = 8192
02-12 22:36:50.390  1962  1962 D OplusTouch: binder transfer START:flag[0]node[8]deviceId[0]str[mod para_V2 set_ime_showing:1]info[mod para_V2 set_ime_showing:1]dataLength[102400]
02-12 22:36:50.390  3155  3289 E OplusTouchDaemon: syna_touch_node_handle:Id=0, nodeFlag=8, info=mod para_V2 set_ime_showing:1, wrFlag=0, cbsize=2048, readlen=2048
02-12 22:36:50.390  3155  3289 E OplusTouchDaemon: [prevent][grip_prase_reclining_mode_handle][6178]: grip_prase_reclining_mode_handle: enter.
02-12 22:36:50.390  3155  3289 E OplusTouchDaemon: [prevent][GripConfigWrite][5720]: change set_ime_showing to 1.
02-12 22:36:50.390  3155  3289 E OplusTouchDaemon: syna_touch_node_handle:KERNEL_GRIP_HANDLE_NODE set to mod para_V2 set_ime_showing:1, ret = 0
02-12 22:36:50.390 27931 27964 I SyncManager: (REDACTED) Executing sync(type=%s%s)
02-12 22:36:50.390  3155  3289 D OplusTouchDaemon: touchBinder:WRITE FINISH
02-12 22:36:50.390  1962  1962 D OplusTouch: WRITE SUCCESS! by Binder, get data len[2]
02-12 22:36:50.390  7293  7293 W VRI[OplusOSEdgeFloatBar]: handleResized abandoned!
02-12 22:36:50.391  1962  1962 D OplusTouch: WRITE info len = [3] by Binder
02-12 22:36:50.391  3447  3828 I UserAwareMgr: handleFgAppChanged, pkgName: com.google.android.inputmethod.latin, pid: 5420, isVisible: true, fgAppType: FG2
02-12 22:36:50.392  1962  1962 D OplusTouch: path = /proc/touchpanel/report_rate_white_list,len = 256
02-12 22:36:50.392  1962  1962 D OplusTouch: binder transfer START:flag[0]node[9]deviceId[0]str[180]info[180]dataLength[102400]
02-12 22:36:50.393  3155  3289 E OplusTouchDaemon: syna_touch_node_handle:Id=0, nodeFlag=9, info=180, wrFlag=0, cbsize=2048, readlen=2048
02-12 22:36:50.393  3155  3289 E OplusTouchDaemon: syna_touch_node_handle: extremeGameReportRate false, REPORT_RATE_WHITE_LIST_NODE not support
02-12 22:36:50.393  3155  3289 D OplusTouchDaemon: touchBinder:WRITE FINISH
02-12 22:36:50.393  1962  1962 D OplusTouch: WRITE SUCCESS! by Binder, get data len[2]
02-12 22:36:50.398 27931 27964 I SyncManager: (REDACTED) Executing sync(type=%s) finished in %s
02-12 22:36:50.406 29993 31936 I PasswordSaveInfoFactory: Form is missing passwords. [CONTEXT service_id=177 ]
02-12 22:36:50.410  3447  5275 D OplusWindowManagerServiceEnhance: setInsetAnimationTid: pid 8866 ,tid 9051 ,enable true ,uafEnable true
02-12 22:36:50.412 27931 27964 I SyncManager: (REDACTED) Executing sync(type=%s%s)
02-12 22:36:50.415  8866  9051 W InteractionJankMonitor: Initializing without READ_DEVICE_CONFIG permission. enabled=false, interval=1, missedFrameThreshold=3, frameTimeThreshold=64, package=com.example.safesphere
02-12 22:36:50.416  8866  9051 E DynamicFramerate [DynamicFrameRateManagerImpl]: setFrameRateInternalForWindow: TIMING_DO_WINDOW_ANIMATION request is = FrameRateRequest: {  mUniqueID = 261140522, mVelocity = -1, mPreviousFrameRate = 0, mBindWithSC = true, mSc = Surface(name=Surface(name=e0b9290 InputMethod)/@0xbe5d38e - animation-leash of insets_animation)/@0xf90b02a, mTransaction = android.view.SurfaceControl$Transaction@361a4f6, Type = 20103 } , frameRate 120
02-12 22:36:50.417 27931 27964 I SyncManager: (REDACTED) Executing sync(type=%s) finished in %s
02-12 22:36:50.419  8866  8866 I DynamicFramerate [FRTCConfigManager]: initFrameRateConfig: 
02-12 22:36:50.419  8866  8866 I DynamicFramerate [FRTCConfigManager]: 	levelsFor120hz: [120]
02-12 22:36:50.419  8866  8866 I DynamicFramerate [FRTCConfigManager]: 	thresholdsFor120hz: []
02-12 22:36:50.419  8866  8866 I DynamicFramerate [FRTCConfigManager]: 	levelsFor90hz: [90]
02-12 22:36:50.419  8866  8866 I DynamicFramerate [FRTCConfigManager]: 	thresholdsFor90hz: []
02-12 22:36:50.419  2189  2189 D VRR [RefreshRateDirector]: requestRefreshRate insert [ version-3-window-animation_216491, 120 ]
02-12 22:36:50.419  8866  8866 I DynamicFramerate [FRTCConfigManager]: FRTCConfigManager: FRTC_CAPABILITY = 0, package name = com.example.safesphere, WINDOW_ANIMATION_SPEED_RATE = 10, SCROLL_ANIMATION_SPEED_RATE = 20, PACKAGE_ENABLE = true
02-12 22:36:50.419  8866  8866 I DynamicFramerate [DynamicFrameRateController]: init info: mPackageName = com.example.safesphere, mIsEnabled = true
02-12 22:36:50.419  2189  2797 D VRR [RefreshRateDirector]: updateBestFrameRate [version-3-window-animation_216491, {fps=120, modePtr={id=0, vsyncRate=120.00 Hz, peakRefreshRate=120.00 Hz}}]
02-12 22:36:50.419  4576  4576 I SystemUi--NavBar: NavigationBarGestureExImpl-->oplusAllowSystemGestureIgnoringBarVisibility isOplusFlagAllowBackGestureIgnoreVisibilityState = false isGestureMisTouchPreventionEnable = false
02-12 22:36:50.419  4576  4576 D LauncherProxyService: Notifying sysui state change to launcher service: proxy=com.android.systemui.shared.recents.ILauncherProxy$Stub$Proxy@3e5e005 display=0 flags=allow_gesture|awake
02-12 22:36:50.420  2189  2806 D SurfaceFlinger: VRR [SurfaceFlinger] setDesiredActiveMode: displayId: 4630946292893219971, renderRate: 120, vsyncRate: 120, event: 0
02-12 22:36:50.420  2189  2806 D DisplayModeController: setDesiredMode 4630946292893219971 {mode={fps=120.00 Hz, modePtr={id=0, vsyncRate=120.00 Hz, peakRefreshRate=120.00 Hz}}, emitEvent=false, force=false}
02-12 22:36:50.421 27931 27964 I SyncManager: (REDACTED) Executing sync(type=%s%s)
02-12 22:36:50.425 29993 30516 W OplusExSystemServiceHelper: checkOplusExSystemService intent getComponent is null
02-12 22:36:50.426 27931 27964 I SyncManager: (REDACTED) Executing sync(type=%s) finished in %s
02-12 22:36:50.428 27931 27964 I SyncManager: (REDACTED) Executing sync(type=%s%s)
02-12 22:36:50.430 27931 27964 I SyncManager: (REDACTED) Executing sync(type=%s) finished in %s
02-12 22:36:50.467  1959  1959 D SensorFeature: name=ssc_screenshot_info ,index = 22
02-12 22:36:50.467  1959  1959 D SensorFeature: write 39 bytes:834148731777249,834148740110582,14826,0
02-12 22:36:50.475  4576  4576 I SystemUi--NavBar: NavigationBarGestureExImpl-->oplusAllowSystemGestureIgnoringBarVisibility isOplusFlagAllowBackGestureIgnoreVisibilityState = false isGestureMisTouchPreventionEnable = false
02-12 22:36:50.475  4576  4576 D LauncherProxyService: Notifying sysui state change to launcher service: proxy=com.android.systemui.shared.recents.ILauncherProxy$Stub$Proxy@3e5e005 display=0 flags=allow_gesture|ime_visible|ime_switcher_button_visible|awake|back_dismiss_ime
02-12 22:36:50.477  3447  3447 D AutofillSession: Service did not request to wait for delayed fill response.
02-12 22:36:50.494  5468  5468 V InlinePresentationRendererServiceImpl: onRenderSuggestion: width=-2, height=-2
02-12 22:36:50.504  5468  5468 I id.ext.services: AssetManager2(0xb400007d3c624328) locale list changing from [] to [en-GB]
02-12 22:36:50.510  5468  5468 I id.ext.services: AssetManager2(0xb400007d3c766928) locale list changing from [] to [en-GB]
02-12 22:36:50.511  5468  5468 V InlineSuggestionRenderService: width=-2, height=-2, measuredSize=611x154
02-12 22:36:50.514  5468 16274 D skia    : setRusSupported enable 1
02-12 22:36:50.515  3447  4989 W WindowManager: Requires INTERNAL_SYSTEM_WINDOW permission if assign type to input. New type will be 0.
02-12 22:36:50.518  5468  5468 D ViewRootImplExtImpl: onDisplayChanged -1 for VRI android.view.ViewRootImpl@a31f335
02-12 22:36:50.518  5468  5468 V InlinePresentationRendererServiceImpl: onRenderSuggestion: width=-2, height=-2
02-12 22:36:50.520  5468  5468 V InlineSuggestionRenderService: width=-2, height=-2, measuredSize=617x154
02-12 22:36:50.521  5468 16274 D skia    : setRusSupported enable 1
02-12 22:36:50.522  3447  4989 W WindowManager: Requires INTERNAL_SYSTEM_WINDOW permission if assign type to input. New type will be 0.
02-12 22:36:50.523  5468  5468 D ViewRootImplExtImpl: onDisplayChanged -1 for VRI android.view.ViewRootImpl@2a53ed
02-12 22:36:50.524  5468  5468 E OplusBracketLog: [OplusViewMirrorManager] updateHostViewRootIfNeeded, not support android.view.ViewRootImpl@a31f335
02-12 22:36:50.524  5468  5468 D WindowOnBackDispatcher:  predictive settings is disabled for com.google.android.ext.services
02-12 22:36:50.525  5468  5468 D BufferQueueConsumer: [](id:155c000000bf,api:0,p:-1,c:5468) connect: controlledByApp=false
02-12 22:36:50.526  5468  5468 D BufferQueueConsumer: [VRI[]#191(BLAST Consumer)191](id:155c000000bf,api:0,p:-1,c:5468) setMaxAcquiredBufferCount: 2
02-12 22:36:50.526  5468 16274 D HWUI    : createSurface new attribs array
02-12 22:36:50.526  5468 16274 D libEGL  : this is from skia gles
02-12 22:36:50.527  5468 16274 D BufferQueueProducer: [VRI[]#191(BLAST Consumer)191](id:155c000000bf,api:1,p:5468,c:5468) connect: api=1 producerControlledByApp=true
02-12 22:36:50.527  5468  5468 I SurfaceControl:  setExtendedRangeBrightness sc=Surface(name=)/@0x1af14b3,currentBufferRatio=1.0,desiredRatio=1.0
02-12 22:36:50.528  5468  5468 E OplusBracketLog: [OplusViewMirrorManager] updateHostViewRootIfNeeded, not support android.view.ViewRootImpl@2a53ed
02-12 22:36:50.529  5468  5468 D WindowOnBackDispatcher:  predictive settings is disabled for com.google.android.ext.services
