02-12 22:36:56.197  3447  4646 D UAH-UahAdaptHelper: adaptSetNotification identity = OplusUAwareInputHelpersrc = 1000 , type 1 ,p1 = -1 ,p2 = -1 ,p3 = -1 ,p4 =
02-12 22:36:56.197  3447  4646 I [UAH_CLIENT]: uahRuleCtl, ruleId:1000, status:1
02-12 22:36:56.198  8866  8866 D OplusViewDragTouchViewHelper: dispatchTouchView action = 1
02-12 22:36:56.198  8866  8866 D ViewRootImplExtImpl: the up motion event handled by client, just return
02-12 22:36:56.199  3447  3712 D OplusPanoramaWorkBranchController: notifyMotionUpOrCancel
02-12 22:36:56.212  3447  4420 I [UAH_CLIENT]: UahEventAcquire, cmdid:2, pkg:none, identity:com.android.server.wm
02-12 22:36:56.213  3447  4989 D CompatChangeReporter: Compat change id reported: 151861875; UID 10705; state: ENABLED
02-12 22:36:56.213  3447  4989 D WindowManager: NFW_setClientVisible:ActivityRecord{190534302 u0 com.example.safesphere/.MainActivity clientVisible:true
02-12 22:36:56.214  3447  4989 V GrammaticalInflectionUtils: AttributionSource: android.content.AttributionSource@7590576a does not have READ_SYSTEM_GRAMMATICAL_GENDER permission.
02-12 22:36:56.215  3447  4989 D FlexibleTaskController: isSupportFlexibleWindow target = com.example.safesphere/.MainActivity callPkg = FlexibleTaskController support = true ,caller = 3447
02-12 22:36:56.215  3447  4989 D CompatChangeReporter: Compat change id reported: 306666082; UID 10705; state: ENABLED
02-12 22:36:56.216  3447  4989 D ActivityStarterExtImpl: checkOpMode: 3
02-12 22:36:56.216  3447  3828 W QosScheduler: getScenario failed! scenarios is null, mask=2
02-12 22:36:56.216  3447  3828 W QosScheduler: executeSceneQosStrategy get scenario failed! scenario is null
02-12 22:36:56.217  3447  4989 D FlexibleWindowManagerService: isIgnoreAppearedAcrossTask:false
02-12 22:36:56.220  3447  4989 D ActivityStarterExtImpl: setForceUpdateWindow, targetTask = Task{834c5d #24869 type=standard A=10705:com.example.safesphere} r = ActivityRecord{190534302 u0 com.example.safesphere/.MainActivity t-1} notFinish =false
02-12 22:36:56.220  3447  4989 D FlexibleWindowManagerService: isIgnoreAppearedAcrossTask:false
02-12 22:36:56.220  3447  4989 D FlexibleTaskController: adjustOptionsForFlexibleTask skip adjust options reason:4
02-12 22:36:56.220  3447  4989 I InsensibleTaskController: adjustOptionsForInsensibleTask targetTask is resuse so not pureInsensibleOptions
02-12 22:36:56.221  3447  4989 D FlexibleTaskController: isSupportFlexibleWindow target = com.example.safesphere/.MainActivity callPkg = FlexibleTaskController support = true ,caller = 3447
02-12 22:36:56.221  3447  4989 D FlexibleWindowManagerService: no reused task found for ActivityRecord{190534302 u0 com.example.safesphere/.MainActivity t-1}
02-12 22:36:56.221  3447  4989 D ActivityStarterExtImpl: isLaunchingRootActivity = false
02-12 22:36:56.221  3447  4989 D ActivityStarterExtImpl: resume targetTask isVisibleRequested is true or in SkipCheckedList, need resume:targetTask=Task{834c5d #24869 type=standard A=10705:com.example.safesphere}
02-12 22:36:56.223  3447  4989 D SecondaryPageStartupPolicy: checkSecondaryPageStartupStatus not support sourcePackage=com.example.safesphere
02-12 22:36:56.223  3447  4989 D OplusStartingWindowManager: we don't revise window flags for third app
02-12 22:36:56.223  3447  4989 D ActivityTaskManager: validateStartingWindowTheme:  Pkg=com.example.safesphere, Translucent=false, Floating=false, ShowWallpaper=false, Disable=false, LaunchSource=4, Prev=null, LaunchedFromPackage=com.example.safesphere
02-12 22:36:56.223  3447  4989 D ActivityTaskManager: addStartingWindow for ActivityRecord{190534302 u0 com.example.safesphere/.MainActivity t24869}, mainWin=null, state=INITIALIZING, isKeyguardLocked=false, isKeyguardGoingAway=false
02-12 22:36:56.223  3447  4989 D ActivityTaskManager: getStartingWindowType: , newTask=false, taskSwitch=false, processRunning=true, allowTaskSnapshot=true, activityCreated=false, activityAllDrawn=false, snapshot exist: false
02-12 22:36:56.223  3447  4989 D ActivityRecordExtImpl: handleStartingWindowForCompactWindow origin type:0, adjustType : 0
02-12 22:36:56.224  3447  4989 D OplusDexSceneManager:  High temp 384 with highTemperatureThreshold 380 pkg:com.example.safesphere reason: extra-second-dex
02-12 22:36:56.224  3447  4989 D OplusWindowAnimationManager: applyNoAnimationForResumed resumed: ActivityRecord{135872326 u0 com.example.safesphere/.LoginActivity t24869}
02-12 22:36:56.225  3447  4989 D ActivityTrigger: ActivityTrigger activityPauseTrigger 
02-12 22:36:56.228  4576  4656 V WindowManagerShell: Transition requested (#18549): android.os.BinderProxy@3349762 TransitionRequestInfo { type = OPEN, triggerTask = TaskInfo{userId=0 taskId=24869 effectiveUid=10705 displayId=0 isRunning=true baseIntent=Intent { act=android.intent.action.MAIN cat=[android.intent.category.LAUNCHER] flg=0x10200000 cmp=com.example.safesphere/.LoginActivity mCallingUid=2000 } baseActivity=ComponentInfo{com.example.safesphere/com.example.safesphere.LoginActivity} topActivity=ComponentInfo{com.example.safesphere/com.example.safesphere.MainActivity} origActivity=null realActivity=ComponentInfo{com.example.safesphere/com.example.safesphere.LoginActivity}
02-12 22:36:56.228  4576  4656 V WindowManagerShell:  numActivities=2 lastActiveTime=834154501 supportsSplitScreenMultiWindow=true supportsMultiWindow=true supportsPocketStudioMultiWindow=true isInFlexibleEmbedded = false uid = 10705 pid = 0 resizeMode=1 isResizeable=true minWidth=-1 minHeight=-1 defaultMinSize=220 token=WCT{android.window.IWindowContainerToken$Stub$Proxy@b5080f3} topActivityType=1 pictureInPictureParams=null shouldDockBigOverlays=false launchIntoPipHostTaskId=-1 lastParentTaskIdBeforePip=-1 displayCutoutSafeInsets=Rect(0, 0 - 0, 0)
02-12 22:36:56.228  4576  4656 V WindowManagerShell:  topActivityInfo=ActivityInfo{78321b0 com.example.safesphere.MainActivity} launchCookies=[] positionInParent=Point(0, 0) parentTaskId=-1 isFocused=true isVisible=true isVisibleRequested=true isTopActivityNoDisplay=false isSleeping=false locusId=null displayAreaFeatureId=1 isTopActivityTransparent=false isActivityStackTransparent=false lastNonFullscreenBounds=Rect(326, 806 - 947, 2078) capturedLink=null capturedLinkTimestamp=0 requestedVisibleTypes=-9 topActivityRequestOpenInBrowserEducationTimestamp=0
02-12 22:36:56.228  4576  4656 V WindowManagerShell:  appCompatTaskInfo=AppCompatTaskInfo { topActivityInSizeCompat=false topActivityInOplusCompatMode=false eligibleForLetterboxEducation= false isLetterboxEducationEnabled= false isLetterboxDoubleTapEnabled= false eligibleForUserAspectRatioButton= false topActivityBoundsLetterboxed= false isFromLetterboxDoubleTap= false topActivityLetterboxVerticalPosition= -1 topActivityLetterboxHorizontalPosition= -1 topActivityLetterboxWidth=-1 topActivityLetterboxHeight=-1 topActivityAppBounds=Rect(0, 0 - 1272, 2800) isUserFullscreenOverrideEnabled=false isSystemFullscreenOverrideEnabled=false hasMinAspectRatioOverride=false topActivityLetterboxBounds=null cameraCompatTaskInfo=CameraCompatTaskInfo { freeformCameraCompatMode=inactive}} topActivityMainWindowFrame=null topActivityLetterboxInsets=Rect(0, 0 - 0, 0)
02-12 22:36:56.228  4576  4656 V WindowManagerShell:  mOplusExtraBundle = Bundle[mParcelledData.dataSize=1548]}, pipChange = null, remoteTransition = null, displayChange = null, flags = 0, debugId = 18549 }
02-12 22:36:56.228  3447  4989 I ActivityTaskManager: START u0 {xflg=0x4 cmp=com.example.safesphere/.MainActivity mCallingUid=10705} with LAUNCH_MULTIPLE from uid 10705 (sr=135872326) (BAL_ALLOW_VISIBLE_WINDOW (callingUid has visible window)) result code=0
02-12 22:36:56.229  4576  4656 D ShellSplitScreen: logExit: no-op, mLoggerSessionId is null
02-12 22:36:56.230  8866  8866 D ActivityClient: activity finished by caller: android.app.Activity.finish:7639 android.app.Activity.finish:7656 com.example.safesphere.LoginActivity.lambda$onCreate$0$com-example-safesphere-LoginActivity:42 com.example.safesphere.LoginActivity$$ExternalSyntheticLambda0.onClick:0 android.view.View.performClick:8177 com.google.android.material.button.MaterialButton.performClick:1218 android.view.View.performClickInternal:8143 android.view.View.-$$Nest$mperformClickInternal:0 android.view.View$PerformClick.run:32313 android.os.Handler.handleCallback:1027 
02-12 22:36:56.230  3447  3719 I TaskOrganizerController: onTaskInfoChanged taskid 24869 config { mBounds=Rect(0, 0 - 1272, 2800) mAppBounds=Rect(0, 0 - 1272, 2800) mMaxBounds=Rect(0, 0 - 1272, 2800) mDisplayRotation=ROTATION_0 mWindowingMode=fullscreen mActivityType=standard mAlwaysOnTop=undefined mRotation=ROTATION_0}
02-12 22:36:56.231  3447  3719 D OplusFlexibleDragToSplitAnimController: visibleFlexibleTaskInfos delete:24869
02-12 22:36:56.231  3447  3719 E FlexibleWindowManagerService: notifyTaskObserverToAttachController not need to notify!
02-12 22:36:56.231  3447  3719 I FlexibleWindowManagerService: onFlexibleWindowTaskInfoChanged, return for cur task not embedded
02-12 22:36:56.231  4576  4656 D ShellTaskOrganizerExt: visibleFlexibleTaskInfos delete:24869
02-12 22:36:56.231  4576  4656 D ShellTaskOrganizerExt: isOnCanvas size:0
02-12 22:36:56.231  4576  4656 D ShellTaskOrganizerExt: isOnThreeFlexibleCanvas size:0
02-12 22:36:56.235  3447  5275 D OplusDexSceneManager:  High temp 384 with highTemperatureThreshold 380 pkg:com.example.safesphere reason: extra-second-dex
02-12 22:36:56.235  3447  5275 D OplusDexSceneManager:  High temp 384 with highTemperatureThreshold 380 pkg:com.example.safesphere reason: extra-second-dex
02-12 22:36:56.236  3447  5275 D ActivityTaskManager: setAppVisibility(Token{61a09d2 ActivityRecord{135872326 u0 com.example.safesphere/.LoginActivity t24869 f}}}, visible=false):  visible=true mVisibleRequested=true
02-12 22:36:56.236  3447  5275 D ActivityTaskManager: setVisibility(Token{61a09d2 ActivityRecord{135872326 u0 com.example.safesphere/.LoginActivity t24869 f}}}, visible=false) defer commitVisibility for transition collecting
02-12 22:36:56.236  3447  5275 D RefreshRate: boostRefreshId choose max:currentRefreshRate:120.00001 targetRefreshRate:60.0 mCurrentPickRate:120.00001
02-12 22:36:56.236  3447  5275 D RefreshRate: Trigger app switch boost, ar=ActivityRecord{190534302 u0 com.example.safesphere/.MainActivity t24869},currDisplayRate=120.00001,boostId=3
02-12 22:36:56.236  3447  5275 D RefreshRate: setDisplayConfigSpecs complete: targetMode={id=1, width=1272, height=2800, fps=120.00001, vsync=120.00001, synthetic=false, alternativeRefreshRates=[60.000004, 90.0, 144.00002], supportedHdrTypes=[1, 2, 3, 4]},srcMode={id=1, width=1272, height=2800, fps=120.00001, vsync=120.00001, synthetic=false, alternativeRefreshRates=[60.000004, 90.0, 144.00002], supportedHdrTypes=[1, 2, 3, 4]},sfModId=0,rate=120.00001
02-12 22:36:56.236  3447  3939 D RefreshRate: do setDisplayConfigSpecs  
02-12 22:36:56.236  3447  5275 D RefreshRate: startAppSwitchBoost targetMode={id=1, width=1272, height=2800, fps=120.00001, vsync=120.00001, synthetic=false, alternativeRefreshRates=[60.000004, 90.0, 144.00002], supportedHdrTypes=[1, 2, 3, 4]} record=ActivityRecord{190534302 u0 com.example.safesphere/.MainActivity t24869}: votes=PRIORITY_START_ANIMATION_BOOST -> Vote{mRefreshRate=120.0, mMinRefreshRate=120.0, mRequestSource=null};PRIORITY_WINDOW_REQUEST -> Vote{mRefreshRate=120.0, mMinRefreshRate=120.0, mRequestSource=null};
02-12 22:36:56.236  3447  5275 I ActivityTaskManager: The Process com.example.safesphere Already Exists in BG. So sending its PID: 8866
02-12 22:36:56.236  2189  2470 D VRR [RefreshRateDirector]: requestRefreshRateBySpecs insert [ 0xb4000079ffd78440, DisplayModeSpecs{defaultMode: 0, allowGroupSwitching: false, primaryRanges: RefreshRateRanges{physical: RefreshRateRange{min: 120.000008, max: 120.000008}, render: RefreshRateRange{min: 120.000008, max: 120.000008}}, appRequestRanges: RefreshRateRanges{physical: RefreshRateRange{min: 120.000008, max: 120.000008}, render: RefreshRateRange{min: 120.000008, max: 120.000008}}, idleScreenRefreshRateConfig: (null)} ]
02-12 22:36:56.237  2189  2806 D SurfaceFlinger: VRR [SurfaceFlinger] setDesiredDisplayModeSpecs, from process 2189, 0, 0, primaryRanges = [ 120.000008, 120.000008, 120.000008, 120.000008 ], appRequestRanges = [ 120.000008, 120.000008, 120.000008 120.000008 ]
02-12 22:36:56.237  3447  5275 D ActivityTaskManager: setAppVisibility(Token{6679995 ActivityRecord{190534302 u0 com.example.safesphere/.MainActivity t24869}}, visible=true):  visible=false mVisibleRequested=false
02-12 22:36:56.237  1905  1981 E ANDR-PERF-UTIL: ANDR-PERF-UTIL: save_node_val() 366: Failed to read /proc/sys/walt/sched_heavy_nr
02-12 22:36:56.237  3447  5275 D ActivityTaskManager: setVisibility(Token{6679995 ActivityRecord{190534302 u0 com.example.safesphere/.MainActivity t24869}}, visible=true) defer commitVisibility for transition collecting
02-12 22:36:56.237  2189  2189 I RefreshRateSelector: Display 4630946292893219971 policy changed
02-12 22:36:56.237  2189  2189 I RefreshRateSelector: Previous: {defaultModeId=0, allowGroupSwitching=false, primaryRanges={physical=[0.00 Hz, 120.00 Hz], render=[0.00 Hz, 120.00 Hz]}, appRequestRanges={physical=[0.00 Hz, 120.00 Hz], render=[0.00 Hz, 120.00 Hz]} idleScreenConfig=nullptr}
02-12 22:36:56.237  2189  2189 I RefreshRateSelector: Current:  DisplayManagerPolicy{defaultModeId=0, allowGroupSwitching=false, primaryRanges={physical=[120.00 Hz, 120.00 Hz], render=[120.00 Hz, 120.00 Hz]}, appRequestRanges={physical=[120.00 Hz, 120.00 Hz], render=[120.00 Hz, 120.00 Hz]} idleScreenConfig=nullptr}
02-12 22:36:56.237  2189  2189 I RefreshRateSelector: 0 mode changes were performed under the previous policy
02-12 22:36:56.237  1905  1981 E ANDR-PERF-OPTSHANDLER: ANDR-PERF-OPTSHANDLER: modify_sysfsnode() 1095: Failed to read /proc/sys/walt/sched_heavy_nr
02-12 22:36:56.237  1905  1981 E ANDR-PERF-RESOURCEQS: ANDR-PERF-RESOURCEQS: AddAndApply() 167: Failed to apply optimization [15, 6]
02-12 22:36:56.237  2189  2189 D SurfaceFlinger: VRR [SurfaceFlinger] applyRefreshRateSelectorPolicy: 0 (120.00 Hz), policy: {defaultModeId=0, allowGroupSwitching=false, primaryRanges={physical=[120.00 Hz, 120.00 Hz], render=[120.00 Hz, 120.00 Hz]}, appRequestRanges={physical=[120.00 Hz, 120.00 Hz], render=[120.00 Hz, 120.00 Hz]} idleScreenConfig=nullptr}
02-12 22:36:56.237  2189  2189 D SurfaceFlinger: VRR [SurfaceFlinger] setDesiredActiveMode: displayId: 4630946292893219971, renderRate: 120, vsyncRate: 120, event: 1
02-12 22:36:56.237  2189  2189 D DisplayModeController: setDesiredMode 4630946292893219971 {mode={fps=120.00 Hz, modePtr={id=0, vsyncRate=120.00 Hz, peakRefreshRate=120.00 Hz}}, emitEvent=true, force=false}
02-12 22:36:56.237  3447  5275 D WindowManager: rotation(ROTATION_0) no changed  displayId = 0, lastOrientation = -1
02-12 22:36:56.237  2189  2797 D VRR [OTI]: handleIdle from 0 to 0
02-12 22:36:56.237  2189  2797 I VRR [MVT]: request is same as current request, ignore it.
02-12 22:36:56.238  3447  5275 I TaskOrganizerController: onTaskInfoChanged taskid 24869 config { mBounds=Rect(0, 0 - 1272, 2800) mAppBounds=Rect(0, 0 - 1272, 2800) mMaxBounds=Rect(0, 0 - 1272, 2800) mDisplayRotation=ROTATION_0 mWindowingMode=fullscreen mActivityType=standard mAlwaysOnTop=undefined mRotation=ROTATION_0}
02-12 22:36:56.238  3447  3939 D DisplayModeDirector: setAppRequest displayId : 0  modeId: 1  requestedRefreshRate: 120.00001  requestedMinRefreshRateRange: 120.00001  requestedMaxRefreshRateRange: 120.00001
02-12 22:36:56.238  1905  9868 E ANDR-PERF-LM: MetaMeter: handleAsync() 166: AdaptLaunch Invalid Async
02-12 22:36:56.238  3447  5275 D OplusVisibleTasks:  notifyTasksNumChange no need to notify.
02-12 22:36:56.238  3447  5275 D OplusFlexibleDragToSplitAnimController: visibleFlexibleTaskInfos delete:24869
02-12 22:36:56.238  3447  5275 E FlexibleWindowManagerService: notifyTaskObserverToAttachController not need to notify!
02-12 22:36:56.238  3447  5275 I FlexibleWindowManagerService: onFlexibleWindowTaskInfoChanged, return for cur task not embedded
02-12 22:36:56.238  3447  5275 D ActivityTaskManager: setAppVisibility(Token{6679995 ActivityRecord{190534302 u0 com.example.safesphere/.MainActivity t24869}}, visible=true):  visible=false mVisibleRequested=true
02-12 22:36:56.238  3447  5275 D ActivityTaskManager: setVisibility(Token{6679995 ActivityRecord{190534302 u0 com.example.safesphere/.MainActivity t24869}}, visible=true) defer commitVisibility for transition collecting
02-12 22:36:56.238  4576  4656 D ShellTaskOrganizerExt: visibleFlexibleTaskInfos delete:24869
02-12 22:36:56.238  4576  4656 D ShellTaskOrganizerExt: isOnCanvas size:0
02-12 22:36:56.238  4576  4656 D ShellTaskOrganizerExt: isOnThreeFlexibleCanvas size:0
02-12 22:36:56.238  3447  4989 W SurfaceFlingerPuller: Failed to pull atom 150134 from surfaceflinger. Success is 0, binder status is EX_NONE
02-12 22:36:56.238  3447  5275 D OplusDexOptimizeManager: androidPackage inappropriate state!
02-12 22:36:56.238  3447  5275 D OplusFeatureColorMode: ColorMode getColorMode =0
02-12 22:36:56.238  1721  1758 E statsd  : Stats puller failed for tag: 150134 at 834154511984121
02-12 22:36:56.239  3447  5275 D ColorDisplayServiceExtImpl: getWCGVersion1App, packageName=com.example.safesphere, sSupportWCG1 = true, sSupportWCG3 = false, nRet = 0
02-12 22:36:56.239  3447  4383 D BackgroundInstallControlService: Package event received: 0
02-12 22:36:56.239  3447  5275 D ActivityTaskManager: NFW_setLastResumedActivityUncheckLocked:true r:ActivityRecord{190534302 u0 com.example.safesphere/.MainActivity t24869} currentFocus:Window{9de6ea7 u0 com.example.safesphere/com.example.safesphere.LoginActivity}
02-12 22:36:56.239  8866  8884 D ColorModeChangeItem: preExecute mColorMode=0
02-12 22:36:56.239  3447  5275 D WindowManager: NFW_findFocusedWindowIfNeeded:null mCurrentFocus:Window{9de6ea7 u0 com.example.safesphere/com.example.safesphere.LoginActivity}
02-12 22:36:56.239  3447  4989 W AutofillManagerServiceImpl: getFillEventHistory() called by UID 10114, but service UID is 10125
02-12 22:36:56.239  2189  2189 I BpBinder: onLastStrongRef automatically unlinking death recipients: 
02-12 22:36:56.239  3447  5275 V WindowManager: Changing focus from Window{9de6ea7 u0 com.example.safesphere/com.example.safesphere.LoginActivity} to null,diplayid=0
02-12 22:36:56.241  3447  5279 D OplusAppSwitchRuleInfo: generateActivityEnterInfo - launch_source_type =  , launch_source_traceid = 
02-12 22:36:56.241  3447  3939 D VRR [OPlusRefreshRateService]:  setDirectorStates [flag: 1, state: 1, directorStateOff: 1]
02-12 22:36:56.241  3447  5275 D DisplayModeDirector: setAppRequest displayId : 0  modeId: 1  requestedRefreshRate: 0.0  requestedMinRefreshRateRange: 0.0  requestedMaxRefreshRateRange: 120.00001
02-12 22:36:56.242  2189  5271 D VRR [RefreshRateDirector]: updateState mState = 0
02-12 22:36:56.243  1721  1758 E statsd  : Stats puller failed for tag: 150134 at 834154519442455
02-12 22:36:56.244  3447  4383 D BackgroundInstallControlService: Package event received: 0
02-12 22:36:56.244  3447  3716 D FlexibleTaskController: check task which not have enough child, isInSingleWhiteList:false isCloneTask:false
02-12 22:36:56.244  3447  5275 I [UAH_CLIENT]: UahEventAcquire, cmdid:2, pkg:none, identity:OplusActivityManagerServiceEnhance
02-12 22:36:56.244  8866  8866 D ResourcesManagerExtImpl: applyConfigurationToAppResourcesLocked app.getDisplayId() return callback.displayId:0
02-12 22:36:56.245  2189  5271 I OplusPerfCollect: OplusPerfCollect onPullAtom
02-12 22:36:56.245  2189  5271 I OplusPerfCollect: OplusPerfCollect OplusVrrInfoRecord clear
02-12 22:36:56.246  1721  1758 I statsd  : An anomaly (104240000001) (42)0x10000->10705[I] (42)0x20000->com.example.safesphere[S] (42)0x30000->.MainActivity[S]  has occurred! Informing subscribers.
02-12 22:36:56.246  8866  8866 I mple.safesphere: AssetManager2(0xb400007cabf18328) locale list changing from [] to [en-GB]
02-12 22:36:56.246  3447  3719 D SurfaceComposerClient: Transaction::apply InputWindowCommands.focusRequests timestamp=461208457099581, windowName=<null>
02-12 22:36:56.247  6058 12768 E midasd  : getTotalFlipsFromSf mCurFrameCount: 17891509
02-12 22:36:56.247  6058 12768 I midasd  : DisplayAgent updateDisplayDevInfo getRenderFps mFps:120 mRenderFps:14 mWidth:1272 mHeight:2800
02-12 22:36:56.250  8866  8866 E OplusPredictiveBackController:  NoSuchMethodException 
02-12 22:36:56.250  8866  8866 E OplusPredictiveBackController:  NoSuchMethodException 
02-12 22:36:56.250  8866  8866 E OplusPredictiveBackController:  NoSuchMethodException 
02-12 22:36:56.250  8866  8866 D OplusPredictiveBackController: initPredictiveBackConfig for com.example.safesphere.MainActivity@374d030 initPredictiveBackConfig mShouldInterceptKeyEvent false
02-12 22:36:56.250  8866  8866 D WindowOnBackDispatcher:  predictive settings is disabled for com.example.safesphere
02-12 22:36:56.256  2189  2900 D SurfaceFlinger: updateWinowInfo=1, setFocusedWindow timestamp=461208457099581, windowName=<null>
02-12 22:36:56.257  3447  5275 I InputDispatcher: updateFocusedWindow,  on display 0, reason: NO_WINDOW, result:   FocusedWindows: <none>
02-12 22:36:56.257  3447  4989 I InputDispatcher: NFW_setFocusedWindow, <null> on display 0, same as the previous:1
02-12 22:36:56.257  3447  4989 D InputDispatcher: setFocusedWindow <null> on display 0 ignored, reason: already focused
02-12 22:36:56.268  3447  4420 I [UAH_CLIENT]: UahEventAcquire, cmdid:2, pkg:none, identity:com.android.server.wm
02-12 22:36:56.269  3447  5275 D WindowManager: NFW_setClientVisible:ActivityRecord{16521801 u0 com.google.android.permissioncontroller/com.android.permissioncontroller.permission.ui.GrantPermissionsActivity clientVisible:true
02-12 22:36:56.269  3447  5275 D FlexibleTaskController: isSupportFlexibleWindow target = com.google.android.permissioncontroller/com.android.permissioncontroller.permission.ui.GrantPermissionsActivity callPkg = FlexibleTaskController support = true ,caller = 3447
02-12 22:36:56.304  3447  5275 I system_server: AssetManager2(0xb400007b9e90cd28) locale list changing from [] to [en-GB]
02-12 22:36:56.305  3447  3828 W QosScheduler: getScenario failed! scenarios is null, mask=2
02-12 22:36:56.305  3447  3828 W QosScheduler: executeSceneQosStrategy get scenario failed! scenario is null
02-12 22:36:56.305  3447  3828 W QosScheduler: getScenario failed! scenarios is null, mask=2
02-12 22:36:56.305  3447  3828 W QosScheduler: executeSceneQosStrategy get scenario failed! scenario is null
02-12 22:36:56.306  3447  5275 D FlexibleWindowManagerService: isIgnoreAppearedAcrossTask:false
02-12 22:36:56.306  3447  5275 D ActivityStarterExtImpl: setForceUpdateWindow, targetTask = Task{834c5d #24869 type=standard A=10705:com.example.safesphere} r = ActivityRecord{16521801 u0 com.google.android.permissioncontroller/com.android.permissioncontroller.permission.ui.GrantPermissionsActivity t-1} notFinish =false
02-12 22:36:56.306  3447  5275 D FlexibleWindowManagerService: isIgnoreAppearedAcrossTask:false
02-12 22:36:56.306  3447  5275 D FlexibleTaskController: findSourceTaskForFreeForm: sourceRecord = ActivityRecord{190534302 u0 com.example.safesphere/.MainActivity t24869} ,realCallingPid:8866 ,launchFromZoomMode:false ,prevTopTask:Task{834c5d #24869 type=standard A=10705:com.example.safesphere}
02-12 22:36:56.306  3447  5275 D FlexibleTaskController: adjustOptionsForFlexibleTask not allow options follow process task's options, reason:8 ,reusedOptions:null
02-12 22:36:56.306  3447  5275 I InsensibleTaskController: adjustOptionsForInsensibleTask targetTask is resuse so not pureInsensibleOptions
02-12 22:36:56.307  3447  5275 D FlexibleTaskController: isSupportFlexibleWindow target = com.google.android.permissioncontroller/com.android.permissioncontroller.permission.ui.GrantPermissionsActivity callPkg = FlexibleTaskController support = true ,caller = 3447
02-12 22:36:56.307  3447  5275 D FlexibleWindowManagerService: no reused task found for ActivityRecord{16521801 u0 com.google.android.permissioncontroller/com.android.permissioncontroller.permission.ui.GrantPermissionsActivity t-1}
02-12 22:36:56.307  3447  5275 D ActivityStarterExtImpl: isLaunchingRootActivity = false
02-12 22:36:56.307  3447  5275 D ActivityStarterExtImpl: resume targetTask isVisibleRequested is true or in SkipCheckedList, need resume:targetTask=Task{834c5d #24869 type=standard A=10705:com.example.safesphere}
02-12 22:36:56.309  3447  5275 D SecondaryPageStartupPolicy: checkSecondaryPageStartupStatus not support sourcePackage=com.example.safesphere
02-12 22:36:56.310  3447  5275 D OplusStartingWindowManager: reviseWindowFlagsForStarting: newTask=false, taskSwitch=false, processRunning=true, processState=0, preloadAppInfo=null
02-12 22:36:56.312  3447  5275 D OplusStartingWindowManager: not support SnapshotSplash, don't revise window flags for activity:ActivityRecord{16521801 u0 com.google.android.permissioncontroller/com.android.permissioncontroller.permission.ui.GrantPermissionsActivity t24869}
02-12 22:36:56.312  3447  5275 D ActivityTaskManager: validateStartingWindowTheme:  Pkg=com.google.android.permissioncontroller, Translucent=true, Floating=true, ShowWallpaper=false, Disable=false, LaunchSource=4, Prev=null, LaunchedFromPackage=com.example.safesphere
02-12 22:36:56.312  3447  5275 D ActivityTaskManager: addStartingWindow for ActivityRecord{16521801 u0 com.google.android.permissioncontroller/com.android.permissioncontroller.permission.ui.GrantPermissionsActivity t24869}, mainWin=null, state=INITIALIZING, isKeyguardLocked=false, isKeyguardGoingAway=false
02-12 22:36:56.312  3447  5275 D ActivityTaskManager: getStartingWindowType: , newTask=false, taskSwitch=false, processRunning=true, allowTaskSnapshot=true, activityCreated=false, activityAllDrawn=false, snapshot exist: false
02-12 22:36:56.312  3447  5275 D ActivityRecordExtImpl: handleStartingWindowForCompactWindow origin type:0, adjustType : 0
02-12 22:36:56.312  3447  5275 D ActivityTaskManager: skip addStartingWindow due to resolvedTheme: 0, theme: 2132017652
02-12 22:36:56.312  3447  5275 D OplusDexSceneManager:  High temp 384 with highTemperatureThreshold 380 pkg:com.example.safesphere reason: extra-second-dex
02-12 22:36:56.312  3447  5275 D OplusWindowAnimationManager: applyNoAnimationForResumed resumed: ActivityRecord{190534302 u0 com.example.safesphere/.MainActivity t24869}
02-12 22:36:56.312  3447  5275 D ActivityTrigger: ActivityTrigger activityPauseTrigger 
02-12 22:36:56.314  3447  5275 I TaskOrganizerController: onTaskInfoChanged taskid 24869 config { mBounds=Rect(0, 0 - 1272, 2800) mAppBounds=Rect(0, 0 - 1272, 2800) mMaxBounds=Rect(0, 0 - 1272, 2800) mDisplayRotation=ROTATION_0 mWindowingMode=fullscreen mActivityType=standard mAlwaysOnTop=undefined mRotation=ROTATION_0}
02-12 22:36:56.314  3447  5275 D OplusFlexibleDragToSplitAnimController: visibleFlexibleTaskInfos delete:24869
02-12 22:36:56.314  3447  5275 E FlexibleWindowManagerService: notifyTaskObserverToAttachController not need to notify!
02-12 22:36:56.314  3447  5275 I FlexibleWindowManagerService: onFlexibleWindowTaskInfoChanged, return for cur task not embedded
02-12 22:36:56.314  4576  4656 D ShellTaskOrganizerExt: visibleFlexibleTaskInfos delete:24869
02-12 22:36:56.314  3447  5275 I ActivityTaskManager: START u0 {act=android.content.pm.action.REQUEST_PERMISSIONS xflg=0x4 pkg=com.google.android.permissioncontroller cmp=com.google.android.permissioncontroller/com.android.permissioncontroller.permission.ui.GrantPermissionsActivity (has extras) mCallingUid=10705} with LAUNCH_MULTIPLE from uid 10705 (rr=190534302) (BAL_ALLOW_VISIBLE_WINDOW (callingUid has visible window)) result code=0
02-12 22:36:56.314  4576  4656 D ShellTaskOrganizerExt: isOnCanvas size:0
02-12 22:36:56.314  4576  4656 D ShellTaskOrganizerExt: isOnThreeFlexibleCanvas size:0
02-12 22:36:56.315  3447  5275 I Quality : LaunchTime2.0: com.example.safesphere/.MainActivity 2 86 com.example.safesphere -1 -1
02-12 22:36:56.321  3447  5275 D NotificationService--OplusNotificationManagerServiceExtImpl: shouldInterceptToast: 
02-12 22:36:56.324  3447  5275 D NotificationService: Show next toast CurrentToastShown =false
02-12 22:36:56.326  3447  4803 D CompatChangeReporter: Compat change id reported: 311208749; UID 10705; state: ENABLED
02-12 22:36:56.327  3447  4803 I ActivityManager: Background started FGS: Allowed [callingPackage: com.example.safesphere; callingUid: 10705; uidState: TOP ; uidBFSL: [BFSL]; intent: Intent { xflg=0x4 cmp=com.example.safesphere/.SafeSphereService mCallingUid=10705 }; code:PROC_STATE_TOP; tempAllowListReason:<null>; allowWiu:12; targetSdkVersion:35; callerTargetSdkVersion:35; startForegroundCount:0; bindFromPackage:null: isBindService:false]
02-12 22:36:56.327  3447  4803 D CompatChangeReporter: Compat change id reported: 311208629; UID 10705; state: ENABLED
02-12 22:36:56.328  4576  5586 I ndroid.systemui: AssetManager2(0xb400007bb022f228) locale list changing from [] to [en-GB]
02-12 22:36:56.330  5309  7884 I ConferenceScene: onForegroundServiceStateChanged 8866 10705 0 fg_stateMachinesuid is null
02-12 22:36:56.331  8866  8866 D ActivityThread: ComponentInfo{com.example.safesphere/com.example.safesphere.MainActivity} checkFinished=false 2
02-12 22:36:56.331  8866  8866 D ResourcesManagerExtImpl: applyConfigurationToAppResourcesLocked app.getDisplayId() return callback.displayId:0
02-12 22:36:56.333  8866  8866 D WindowManager: Add to mViews: com.android.internal.policy.DecorView{a473d9b I.E...... R.....ID 0,0-0,0 alpha=1.0 viewInfo = }[MainActivity],pkg= com.example.safesphere
02-12 22:36:56.333  8866  8899 D skia    : setRusSupported enable 1
02-12 22:36:56.336  3447  4803 I WindowManager: addWindow: New client android.os.BinderProxy@3667cbd : window=Window{3d2e2b2 u0 com.example.safesphere/com.example.safesphere.MainActivity}
02-12 22:36:56.336  8866  8866 D ViewRootImplExtImpl: onDisplayChanged -1 for VRI android.view.ViewRootImpl@14f8a76
02-12 22:36:56.337  8866  8866 D VRI[LoginActivity]: onFocusEvent false
02-12 22:36:56.337  8866  8866 D ResourcesManagerExtImpl: applyConfigurationToAppResourcesLocked app.getDisplayId() return callback.displayId:0
02-12 22:36:56.338  8866  8866 E OplusBracketLog: [OplusViewMirrorManager] updateHostViewRootIfNeeded, not support android.view.ViewRootImpl@14f8a76
02-12 22:36:56.340  8866  8866 D WindowOnBackDispatcher:  predictive settings is disabled for com.example.safesphere
02-12 22:36:56.340  8866  8866 D WindowOnBackDispatcher:  predictive settings is disabled for com.example.safesphere
02-12 22:36:56.340  3447  4803 D CoreBackPreview: Window{3d2e2b2 u0 com.example.safesphere/com.example.safesphere.MainActivity}: Setting back callback OnBackInvokedCallbackInfo{mCallback=android.window.IOnBackInvokedCallback$Stub$Proxy@a5e2580, mPriority=0, mIsAnimationCallback=false, mOverrideBehavior=0}
02-12 22:36:56.344  8866  8866 D ViewRootImplExtImpl: wrapConfigInfoIntoFlags rotation=0, smallestScreenWidthDp=0, residentWS=false, scenario=0, bounds=Rect(0, 0 - 1272, 2800), relayoutAsync=false, flags=0, newFlags=1468006400, title=com.example.safesphere/com.example.safesphere.MainActivity
02-12 22:36:56.345  3447  4989 V WindowManager: Relayout Window{3d2e2b2 u0 com.example.safesphere/com.example.safesphere.MainActivity}: viewVisibility=0, oldvis=4, req=1272x2800 , apr = 0, vsysui=, x=0, y=0
02-12 22:36:56.345  3447  4989 I WindowManager: Window{3d2e2b2 u0 com.example.safesphere/com.example.safesphere.MainActivity} state from NO_SURFACE to DRAW_PENDING; reason: resetDrawState
02-12 22:36:56.347  3447  4989 D WindowManager: NFW_findFocusedWindowIfNeeded:Window{3d2e2b2 u0 com.example.safesphere/com.example.safesphere.MainActivity} mCurrentFocus:null
02-12 22:36:56.345  4576  4576 I SystemUi--Notification: OplusNotificationLogger-->TOAST-->showToast , pkg = com.example.safesphere, uid = 10705 , token = android.os.BinderProxy@779ef09 , content = no_need_print
02-12 22:36:56.347  4576  4656 D WindowManagerShell: onKeepClearAreasChanged: restricted={}, unrestricted={}
02-12 22:36:56.348  1959  1959 D SensorFeature: name=ssc_screenshot_info ,index = 22
02-12 22:36:56.348  1959  1959 D SensorFeature: write 39 bytes:834154615657195,834154623990528,14846,0
02-12 22:36:56.349  4576  4576 D WindowManager: Add to mViews: com.oplus.systemui.toast.OplusToastLayout{45c8b2f I.E...... ......I. 0,0-0,0 alpha=1.0 viewInfo = },pkg= com.android.systemui
02-12 22:36:56.349  4576  4843 D skia    : setRusSupported enable 1
02-12 22:36:56.353  3447  4803 D KEYLOG_PhoneWindowManagerExtImpl: checkAddPermission: com.oplus.permission.safe.WINDOW OKAY packageName = com.android.systemui
02-12 22:36:56.356  3447  4989 V WindowManager: Changing focus from null to Window{3d2e2b2 u0 com.example.safesphere/com.example.safesphere.MainActivity},diplayid=0
02-12 22:36:56.357  3447  4989 D Theia.NoFocusWindow: FocusWindowErrorScene cancelCheckFreezeScreen
02-12 22:36:56.357  3447  4989 W TheiaWindowMonitor: [check] focusedWindow is null or enable is false
02-12 22:36:56.358  8866  8866 D VRI[MainActivity]: relayoutWindow result, sizeChanged:true, surfaceControlChanged:true, transformHintChanged:false, mSurfaceSize:Point(1272, 2800), mLastSurfaceSize:Point(0, 0), mWidth:-1, mHeight:-1, requestedWidth:1272, requestedHeight:2800, transformHint:0, installOrientation:0, displayRotation:0, isSurfaceValid:true, attr.flag:-2122252032, tmpFrames:ClientWindowFrames{frame=[0,0][1272,2800] display=[0,0][1272,2800] parentFrame=[0,0][0,0]}, relayoutAsync:false, mSyncSeqId:0
02-12 22:36:56.358  8866  8866 W VRI[MainActivity]: updateBlastSurfaceIfNeeded, surfaceSize:Point(1272, 2800), lastSurfaceSize:Point(0, 0), format:-1, blastBufferQueue:null
02-12 22:36:56.358  8866  8866 D BufferQueueConsumer: [](id:22a200000001,api:0,p:-1,c:8866) connect: controlledByApp=false
02-12 22:36:56.358  8866  8866 D BufferQueueConsumer: [VRI[MainActivity]#1(BLAST Consumer)1](id:22a200000001,api:0,p:-1,c:8866) setMaxAcquiredBufferCount: 2
02-12 22:36:56.360  8866  8899 D HWUI    : createSurface new attribs array
02-12 22:36:56.360  8866  8899 D libEGL  : this is from skia gles
02-12 22:36:56.360  8866  8899 D BufferQueueProducer: [VRI[MainActivity]#1(BLAST Consumer)1](id:22a200000001,api:1,p:8866,c:8866) connect: api=1 producerControlledByApp=true
02-12 22:36:56.360  3447  4803 I WindowManager: addWindow: New client android.os.BinderProxy@c2c9e7b : window=Window{56b2498 u0 Toast}
02-12 22:36:56.362  8866  8866 I SurfaceControl:  setExtendedRangeBrightness sc=Surface(name=com.example.safesphere/com.example.safesphere.MainActivity)/@0x97b425f,currentBufferRatio=1.0,desiredRatio=1.0
02-12 22:36:56.362  3447  3719 D SurfaceComposerClient: Transaction::apply InputWindowCommands.focusRequests timestamp=461208572574321, windowName=3d2e2b2 com.example.safesphere/com.example.safesphere.MainActivity
02-12 22:36:56.364  4576  4576 D ViewRootImplExtImpl: onDisplayChanged -1 for VRI android.view.ViewRootImpl@eb0ab4b
02-12 22:36:56.367  4576  4656 D WindowManagerShell: onKeepClearAreasChanged: restricted={}, unrestricted={Rect(0, 1753 - 1272, 2800)}
02-12 22:36:56.367  4576  4576 E OplusBracketLog: [OplusViewMirrorManager] updateHostViewRootIfNeeded, not support android.view.ViewRootImpl@eb0ab4b
02-12 22:36:56.370  8866  8899 D BLASTBufferQueue: [VRI[MainActivity]#1](f:0,a:1) acquireNextBufferLocked size=1272x2800 mFrameNumber=1 applyTransaction=true mTimestamp=461208584893956(auto) mPendingTransactions.size=0 graphicBufferId=38079180046341 transform=0
02-12 22:36:56.370  8866  8899 D VRI[MainActivity]: Received frameCommittedCallback lastAttemptedDrawFrameNum=1 didProduceBuffer=true syncBuffer=false
02-12 22:36:56.371  8866  8866 D VRI[MainActivity]: draw finished. seqId=0
02-12 22:36:56.371  3447  4803 D WindowManager: onSyncFinishedDrawing: Window{3d2e2b2 u0 com.example.safesphere/com.example.safesphere.MainActivity}
02-12 22:36:56.371  3447  4803 I WindowManager: finishDrawing skipLayout:false,syncSeqId=0,mPrepareSyncSeqId=0 Window{3d2e2b2 u0 com.example.safesphere/com.example.safesphere.MainActivity} com.android.server.wm.WindowManagerService.finishDrawingWindow:3192 com.android.server.wm.Session.finishDrawing:369 android.view.IWindowSession$Stub.onTransact:793 
02-12 22:36:56.371  3447  4803 I WindowManager: Window{3d2e2b2 u0 com.example.safesphere/com.example.safesphere.MainActivity} state from DRAW_PENDING to COMMIT_DRAW_PENDING; reason: finishDrawingLocked
02-12 22:36:56.373  3447  3719 I WindowManager: Window{3d2e2b2 u0 com.example.safesphere/com.example.safesphere.MainActivity} state from COMMIT_DRAW_PENDING to READY_TO_SHOW; reason: commitFinishDrawingLocked
02-12 22:36:56.373  3447  3719 D CoreBackPreview:  return markWindowHasDrawn mComposed: false  mWaitTransition: false
02-12 22:36:56.373  3447  3719 D ActivityTaskManager: Clearing startingData for activity=ActivityRecord{190534302 u0 com.example.safesphere/.MainActivity t24869} mStartingData=null mStartingSurface=null
02-12 22:36:56.374  3447  3719 D CoreBackPreview:  return markWindowHasDrawn mComposed: false  mWaitTransition: false
02-12 22:36:56.374  3447  3719 D ActivityTaskManager: Clearing startingData for activity=ActivityRecord{190534302 u0 com.example.safesphere/.MainActivity t24869} mStartingData=null mStartingSurface=null
02-12 22:36:56.374  3447  3719 I ImeTracker: system_server:f6d889d1: onRequestShow at ORIGIN_SERVER reason CONTROLS_CHANGED fromUser false
02-12 22:36:56.376  2189  2900 D SurfaceFlinger: updateWinowInfo=1, setFocusedWindow timestamp=461208572574321, windowName=3d2e2b2 com.example.safesphere/com.example.safesphere.MainActivity
02-12 22:36:56.376  3447  5275 I InputDispatcher: NFW_setFocusedWindow, 3d2e2b2 com.example.safesphere/com.example.safesphere.MainActivity on display 0, same as the previous:0
02-12 22:36:56.376  3447  4989 D OplusDexSceneManager:  High temp 384 with highTemperatureThreshold 380 pkg:com.example.safesphere reason: extra-second-dex
02-12 22:36:56.376  3447  4989 D OplusDexSceneManager:  High temp 384 with highTemperatureThreshold 380 pkg:com.example.safesphere reason: extra-second-dex
02-12 22:36:56.377  3447  4989 I OplusHansManager : resumeTaskAffinityIfNeedLocked visibleUid: 10705 visiblePkgName: com.example.safesphere, frontUid: 10320 frontPkgName: com.google.android.permissioncontroller
02-12 22:36:56.377  3447  4989 I OplusHansManager : front pkg: com.google.android.permissioncontroller, uid: 10320, prev pkg: com.example.safesphere, prev uid: 10705
02-12 22:36:56.377  3447  4989 D RefreshRate: don't do app switch boost,arDisplayId:0 mDisplayId:0 currentSettingMode:3 hasAppSwitchBoostPriority:true is supportRefreshRateSwitch:true
02-12 22:36:56.377  3447  4420 D JobSchedulerServiceExtImpl: updateOsenseRestrictMode for 1 true false
02-12 22:36:56.377  3447  4989 I ActivityTaskManager: The Process com.google.android.permissioncontroller Already Exists in BG. So sending its PID: 5567
02-12 22:36:56.377  3447  5144 D NativeFreezeManager: freezeForAppSwitchScene mAppLaunchFzDxEnable enter, mFgAppPkgname com.google.android.permissioncontroller
02-12 22:36:56.377  3447  4989 D ActivityTaskManager: setAppVisibility(Token{235597c ActivityRecord{16521801 u0 com.google.android.permissioncontroller/com.android.permissioncontroller.permission.ui.GrantPermissionsActivity t24869}}, visible=true):  visible=false mVisibleRequested=false
02-12 22:36:56.378  1905  9868 E ANDR-PERF-LM: MetaMeter: handleAsync() 166: AdaptLaunch Invalid Async
02-12 22:36:56.378  3447  4989 D ActivityTaskManager: setVisibility(Token{235597c ActivityRecord{16521801 u0 com.google.android.permissioncontroller/com.android.permissioncontroller.permission.ui.GrantPermissionsActivity t24869}}, visible=true) defer commitVisibility for transition collecting
02-12 22:36:56.378  3447  4989 D WindowManager: rotation(ROTATION_0) no changed  displayId = 0, lastOrientation = -1
02-12 22:36:56.378  3447  4623 I Osense-BaseDecisionMaker: notifySceneToAthenaPolicy: SCENE_APP_SWITCH, bundle: Bundle[{prevPkgName=com.example.safesphere, curUid=10320, isGame=false, curPkgName=com.google.android.permissioncontroller, prevUid=10705}]
02-12 22:36:56.378  3447  4989 I TaskOrganizerController: onTaskInfoChanged taskid 24869 config { mBounds=Rect(0, 0 - 1272, 2800) mAppBounds=Rect(0, 0 - 1272, 2800) mMaxBounds=Rect(0, 0 - 1272, 2800) mDisplayRotation=ROTATION_0 mWindowingMode=fullscreen mActivityType=standard mAlwaysOnTop=undefined mRotation=ROTATION_0}
02-12 22:36:56.378  3447  4623 I Osense-BaseDecisionMaker: scene: SCENE_APP_SWITCH, excutingPolicy: freezer
02-12 22:36:56.378  3447  4623 D Osense-BaseDecisionMaker: invoke freezer policy,type: fast
02-12 22:36:56.379  3447  5182 I OPM-Process: resume pkg: com.google.android.permissioncontroller, uid:10320, prev pkg: com.example.safesphere, prev uid: 10705
02-12 22:36:56.379  3447  5304 W OplusHansManager : Failed to notify phone app uid : not register
02-12 22:36:56.379  3447  4989 D OplusVisibleTasks:  notifyTasksNumChange no need to notify.
02-12 22:36:56.379  3447  4989 D OplusFlexibleDragToSplitAnimController: visibleFlexibleTaskInfos delete:24869
02-12 22:36:56.379  3447  4989 E FlexibleWindowManagerService: notifyTaskObserverToAttachController not need to notify!
02-12 22:36:56.379  3447  4989 I FlexibleWindowManagerService: onFlexibleWindowTaskInfoChanged, return for cur task not embedded
02-12 22:36:56.379  3447  4989 D ActivityTaskManager: setAppVisibility(Token{235597c ActivityRecord{16521801 u0 com.google.android.permissioncontroller/com.android.permissioncontroller.permission.ui.GrantPermissionsActivity t24869}}, visible=true):  visible=false mVisibleRequested=true
02-12 22:36:56.379  3447  4989 D ActivityTaskManager: setVisibility(Token{235597c ActivityRecord{16521801 u0 com.google.android.permissioncontroller/com.android.permissioncontroller.permission.ui.GrantPermissionsActivity t24869}}, visible=true) defer commitVisibility for transition collecting
02-12 22:36:56.379  4576  4656 D ShellTaskOrganizerExt: visibleFlexibleTaskInfos delete:24869
02-12 22:36:56.379  3447  4989 E OplusDexOptimizeManager: pkgSetting or primaryCpuAbi is null for package: com.google.android.permissioncontroller
02-12 22:36:56.379  4576  4656 D ShellTaskOrganizerExt: isOnCanvas size:0
02-12 22:36:56.379  4576  4656 D ShellTaskOrganizerExt: isOnThreeFlexibleCanvas size:0
02-12 22:36:56.379  3447  5140 I OplusHansManager : uid=10705, pkg=com.example.safesphere enter SM
02-12 22:36:56.379  3447  5140 I OplusHansManager : uid=10705, pkg=com.example.safesphere R enter(), D stay=15
02-12 22:36:56.379  3447  4989 D OplusFeatureColorMode: ColorMode getColorMode =0
02-12 22:36:56.379  3447  4989 D ColorDisplayServiceExtImpl: getWCGVersion1App, packageName=com.google.android.permissioncontroller, sSupportWCG1 = true, sSupportWCG3 = false, nRet = 0
02-12 22:36:56.380  3447  4989 D ActivityTaskManager: NFW_setLastResumedActivityUncheckLocked:true r:ActivityRecord{16521801 u0 com.google.android.permissioncontroller/com.android.permissioncontroller.permission.ui.GrantPermissionsActivity t24869} currentFocus:Window{3d2e2b2 u0 com.example.safesphere/com.example.safesphere.MainActivity}
02-12 22:36:56.380  3447  3828 I UserAwareMgr: handleTopAppChanged: com.google.android.permissioncontroller, pid: 5567, uid: 10320
02-12 22:36:56.380  3447  3828 I UserAwareMgr: can not find matched top app: com.google.android.permissioncontroller
02-12 22:36:56.380  3447  4989 D WindowManager: NFW_findFocusedWindowIfNeeded:null mCurrentFocus:Window{3d2e2b2 u0 com.example.safesphere/com.example.safesphere.MainActivity}
02-12 22:36:56.380  3447  4989 V WindowManager: Changing focus from Window{3d2e2b2 u0 com.example.safesphere/com.example.safesphere.MainActivity} to null,diplayid=0
02-12 22:36:56.381  3447  4989 I OplusJoystickManager: handleApplicationSwitch deprecated!
02-12 22:36:56.381  3447  4989 I GameManagerServiceExt-GameManagerServiceExt: on FG change: com.example.safesphere|com.google.android.permissioncontroller
02-12 22:36:56.382  3447  4989 D ActivityManager: quick sync unfreeze 5567 for 1
02-12 22:36:56.382  3447  3937 D OplusAppSwitchListener: App Activity Change
02-12 22:36:56.383  3447  4989 D CoreBackPreview:  return markWindowHasDrawn mComposed: false  mWaitTransition: false
02-12 22:36:56.383  3447  4989 D ActivityTaskManager: Clearing startingData for activity=ActivityRecord{190534302 u0 com.example.safesphere/.MainActivity t24869} mStartingData=null mStartingSurface=null
02-12 22:36:56.383  3447  5279 D OplusEapManager: mTargetExitName :com.example.safesphere
02-12 22:36:56.383  4499 15395 V DCSEX-AppSwitchManager: OnAppSwitchObserver: onAppExit, resuming = com.google.android.permissioncontroller, target = com.example.safesphere, is ResumingFirstStart =  false, is ResumingMultiApp =  false, extensionInfo =  Bundle[mParcelledData.dataSize=608]
02-12 22:36:56.384  3447  3937 D OplusAppSwitchListener: Detect com.example.safesphere switch to background
02-12 22:36:56.384  3447  3937 D OplusFeatureReduceBrightness: onAppExit , info = com.example.safesphere
02-12 22:36:56.384  5567  5584 D ColorModeChangeItem: preExecute mColorMode=0
02-12 22:36:56.384  3447  4989 I [UAH_CLIENT]: UahEventAcquire, cmdid:2, pkg:none, identity:OplusActivityManagerServiceEnhance
02-12 22:36:56.384  3447  3716 D OomAdjusterSocExtImpl: App adj change from cached state to fg state : 5567 com.google.android.permissioncontroller
02-12 22:36:56.384  3447  3719 D CoreBackPreview:  return markWindowHasDrawn mComposed: false  mWaitTransition: false
02-12 22:36:56.384  3447  3719 D ActivityTaskManager: Clearing startingData for activity=ActivityRecord{190534302 u0 com.example.safesphere/.MainActivity t24869} mStartingData=null mStartingSurface=null
02-12 22:36:56.385  3447  3719 D SurfaceComposerClient: Transaction::apply InputWindowCommands.focusRequests timestamp=461208598755675, windowName=<null>
02-12 22:36:56.385  1905  1981 E ANDR-PERF-RESOURCEQS: ANDR-PERF-RESOURCEQS: AddAndApply() 167: Failed to apply optimization [10, 8]
02-12 22:36:56.385  8866  8866 E SERVICE_DEBUG: ========== SERVICE onCreate CALLED ==========
02-12 22:36:56.385  3447  3939 D VRR [OPlusRefreshRateService]: handleFrontAppChange pkgName: null
02-12 22:36:56.386 18235 23014 D SceneSDK.1.0.4-SNAPSHOT.18235.DeepThinkerAppSwitchAbility: onAppSwitchEvent: AppSwitchEvent(timeStamp=1770916016384, eventType=2, targetName=com.example.safesphere, firstStart=false, multiApp=false, windowMode=0, resumingPackageName=com.google.android.permissioncontroller, resumingActivityName=com.android.permissioncontroller.permission.ui.GrantPermissionsActivity, isResumingMultiApp=false, isResumingFirstStart=false)
02-12 22:36:56.386 18235 20340 D SceneSDK.1.0.4-SNAPSHOT.18235.DeepThinkerAppSwitchAbility: onAppSwitchEvent: AppSwitchEvent(timeStamp=1770916016384, eventType=2, targetName=com.example.safesphere, firstStart=false, multiApp=false, windowMode=0, resumingPackageName=com.google.android.permissioncontroller, resumingActivityName=com.android.permissioncontroller.permission.ui.GrantPermissionsActivity, isResumingMultiApp=false, isResumingFirstStart=false)
02-12 22:36:56.386  2145  2145 D GpuServiceExtImpl: getRUSWhiteList  size 0
02-12 22:36:56.386  3447  4222 D ActivityManager: reportOneUidFrozenStateChanged uid 10320 frozen = false
02-12 22:36:56.386 18235 20340 I AppRecommend_AppRecommendAdapter: receive app recommend from AppSwitchEvent(eventId=2, switchInfo=AppSwitchInfo(targetName=com.example.safesphere, firstStart=false, multiApp=false, windowMode=0, resumingPackageName=com.google.android.permissioncontroller, resumingActivityName=com.android.permissioncontroller.permission.ui.GrantPermissionsActivity, isResumingFirstStart=false, isResumingMultiApp=false))
02-12 22:36:56.386 18235 23014 I metis_v2_AppSwitchDataCollector: AppExitEvent =  com.example.safesphere, NextAppName = com.google.android.permissioncontroller [Metis|com.oplus.metis|2.0.20-aa39d14]
02-12 22:36:56.386  5567  5567 I HWUI    : SupportApps size 0
02-12 22:36:56.387  4499 17858 D DCSEX-AppLaunchEventRecorder: onAppSwitch from = com.example.safesphere to = com.google.android.permissioncontroller
02-12 22:36:56.387  4499 17858 D DCSEX-AppLaunchEventRecorder: recordExitApp = com.example.safesphere
02-12 22:36:56.387  5567  5567 D ExtensionsLoader: createInstance(64bit) : createExtendedFactory
02-12 22:36:56.387  3447  3716 D ActivityManager: sync unfroze 5567 com.google.android.permissioncontroller for 1
02-12 22:36:56.388  3447  5275 V WindowManager: Relayout Window{56b2498 u0 Toast}: viewVisibility=4, oldvis=4, req=642x336 , apr = 0, vsysui=, x=0, y=224
02-12 22:36:56.388  5567  5567 D ExtensionsLoader: Opened libSchedAssistExtImpl.so
02-12 22:36:56.388  5567  5567 E SchedAssist: open sharedFd failed with error=Permission denied
02-12 22:36:56.388  5567  5567 E SchedAssist: open sharedFd failed with error=Permission denied
02-12 22:36:56.388  5567  5567 E SchedAssist: open sharedFd failed with error=Permission denied
02-12 22:36:56.388  5567  5567 E SchedAssist: open sharedFd failed with error=Permission denied
02-12 22:36:56.388  5567  5567 E SchedAssist: open sharedFd failed with error=Permission denied
02-12 22:36:56.388  5567  5567 E SchedAssist: Failed to open /proc/oplus_scheduler/sched_assist/im_flag_app (13): Permission denied
02-12 22:36:56.388  3447  4989 D NotificationService--OplusNotificationManagerServiceExtImpl: shouldInterceptToast: 
02-12 22:36:56.388  5567  5641 D SurfaceSyncGroup: preCreateSurfaceSyncGroupTimerThread
02-12 22:36:56.389 18235 18323 E metis_v2_JenaHandlerManager: local thread match
02-12 22:36:56.389  2189  2900 D SurfaceFlinger: updateWinowInfo=1, setFocusedWindow timestamp=461208598755675, windowName=<null>
02-12 22:36:56.389  3447  5492 I InputDispatcher: NFW_setFocusedWindow, <null> on display 0, same as the previous:1
