--------- beginning of main
02-12 22:36:41.822  3447  5304 I OplusHansManager : FastFreeze exit, unfreeze uids: [10678, 10703]
02-12 22:36:41.822  3447  5304 I OplusHansManager : exit FastFreezer, unfreeze uids: [10703, 10678] thaw: [], reason: exitFF
02-12 22:36:41.822  3447  5304 I OplusHansManager : notify state machine event=FF_EXIT to uids=[10705, 10353, 10678, 10703]
02-12 22:36:41.827  3447  4640 I Osense-PsiDetector: 2037,255,2658,5631,53,447,356,1497,1987,733,1114,0,8,8007
02-12 22:36:41.827 18235 23014 I metis_v2_OsenseCallBack: memLevel: 2 [Metis|com.oplus.metis|2.0.20-aa39d14]
02-12 22:36:41.837  1966  1966 D vendor.oplus.hardware.charger-V9-service: getChargerControl:
--------- beginning of system
02-12 22:36:41.851  3447  4228 V AlarmManager: sending alarm Alarm{6631b72 type 1 origWhen 1770916001851 whenElapsed 834140127 android} uid 1000 whenElapsed 834140127 windowLength 0 maxWhenElapsed 834140127 repeatInterval 0 action null component null tag StorgaeBandInfoAlarmTag flags 0x9 procName system_server
02-12 22:36:41.851  3447  1012 E OplusStorageUFSBandwidth: storage_io_metrics_path is /proc/oplus_storage/io_metrics/forever/
02-12 22:36:41.853  3447  1012 E OplusStorageUFSBandwidth: Bandwidth - Read: 113.39 MB/s, Write: 0.50 MB/s
02-12 22:36:41.853  3447  1012 E OplusStorageUFSBandwidth: Task time: 2ms
02-12 22:36:41.859  3447  1012 E OplusStorageUFSBandwidth: Alarm set to trigger in 10 seconds
02-12 22:36:41.870  1183  1183 E lowmemorykiller: device memory 521700 free 65341 file 473082
02-12 22:36:41.899  5138  5560 D UlPriorityPolicyForeground: match: config has not com.example.safesphere
02-12 22:36:41.987  1959  1959 D SensorFeature: name=ssc_screenshot_info ,index = 22
02-12 22:36:41.987  1959  1959 D SensorFeature: write 39 bytes:834139919564127,834140262778606,14797,0
02-12 22:36:41.990  1858 24809 I sensors-hal: handle_oplus_wise_rgb_event:189, high_pwm_light:lux 73.2,cct 6106.6,brl/algo/ir 942.0/2.0/55.8,pwm/dc 0.0/0.0,rgbc 5118.365234/3332.997314/2359.952393/9746.193359,ts 834140230464770,cnt 27936,flag 80333
02-12 22:36:41.990  3447  4220 D FusionLightNextGen: process end reported = 1, mode: 0, cnt: 165340, lux 19.8, cct -1.0, r/g/b/c: 5118.4/3333.0/2360.0/9746.2, R/G/B: 247.0/251.0/253.0, bri 942.0, match 1.00, ir 0.063245, conf 0.0, ts 834140230464770
02-12 22:36:42.054  5309  7430 D CommonApp-893-10705: transport layer data is invalid
02-12 22:36:42.054  5309  7430 D ScorePolicy: handleScoreChanged: []
02-12 22:36:42.054  5309  7430 D ScorePolicy: handleScoreChanged: []
02-12 22:36:42.054  5309  7430 D ScorePolicy: handleScoreChanged: []
02-12 22:36:42.057  5065  7171 D OplusCellularNetworkConfig: getDnsQueryPriority value=http://www.google.com/generate_204
02-12 22:36:42.057  5309  7430 D NetworkService[0]: isNetworkAvailableForFeature or linkProperties is null
02-12 22:36:42.058  5309  7430 D NetworkService[0]: isNetworkAvailableForFeature or linkProperties is null
02-12 22:36:42.058  5309  7430 D NetworkService[0]: getActiveNetworks networkList size:1
02-12 22:36:42.058  5309  7430 D SubsysThreadPool: execute task
02-12 22:36:42.058  5065  7171 D OplusCellularNetworkConfig: getDnsQueryPriority value=http://developers.google.com/generate_204
02-12 22:36:42.058  5309  7430 D NetworkService[0]: isNetworkAvailableForFeature or linkProperties is null
02-12 22:36:42.058  5309  7430 D NetworkService[0]: isNetworkAvailableForFeature or linkProperties is null
02-12 22:36:42.058  5309  7430 D NetworkService[0]: getActiveNetworks networkList size:1
02-12 22:36:42.058  5309  7430 D SubsysThreadPool: execute task
02-12 22:36:42.066  5138  5560 D DnsDomainBlock: onDnsEvent: latencyMs=0, returnCode=11, uid=1000
02-12 22:36:42.067  5138  5560 D DnsDomainBlock: onDnsEvent: latencyMs=0, returnCode=11, uid=1000
02-12 22:36:42.072  1183  1183 E lowmemorykiller: device memory 521575 free 65151 file 473147
02-12 22:36:42.108  8866  8903 D OplusScrollToTopManager: com.example.safesphere/com.example.safesphere.LoginActivity,This com.android.internal.policy.DecorView{7deb5e3 V.E...... R....... 0,0-1272,2800 aid=0 alpha=1.0 viewInfo = }[LoginActivity] change focus to true
02-12 22:36:42.139 18235 23014 I metis_v2_OsenseCallBack: memLevel: 0 [Metis|com.oplus.metis|2.0.20-aa39d14]
02-12 22:36:42.148  1966  2168 D vendor.oplus.hardware.charger-V9-service: ret_value:123, read content:,380,382,3981,3981,-321,53,54,1,9,0,1872,4754,54,1,4470,2200,2000,0,4,-22,4,0,1,0,2,0,0,0,1,0,100,0,3318,6263,0,0,0,0,0,75
02-12 22:36:42.148  1966  2168 D vendor.oplus.hardware.charger-V9-service: gmtime: 2026-02-12-22-36-42
02-12 22:36:42.149  1966  2168 D vendor.oplus.hardware.charger-V9-service: usb_online:1, ac_online:-2147483648, wireless_online:-2147483648
02-12 22:36:42.211  2189  2797 D VRR [OTI]: handleIdle from 0 to 1
02-12 22:36:42.212  2189  2797 I VRR [MVT]: requestFrameRateMode source: oti-hw, mode: {fps=60, modePtr={id=0, vsyncRate=120.00 Hz, peakRefreshRate=120.00 Hz}}
02-12 22:36:42.212  2189  2797 I VRR [MVT]: chooseFrameRateMode : {fps=60, modePtr={id=0, vsyncRate=120.00 Hz, peakRefreshRate=120.00 Hz}}
02-12 22:36:42.212  2189  2797 D VRR [RefreshRateDirector]: requestRefreshRateByOti update [ oti-hw, {fps=60, modePtr={id=0, vsyncRate=120.00 Hz, peakRefreshRate=120.00 Hz}} ]
02-12 22:36:42.212  2189  2797 D VRR [RefreshRateDirector]: updateBestFrameRate [oti-hw, {fps=60, modePtr={id=0, vsyncRate=120.00 Hz, peakRefreshRate=120.00 Hz}}]
02-12 22:36:42.213  2189  2806 D SurfaceFlinger: VRR [SurfaceFlinger] setDesiredActiveMode: displayId: 4630946292893219971, renderRate: 60, vsyncRate: 120, event: 0
02-12 22:36:42.213  2189  2806 D DisplayModeController: setDesiredMode 4630946292893219971 {mode={fps=60.00 Hz, modePtr={id=0, vsyncRate=120.00 Hz, peakRefreshRate=120.00 Hz}}, emitEvent=false, force=false}
02-12 22:36:42.232  3447  4430 D OplusWifiPowerWakeupStats: IPV4_TCP_Packet wake up count 3
02-12 22:36:42.233  3447  4430 D OplusWifiPower_WakeupIp: com.facebook.appmanager(57.144.242.***) wakeup host
02-12 22:36:42.242  1183  1183 E lowmemorykiller: device memory 521573 free 65151 file 473145
02-12 22:36:42.242  3447  4640 I Osense-PsiDetector: 2037,254,2658,5631,53,447,356,1497,1987,733,1114,0,8,8006
02-12 22:36:42.244  3447  4622 I Osense-BaseDecisionMaker: notifySceneToAthenaPolicy: SCENE_RES_MEM_PSI_NORMAL, bundle: Bundle[{memLevel=3}]
02-12 22:36:42.244 18235 23014 I metis_v2_OsenseCallBack: memLevel: 3 [Metis|com.oplus.metis|2.0.20-aa39d14]
02-12 22:36:42.245 18235 23014 I metis_v2_OsenseCallBack: memLevel: 1
02-12 22:36:42.247  3447  3583 D ActivityManager: Async freezing 8914 com.facebook.appmanager
02-12 22:36:42.247  3447  3583 D ActivityManager: Async freezing 8968 com.facebook.system
02-12 22:36:42.247  3447  3583 I ActivityManager: Killing 6532:com.oneplus.note/u0a336 (adj 975): empty #25
02-12 22:36:42.267  3447  3939 D VRR [OPlusRefreshRateService]: handleConfigIdChange physicalDisplayId: 4630946292893219971 configId: 0 renderPeriod: 16666667
02-12 22:36:42.275  3447  3856 I libprocessgroup: Removed cgroup /sys/fs/cgroup/apps/uid_10336/pid_6532
02-12 22:36:42.275  1722  1722 I Zygote  : Process 6532 exited due to signal 9 (Killed)
02-12 22:36:42.275  3447  5032 I ActivityManager: Death received, pid = 6532, processName = com.oneplus.note for thread android.os.BinderProxy@c07c3a2
02-12 22:36:42.276  3447  4344 V AudioServiceExtImpl: isOplusRedirectOutputEnable: false
02-12 22:36:42.279  3447  4717 E WindowProcessControllerExtImpl: shouldMakeAbnormalActivityFinishing, list may empty, mHasActivities: false
02-12 22:36:42.279  1947  1947 E qspmHal : setAppInfoH atPid = 6532, gpuFname:com.oneplus.note, gpuFver:1640200620
02-12 22:36:42.280  3447  5449 W Athena  : athena_optimize: recordTime, mLastDeathTime: 831826
02-12 22:36:42.280  3447  5449 W Athena  : athena_optimize: recordInterval,  intervalTime: 2225
02-12 22:36:42.280  3447  5449 E Athena  : athena_optimize: pkg: com.oneplus.note, processName: com.oneplus.notegetPercentage: 0
02-12 22:36:42.280  1959  1959 D SensorFeature: name=ssc_screenshot_info ,index = 22
02-12 22:36:42.280  3447  6014 I OStatsManager_OplusBatteryStatsManager: updateStateTime: PkgName = com.oneplus.note, uid = 10336, state to em, mForegroundCnt = 0, isFg = false
02-12 22:36:42.280  1959  1959 D SensorFeature: write 39 bytes:834139919564127,834140556401471,14798,0
02-12 22:36:42.285 18235 18294 I metis_v2_AppDiedObserver: shortcutAppDiedCallback, fenceKey = app_died_shortcut
02-12 22:36:42.284  4576  8528 I PluginSeedling--Origin: SeedlingSourceProvider-->diedPidInfo host: {com.oneplus.note=[6532]}, ums: []
02-12 22:36:42.286  2618 13624 I ResourceManagerMetrics: pushConcurrentUsageReport: No Video Codec Entry for Application[pid(6532): uid(10336)]
02-12 22:36:42.287  5309  7884 D ActivityAdapter: ugc uid gone, uid=10336
02-12 22:36:42.287  2618 13624 I ResourceManagerMetrics: pushConcurrentUsageReport: Concurrent Codec Usage Report for the Process[pid(6532): uid(10336)] is Peak { AudioDec[ SW: 1 ] } Peak Pixels: 0
02-12 22:36:42.287  4814  6158 V OsAgent : broadcastSystemEvent - 7
02-12 22:36:42.291  5138  5560 D OplusLinkBoostSceneManager: sceneStateUpdate: 5023,com.oneplus.note,switch:[false, true, true, true]
02-12 22:36:42.291  5138  5560 D OplusLinkBoostCommon: onSceneUpdated: 5023,com.oneplus.note
02-12 22:36:42.299  4576  8528 I PantaCard.SysUi.PantanalClient:  sendKilledPid, pidInfo = PidInfo(hostPidMap={com.oneplus.note=[6532]}, umsPidSet=[], extras=null)[sdk:v1.3.80-cc7da83,seed-plugin:v16.1.42-ba326f79,app:v16.00.09]
02-12 22:36:42.303 17493  3376 I SG::IntentProviderHelper: removeDecisionResult,packageNames isnull,cardTypeList is [536871030, 268452871]
02-12 22:36:42.303 17493  3376 I SG::IntentProviderHelper: removeDecisionResults, serviceTypes: [536871030, 268452871]
02-12 22:36:42.303 17493  3376 I SG::DecisionStoreHelper: deleteDecisionResultsByServiceType, cardTypes: [536871030, 268452871]
02-12 22:36:42.303 17493  3376 I SG::DecisionStoreHelper: deleteDecisionResultsByServiceType, pid death time: 1770916002280
02-12 22:36:42.309  4576  8528 I SDP.SysUi.SeedlingManager:  sendKilledPid, entrance:status_bar[8,20][ssdk:v1.3.80-cc7da83,sdplugin:v16.1.42-ba326f79] [SeedlingSdk|com.android.systemui|2.0.26-f348910]
02-12 22:36:42.314  4576  8528 I SDP.SysUi.PidHelper:  sendKilledPidToUms, from entrance, pidInfo:PidInfo(hostPidMap={com.oneplus.note=[6532]}, umsPidSet=[], extras=null)[ssdk:v1.3.80-cc7da83,sdplugin:v16.1.42-ba326f79]
02-12 22:36:42.314  4576  5367 I SDP.SysUi.ContextProxy:  acquireClient with uri:content://com.oplus.pantanal.ums.HostPidProvider/pid, pkgName:com.android.systemui, use userContext, userId:0[ssdk:v1.3.80-cc7da83,sdplugin:v16.1.42-ba326f79]
02-12 22:36:42.314  4576  5367 D OplusUserContext: acquireUnstableContentProviderClient uri content://com.oplus.pantanal.ums.HostPidProvider/pid userUri content://0@com.oplus.pantanal.ums.HostPidProvider/pid UserContextImp com.android.systemui.SystemUIApplication@4bd7bcc userId 0
02-12 22:36:42.316  3023 27553 D BufferPoolAccessor2.0: bufferpool2 0xb4000073d0b17228 : 0(0 size) total buffers - 0(0 size) used buffers - 12/14 (recycle/alloc) - 2/13 (fetch/transfer)
02-12 22:36:42.317 17493  3376 I SG::DecisionStoreHelper: original sysResults: []
02-12 22:36:42.317 17493  3376 I SG::DecisionStoreHelper: needDeleteItems cardTypes = []
02-12 22:36:42.317 17493  3376 I SG::DecisionStoreHelper: deleteSystemStoreItems, serviceIds: []
02-12 22:36:42.317 17493  3376 I SG::DecisionStoreHelper: deleteStoreItem, deleteNum: 0
02-12 22:36:42.318 17493  3376 I SG::DecisionStoreHelper: deleteExpiredItems, deleteNum: 0
02-12 22:36:42.318 17493  3376 I SG::DecisionStoreHelper: deleteSystemStoreItems : no bootTime condition meet
02-12 22:36:42.318 17493  3376 I SG::DecisionStoreHelper: deleteStoreItem, no changed
02-12 22:36:42.319  3023 27553 D BufferPoolAccessor2.0: Destruction - bufferpool2 0xb4000073d0b17228 cached: 0/0M, 0/0% in use; allocs: 14, 86% recycled; transfers: 13, 85% unfetched
02-12 22:36:42.320  4576  5367 I SDP.SysUi.PidHelper:  sendKilledPidToUms, send to ums, bundle:Bundle[{bundle_key_ums_pid_set=[], bundle_key_host_pid_map={}}][ssdk:v1.3.80-cc7da83,sdplugin:v16.1.42-ba326f79]
02-12 22:36:42.345  3447  3996 I AppsFilter: interaction: PackageSetting{cd1f9c7 com.example.safesphere/10705} -> PackageSetting{2d08c6c com.facebook.appmanager/10180} BLOCKED
02-12 22:36:42.345  3447  3996 I AppsFilter: interaction: PackageSetting{b94d5b0 com.android.microdroid.empty_payload/10301} -> PackageSetting{2d08c6c com.facebook.appmanager/10180} BLOCKED
02-12 22:36:42.346  3447  3996 I AppsFilter: interaction: PackageSetting{5d39bae com.oplus.locationproxy/10215} -> PackageSetting{2d08c6c com.facebook.appmanager/10180} BLOCKED
02-12 22:36:42.346  3447  3996 I AppsFilter: interaction: PackageSetting{b1c7d4f com.android.certinstaller/10261} -> PackageSetting{2d08c6c com.facebook.appmanager/10180} BLOCKED
02-12 22:36:42.346  3447  3996 I AppsFilter: interaction: PackageSetting{3699cdc com.oplus.location/10280} -> PackageSetting{2d08c6c com.facebook.appmanager/10180} BLOCKED
02-12 22:36:42.362  3447  4382 D ShortcutService: received package broadcast intent: Intent { act=android.intent.action.PACKAGE_CHANGED dat=package: flg=0x45000010 (has extras) }
02-12 22:36:42.363  3447  4382 D ShortcutService: changing package: com.facebook.appmanager userId=0
02-12 22:36:42.363  3447  4382 D ShortcutService: handlePackageChanged: com.facebook.appmanager userId=0
02-12 22:36:42.363  3447  4382 D ShortcutService: rescanPackageIfNeeded 0@com.facebook.appmanager, forceRescan=true , isNewApp=true
02-12 22:36:42.363  3447  4272 V AccessibilityManagerService: onUserStateChangedLocked for user 0 with forceUpdate: false mEnabledServices = [] mCrashedServices = [] hasMagnificationConnection=false
02-12 22:36:42.363  3447  4382 D ShortcutService: Package com.facebook.appmanager has 0 manifest shortcut(s), and 0 share target(s)
02-12 22:36:42.363  3447  4272 W MagnificationConnectionManager: requestConnection duplicated request: connect=false, mConnectionState=DISCONNECTED
02-12 22:36:42.363  3447  4266 I VibrationEffectConvertor: onInputMethodListUpdated received, info.size = 3
02-12 22:36:42.363  3447  4266 I VibrationEffectConvertor: userid = 0, packageName = com.google.android.tts
02-12 22:36:42.363  3447  4266 I VibrationEffectConvertor: userid = 0, packageName = com.google.android.inputmethod.latin
02-12 22:36:42.363  3447  4266 I VibrationEffectConvertor: userid = 0, packageName = com.oplus.securitykeyboard
02-12 22:36:42.365  5065  5065 D CarrierSvcBindHelper: onPackageModified: com.facebook.appmanager
02-12 22:36:42.366  5065  6050 I SatelliteAppTracker: onPackageModified : com.facebook.appmanager
02-12 22:36:42.366  3447  3716 I system_server: AssetManager2(0xb400007b60505d28) locale list changing from [] to [en-GB]
02-12 22:36:42.367  5065  5065 D CarrierSvcBindHelper: No carrier app for: 0
02-12 22:36:42.367  5065  5065 D CarrierSvcBindHelper: No carrier app for: 1
02-12 22:36:42.370  4576  4685 W PluginActionManager: handleQueryPlugins, not in mPrivilegedPlugins, pkgName=com.facebook.appmanager
02-12 22:36:42.370  4576  4685 W PluginActionManager: handleQueryPlugins, not in mPrivilegedPlugins, pkgName=com.facebook.appmanager
02-12 22:36:42.370  4576  4685 W PluginActionManager: handleQueryPlugins, not in mPrivilegedPlugins, pkgName=com.facebook.appmanager
02-12 22:36:42.370  4576  4685 W PluginActionManager: handleQueryPlugins, not in mPrivilegedPlugins, pkgName=com.facebook.appmanager
02-12 22:36:42.370  4576  4685 W PluginActionManager: handleQueryPlugins, not in mPrivilegedPlugins, pkgName=com.facebook.appmanager
02-12 22:36:42.370  4576  4685 W PluginActionManager: handleQueryPlugins, not in mPrivilegedPlugins, pkgName=com.facebook.appmanager
02-12 22:36:42.370  4576  4685 W PluginActionManager: handleQueryPlugins, not in mPrivilegedPlugins, pkgName=com.facebook.appmanager
02-12 22:36:42.370  4576  4685 W PluginActionManager: handleQueryPlugins, not in mPrivilegedPlugins, pkgName=com.facebook.appmanager
02-12 22:36:42.370  4576  4685 W PluginActionManager: handleQueryPlugins, not in mPrivilegedPlugins, pkgName=com.facebook.appmanager
02-12 22:36:42.370  4576  4685 W PluginActionManager: handleQueryPlugins, not in mPrivilegedPlugins, pkgName=com.facebook.appmanager
02-12 22:36:42.370  4576  4685 W PluginActionManager: handleQueryPlugins, not in mPrivilegedPlugins, pkgName=com.facebook.appmanager
02-12 22:36:42.370  4576  4685 W PluginActionManager: handleQueryPlugins, not in mPrivilegedPlugins, pkgName=com.facebook.appmanager
02-12 22:36:42.370  4576  4685 W PluginActionManager: handleQueryPlugins, not in mPrivilegedPlugins, pkgName=com.facebook.appmanager
02-12 22:36:42.370  4576  4685 W PluginActionManager: handleQueryPlugins, not in mPrivilegedPlugins, pkgName=com.facebook.appmanager
02-12 22:36:42.370  5065  6039 D ImsResolver: maybeAddedImsService, packageName: com.facebook.appmanager
02-12 22:36:42.370  5065  6039 V ImsResolver: searchForImsServices: package=com.facebook.appmanager, users=[UserHandle{0}]
02-12 22:36:42.370  7598  9009 I PTC.DATATRANS.d: The current enabled state for com.facebook.appmanager : 0
02-12 22:36:42.370  7598  9009 W PTC.DATATRANS.d: Invalid PACKAGE_CHANGED event. Ignoring ...
02-12 22:36:42.370  5065  6039 V ImsResolver: searchForImsServices: package=com.facebook.appmanager, users=[UserHandle{0}]
02-12 22:36:42.371  4576  4576 D ControlsListingControllerImpl: ServiceConfig reloaded, count: 0
02-12 22:36:42.371  4576  4576 D OplusKeyGuardStylePluginManager: receive:android.intent.action.PACKAGE_CHANGED
02-12 22:36:42.374  5065  5065 D SatelliteController: packageStateChanged: package:com.facebook.appmanager DefaultSmsPackageName:com.google.android.apps.messaging
02-12 22:36:42.374  5065  5065 V SatelliteController: Neither SMS or SatelliteGateway package
02-12 22:36:42.375  7174  7174 W RegisteredComponentCache: generateComponentsList: Unable to load component info ResolveInfo{1510e91 com.bt.bms/in.juspay.hypernfc.NfcActivity m=0x108000 userHandle=UserHandle{0}}
02-12 22:36:42.375  7174  7174 W RegisteredComponentCache: org.xmlpull.v1.XmlPullParserException: No android.nfc.action.TECH_DISCOVERED meta-data
02-12 22:36:42.375  7174  7174 W RegisteredComponentCache: 	at com.android.nfc.RegisteredComponentCache.parseComponentInfo(RegisteredComponentCache.java:238)
02-12 22:36:42.375  7174  7174 W RegisteredComponentCache: 	at com.android.nfc.RegisteredComponentCache.generateComponentsList(RegisteredComponentCache.java:200)
02-12 22:36:42.375  7174  7174 W RegisteredComponentCache: 	at com.android.nfc.RegisteredComponentCache$1.onReceive(RegisteredComponentCache.java:75)
02-12 22:36:42.375  7174  7174 W RegisteredComponentCache: 	at android.app.LoadedApk$ReceiverDispatcher$Args.lambda$getRunnable$0(LoadedApk.java:2002)
02-12 22:36:42.375  7174  7174 W RegisteredComponentCache: 	at android.app.LoadedApk$ReceiverDispatcher$Args.$r8$lambda$mcNAAl1SQ4MyJPyDg8TJ2x2h0Rk(Unknown Source:0)
02-12 22:36:42.375  7174  7174 W RegisteredComponentCache: 	at android.app.LoadedApk$ReceiverDispatcher$Args$$ExternalSyntheticLambda0.run(D8$$SyntheticClass:0)
02-12 22:36:42.375  7174  7174 W RegisteredComponentCache: 	at android.os.Handler.handleCallback(Handler.java:1027)
02-12 22:36:42.375  7174  7174 W RegisteredComponentCache: 	at android.os.Handler.dispatchMessage(Handler.java:108)
02-12 22:36:42.375  7174  7174 W RegisteredComponentCache: 	at android.os.Looper.loopOnce(Looper.java:298)
02-12 22:36:42.375  7174  7174 W RegisteredComponentCache: 	at android.os.Looper.loop(Looper.java:408)
02-12 22:36:42.375  7174  7174 W RegisteredComponentCache: 	at android.app.ActivityThread.main(ActivityThread.java:9964)
02-12 22:36:42.375  7174  7174 W RegisteredComponentCache: 	at java.lang.reflect.Method.invoke(Native Method)
02-12 22:36:42.375  7174  7174 W RegisteredComponentCache: 	at com.android.internal.os.RuntimeInit$MethodAndArgsCaller.run(RuntimeInit.java:613)
02-12 22:36:42.375  7174  7174 W RegisteredComponentCache: 	at com.android.internal.os.ZygoteInit.main(ZygoteInit.java:1074)
02-12 22:36:42.375  1183  1183 E lowmemorykiller: device memory 524093 free 64076 file 476801
02-12 22:36:42.375  7174  7174 W RegisteredComponentCache: generateComponentsList: Unable to load component info ResolveInfo{aa049f7 com.healthifyme.basic/in.juspay.hypernfc.NfcActivity m=0x108000 userHandle=UserHandle{0}}
02-12 22:36:42.375  7174  7174 W RegisteredComponentCache: org.xmlpull.v1.XmlPullParserException: No android.nfc.action.TECH_DISCOVERED meta-data
02-12 22:36:42.375  7174  7174 W RegisteredComponentCache: 	at com.android.nfc.RegisteredComponentCache.parseComponentInfo(RegisteredComponentCache.java:238)
02-12 22:36:42.375  7174  7174 W RegisteredComponentCache: 	at com.android.nfc.RegisteredComponentCache.generateComponentsList(RegisteredComponentCache.java:200)
02-12 22:36:42.375  7174  7174 W RegisteredComponentCache: 	at com.android.nfc.RegisteredComponentCache$1.onReceive(RegisteredComponentCache.java:75)
02-12 22:36:42.375  7174  7174 W RegisteredComponentCache: 	at android.app.LoadedApk$ReceiverDispatcher$Args.lambda$getRunnable$0(LoadedApk.java:2002)
02-12 22:36:42.375  7174  7174 W RegisteredComponentCache: 	at android.app.LoadedApk$ReceiverDispatcher$Args.$r8$lambda$mcNAAl1SQ4MyJPyDg8TJ2x2h0Rk(Unknown Source:0)
02-12 22:36:42.375  7174  7174 W RegisteredComponentCache: 	at android.app.LoadedApk$ReceiverDispatcher$Args$$ExternalSyntheticLambda0.run(D8$$SyntheticClass:0)
02-12 22:36:42.375  7174  7174 W RegisteredComponentCache: 	at android.os.Handler.handleCallback(Handler.java:1027)
02-12 22:36:42.375  7174  7174 W RegisteredComponentCache: 	at android.os.Handler.dispatchMessage(Handler.java:108)
02-12 22:36:42.375  7174  7174 W RegisteredComponentCache: 	at android.os.Looper.loopOnce(Looper.java:298)
02-12 22:36:42.375  7174  7174 W RegisteredComponentCache: 	at android.os.Looper.loop(Looper.java:408)
02-12 22:36:42.375  7174  7174 W RegisteredComponentCache: 	at android.app.ActivityThread.main(ActivityThread.java:9964)
02-12 22:36:42.375  7174  7174 W RegisteredComponentCache: 	at java.lang.reflect.Method.invoke(Native Method)
02-12 22:36:42.375  7174  7174 W RegisteredComponentCache: 	at com.android.internal.os.RuntimeInit$MethodAndArgsCaller.run(RuntimeInit.java:613)
02-12 22:36:42.375  7174  7174 W RegisteredComponentCache: 	at com.android.internal.os.ZygoteInit.main(ZygoteInit.java:1074)
02-12 22:36:42.375  7174  7174 W RegisteredComponentCache: generateComponentsList: Unable to load component info ResolveInfo{86702cd com.mventus.selfcare.activity/in.juspay.hypernfc.NfcActivity m=0x108000 userHandle=UserHandle{0}}
02-12 22:36:42.375  7174  7174 W RegisteredComponentCache: org.xmlpull.v1.XmlPullParserException: No android.nfc.action.TECH_DISCOVERED meta-data
02-12 22:36:42.375  7174  7174 W RegisteredComponentCache: 	at com.android.nfc.RegisteredComponentCache.parseComponentInfo(RegisteredComponentCache.java:238)
02-12 22:36:42.375  7174  7174 W RegisteredComponentCache: 	at com.android.nfc.RegisteredComponentCache.generateComponentsList(RegisteredComponentCache.java:200)
02-12 22:36:42.375  7174  7174 W RegisteredComponentCache: 	at com.android.nfc.RegisteredComponentCache$1.onReceive(RegisteredComponentCache.java:75)
02-12 22:36:42.375  7174  7174 W RegisteredComponentCache: 	at android.app.LoadedApk$ReceiverDispatcher$Args.lambda$getRunnable$0(LoadedApk.java:2002)
02-12 22:36:42.375  7174  7174 W RegisteredComponentCache: 	at android.app.LoadedApk$ReceiverDispatcher$Args.$r8$lambda$mcNAAl1SQ4MyJPyDg8TJ2x2h0Rk(Unknown Source:0)
02-12 22:36:42.375  7174  7174 W RegisteredComponentCache: 	at android.app.LoadedApk$ReceiverDispatcher$Args$$ExternalSyntheticLambda0.run(D8$$SyntheticClass:0)
02-12 22:36:42.375  7174  7174 W RegisteredComponentCache: 	at android.os.Handler.handleCallback(Handler.java:1027)
02-12 22:36:42.375  7174  7174 W RegisteredComponentCache: 	at android.os.Handler.dispatchMessage(Handler.java:108)
02-12 22:36:42.375  7174  7174 W RegisteredComponentCache: 	at android.os.Looper.loopOnce(Looper.java:298)
02-12 22:36:42.375  7174  7174 W RegisteredComponentCache: 	at android.os.Looper.loop(Looper.java:408)
02-12 22:36:42.375  7174  7174 W RegisteredComponentCache: 	at android.app.ActivityThread.main(ActivityThread.java:9964)
02-12 22:36:42.375  7174  7174 W RegisteredComponentCache: 	at java.lang.reflect.Method.invoke(Native Method)
02-12 22:36:42.375  7174  7174 W RegisteredComponentCache: 	at com.android.internal.os.RuntimeInit$MethodAndArgsCaller.run(RuntimeInit.java:613)
02-12 22:36:42.375  7174  7174 W RegisteredComponentCache: 	at com.android.internal.os.ZygoteInit.main(ZygoteInit.java:1074)
02-12 22:36:42.375  7174  7174 W RegisteredComponentCache: generateComponentsList: Unable to load component info ResolveInfo{d858e93 cris.org.in.prs.ima/in.juspay.hypernfc.NfcActivity m=0x108000 userHandle=UserHandle{0}}
02-12 22:36:42.375  7174  7174 W RegisteredComponentCache: org.xmlpull.v1.XmlPullParserException: No android.nfc.action.TECH_DISCOVERED meta-data
02-12 22:36:42.375  7174  7174 W RegisteredComponentCache: 	at com.android.nfc.RegisteredComponentCache.parseComponentInfo(RegisteredComponentCache.java:238)
02-12 22:36:42.375  7174  7174 W RegisteredComponentCache: 	at com.android.nfc.RegisteredComponentCache.generateComponentsList(RegisteredComponentCache.java:200)
02-12 22:36:42.375  7174  7174 W RegisteredComponentCache: 	at com.android.nfc.RegisteredComponentCache$1.onReceive(RegisteredComponentCache.java:75)
02-12 22:36:42.375  7174  7174 W RegisteredComponentCache: 	at android.app.LoadedApk$ReceiverDispatcher$Args.lambda$getRunnable$0(LoadedApk.java:2002)
02-12 22:36:42.375  7174  7174 W RegisteredComponentCache: 	at android.app.LoadedApk$ReceiverDispatcher$Args.$r8$lambda$mcNAAl1SQ4MyJPyDg8TJ2x2h0Rk(Unknown Source:0)
02-12 22:36:42.375  7174  7174 W RegisteredComponentCache: 	at android.app.LoadedApk$ReceiverDispatcher$Args$$ExternalSyntheticLambda0.run(D8$$SyntheticClass:0)
02-12 22:36:42.375  7174  7174 W RegisteredComponentCache: 	at android.os.Handler.handleCallback(Handler.java:1027)
02-12 22:36:42.375  7174  7174 W RegisteredComponentCache: 	at android.os.Handler.dispatchMessage(Handler.java:108)
02-12 22:36:42.375  7174  7174 W RegisteredComponentCache: 	at android.os.Looper.loopOnce(Looper.java:298)
02-12 22:36:42.375  7174  7174 W RegisteredComponentCache: 	at android.os.Looper.loop(Looper.java:408)
02-12 22:36:42.375  7174  7174 W RegisteredComponentCache: 	at android.app.ActivityThread.main(ActivityThread.java:9964)
02-12 22:36:42.375  7174  7174 W RegisteredComponentCache: 	at java.lang.reflect.Method.invoke(Native Method)
02-12 22:36:42.375  7174  7174 W RegisteredComponentCache: 	at com.android.internal.os.RuntimeInit$MethodAndArgsCaller.run(RuntimeInit.java:613)
02-12 22:36:42.375  7174  7174 W RegisteredComponentCache: 	at com.android.internal.os.ZygoteInit.main(ZygoteInit.java:1074)
02-12 22:36:42.376  5065  5065 E SmsApplication: com.google.android.apps.messaging lost android:read_cell_broadcasts:  (fixing)
02-12 22:36:42.376  3447  5416 W AppOpService: Ignored setUidMode call for runtime permission app op: uid = 10127, code = READ_CELL_BROADCASTS, mode = allow, callingUid = 1001, oldMode = allow
02-12 22:36:42.378  3447  5416 W AppOpService: Ignored setUidMode call for runtime permission app op: uid = 1001, code = READ_SMS, mode = allow, callingUid = 1001, oldMode = allow
02-12 22:36:42.378  3447  5416 W AppOpService: Ignored setUidMode call for runtime permission app op: uid = 1001, code = RECEIVE_SMS, mode = allow, callingUid = 1001, oldMode = allow
02-12 22:36:42.378  3447  5416 W AppOpService: Ignored setUidMode call for runtime permission app op: uid = 1001, code = RECEIVE_WAP_PUSH, mode = allow, callingUid = 1001, oldMode = allow
02-12 22:36:42.378  3447  5416 W AppOpService: Ignored setUidMode call for runtime permission app op: uid = 1001, code = SEND_SMS, mode = allow, callingUid = 1001, oldMode = allow
02-12 22:36:42.378  3447  5416 W AppOpService: Ignored setUidMode call for runtime permission app op: uid = 1001, code = READ_CELL_BROADCASTS, mode = allow, callingUid = 1001, oldMode = allow
02-12 22:36:42.378  5065  5065 D SatelliteAccessController: Current default SMS app:ComponentInfo{com.google.android.apps.messaging/com.google.android.apps.messaging.shared.receiver.SmsDeliverReceiver}
02-12 22:36:42.378  5065  5065 D SatelliteController: getSelectedSatelliteSubId: subId=-1
02-12 22:36:42.378  5065  5065 D SatelliteAccessController: supportedMsgApps:com.google.android.apps.messaging
02-12 22:36:42.380  7174  7174 I RegisteredComponentCache: generateComponentsList: New Components => 
02-12 22:36:42.380  7174  7174 I RegisteredComponentCache: ComponentInfo: ResolveInfo{cc1be01 com.android.apps.tag/.TagViewer m=0x108000 userHandle=UserHandle{0}}, techs: android.nfc.tech.Ndef, 
02-12 22:36:42.380  7174  7174 I RegisteredComponentCache: ComponentInfo: ResolveInfo{c2864a6 com.healthifyme.basic/.cgm.presentation.CgmMainActivity m=0x108000 userHandle=UserHandle{0}}, techs: android.nfc.tech.NfcV, android.nfc.tech.NdefFormatable, 
02-12 22:36:42.380  7174  7174 I RegisteredComponentCache: ComponentInfo: ResolveInfo{a419ee7 com.oplus.consumerIRApp/.nfc.NfcReceiveActivity m=0x108000 userHandle=UserHandle{0}}, techs: android.nfc.tech.IsoDep, 
02-12 22:36:42.380  7174  7174 I RegisteredComponentCache: ComponentInfo: ResolveInfo{a053a94 com.tourlandish.chronos/.MainActivity m=0x108000 userHandle=UserHandle{0}}, techs: android.nfc.tech.IsoDep, android.nfc.tech.NfcA, android.nfc.tech.NfcB, android.nfc.tech.NfcF, android.nfc.tech.NfcV, android.nfc.tech.Ndef, android.nfc.tech.NdefFormatable, android.nfc.tech.MifareClassic, android.nfc.tech.MifareUltralight, 
02-12 22:36:42.380  7174  7174 I RegisteredComponentCache: generateComponentsList: Removed Components => 
02-12 22:36:42.380  7174  7174 I RegisteredComponentCache: ComponentInfo: ResolveInfo{7303870 com.android.apps.tag/.TagViewer m=0x108000 userHandle=UserHandle{0}}, techs: android.nfc.tech.Ndef, 
02-12 22:36:42.380  7174  7174 I RegisteredComponentCache: ComponentInfo: ResolveInfo{75a57e9 com.healthifyme.basic/.cgm.presentation.CgmMainActivity m=0x108000 userHandle=UserHandle{0}}, techs: android.nfc.tech.NfcV, android.nfc.tech.NdefFormatable, 
02-12 22:36:42.380  7174  7174 I RegisteredComponentCache: ComponentInfo: ResolveInfo{f769c6e com.oplus.consumerIRApp/.nfc.NfcReceiveActivity m=0x108000 userHandle=UserHandle{0}}, techs: android.nfc.tech.IsoDep, 
02-12 22:36:42.380  7174  7174 I RegisteredComponentCache: ComponentInfo: ResolveInfo{43e4f0f com.tourlandish.chronos/.MainActivity m=0x108000 userHandle=UserHandle{0}}, techs: android.nfc.tech.IsoDep, android.nfc.tech.NfcA, android.nfc.tech.NfcB, android.nfc.tech.NfcF, android.nfc.tech.NfcV, android.nfc.tech.Ndef, android.nfc.tech.NdefFormatable, android.nfc.tech.MifareClassic, android.nfc.tech.MifareUltralight, 
02-12 22:36:42.384  3447  3804 W Searchables: No web search activity found
02-12 22:36:42.476  1183  1183 E lowmemorykiller: device memory 523942 free 63387 file 477341
02-12 22:36:42.502  1858 24809 I sensors-hal: handle_oplus_wise_rgb_event:189, high_pwm_light:lux 74.0,cct 6145.3,brl/algo/ir 942.0/2.0/51.5,pwm/dc 0.0/0.0,rgbc 5693.731934/3797.782471/2602.364502/10936.522461,ts 834140548009145,cnt 27946,flag 80334
02-12 22:36:42.575  1959  1959 D SensorFeature: name=ssc_screenshot_info ,index = 22
02-12 22:36:42.575  1959  1959 D SensorFeature: write 39 bytes:834139919564127,834140851351106,14799,0
02-12 22:36:42.602  3447  4623 D Osense-BaseDecisionMaker: notifyDelayedSceneToPolicy
02-12 22:36:42.603  3447  4623 I Osense-BaseDecisionMaker: scene: SCENE_APP_SWITCH, excutingPolicy: clear
02-12 22:36:42.603  3447  4623 D Osense-BaseDecisionMaker: invoke clear policy,type: cached
02-12 22:36:42.605  3447  4636 I OsenseKillAction: KillAction: [atomic clean] start name=lowmem, requestId=29312, startAvail=2046, startFreeMB=247, purposeAvailMB=2400, purposeFreeMB=-1, anonRssTarget=354, minBgCount=0, maxAppCare=100, swapTarget=0, scene=SCENE_APP_SWITCH, type=cached, qb=false, cchOnly=true, urgency=false, hoggingCpuPids={}, invalid-cnt=4
02-12 22:36:42.625  3447  4636 I OsenseKillAction: KillAction: group process done, total=5ms, firstLoop=3ms, updateProcessInfo=2ms, idleList=0ms, curBg=2
02-12 22:36:42.626  3447  4636 I OsenseKillAction: scanCchEmptyProc: +++++++ start double check +++++++
02-12 22:36:42.626  3447  4636 I OsenseKillAction: scanCchEmptyProc: cch check done: killablePss=0kb, killableAnonRss=89mb, time=0ms, candidate cnt: 2
02-12 22:36:42.626  3447  4636 I OsenseKillAction: scanNonUiProc: ----------start check non ui proc-----------
02-12 22:36:42.626  3447  4636 I OsenseKillAction: scanNonUiProc: done check non ui proc: killablePss=0kb, killableAnonRss=0mb, time=0ms, collected proc num: 0
02-12 22:36:42.626  3447  4636 I OsenseKillAction: scanOomAdj: skip scan oom adj for lowmem
02-12 22:36:42.626  3447  4636 I OsenseKillAction: scanAllProc: skip scan all proc for lowmem
02-12 22:36:42.636  3447  4636 I OsenseKillAction: KillAction: Kill ProcessInfo{8318:com.android.keychain/1000 oom:CEM/51/935/cch-empty mem:0/39/40 extra:25s/true/false/0/0/false}: Cached(lowmem) 10ms
02-12 22:36:42.638  3447  4636 I OsenseKillAction: KillAction: Kill ProcessInfo{8481:com.google.android.odad/u0a117 oom:CEM/63/925/cch-empty mem:0/50/41 extra:22s/true/false/0/0/false}: Cached(lowmem) 2ms
02-12 22:36:42.639  3447  4636 I OsenseKillAction: KillAction: done execute kill, pi2app=0ms, monitor=0ms, kill=12ms, total=12ms, kill cnt=2, local cnt=2
02-12 22:36:42.639  3447  4636 I OsenseKillAction: KillAction: [atomic clean] end requestId=29312, endAvail=2047mb, reclaimed: [pss=0mb, anonRss=89mb, swap=81mb, mem=89mb, Rss=271mb], timing: [total=34ms, update=1ms, readMem=12ms, group=5ms, cch=0ms, nonUi=0ms, oomadj=0ms, allProc=0ms, monitor=0ms, kill=12ms], sysinfo: [bgcount=2]
02-12 22:36:42.639  3447  4636 I OsenseKillAction: KillAction: 265mb more anonRss to reclaim, 0mb more swapMb to reclaim, <skip> mem guard, cur avail=2047mb, bundle: Bundle[{appcareThreshold=0, prevPkgName=com.android.launcher, triggerMemory=2200, curUid=10705, isGame=false, curPkgName=com.example.safesphere, qbmode=false, prevUid=10249, type=cached, level=1, scene=SCENE_APP_SWITCH, requestId=29312, purposeMemory=2400}]
02-12 22:36:42.640  3447  4622 I Osense-BaseDecisionMaker: notifySceneToAthenaPolicy: SCENE_MEM_RELEASED, bundle: Bundle[{scene=SCENE_MEM_RELEASED}]
02-12 22:36:42.640  3447  4622 I Osense-BaseDecisionMaker: OSense not supported scene! SCENE_MEM_RELEASED
02-12 22:36:42.663  3447  3856 I libprocessgroup: Removed cgroup /sys/fs/cgroup/system/uid_1000/pid_8318
02-12 22:36:42.663  1722  1722 I Zygote  : Process 8318 exited due to signal 9 (Killed)
02-12 22:36:42.663  3447  5416 I ActivityManager: Death received, pid = 8318, processName = com.android.keychain for thread android.os.BinderProxy@6ccb857
02-12 22:36:42.664  3447 11481 I ActivityManager: Process com.android.keychain (pid 8318) has died: cch+35 CEM 
02-12 22:36:42.667  1947  1947 E qspmHal : setAppInfoH atPid = 8318, gpuFname:com.android.keychain, gpuFver:160000000
02-12 22:36:42.668  3447 11481 E WindowProcessControllerExtImpl: shouldMakeAbnormalActivityFinishing, list may empty, mHasActivities: false
02-12 22:36:42.669 18235 18294 I metis_v2_AppDiedObserver: shortcutAppDiedCallback, fenceKey = app_died_shortcut [Metis|com.oplus.metis|2.0.20-aa39d14]
02-12 22:36:42.670  3447  6014 I OStatsManager_OplusBatteryStatsManager: updateStateTime: PkgName = com.android.keychain, uid = 1000, state to em, mForegroundCnt = 0, isFg = false
02-12 22:36:42.670  3447  5449 W Athena  : athena_optimize: recordTime, mLastDeathTime: 834051
02-12 22:36:42.670  3447  5449 W Athena  : athena_optimize: recordInterval,  intervalTime: 64
02-12 22:36:42.670  3447  5449 E Athena  : athena_optimize: pkg: com.android.keychain, processName: com.android.keychaingetPercentage: 50
02-12 22:36:42.675  3447  3856 I libprocessgroup: Removed cgroup /sys/fs/cgroup/apps/uid_10117/pid_8481
02-12 22:36:42.675  1722  1722 I Zygote  : Process 8481 exited due to signal 9 (Killed)
02-12 22:36:42.675  3447  4803 I ActivityManager: Death received, pid = 8481, processName = com.google.android.odad for thread android.os.BinderProxy@f9f2f44
02-12 22:36:42.675  3447  4717 I ActivityManager: Process com.google.android.odad (pid 8481) has died: cch+25 CEM 
02-12 22:36:42.676  1183  1183 E lowmemorykiller: device memory 526006 free 65192 file 477466
02-12 22:36:42.676  3447  4222 D ActivityManager: reportOneUidFrozenStateChanged uid 10117 frozen = false
02-12 22:36:42.677  1947  1947 E qspmHal : setAppInfoH atPid = 8481, gpuFname:com.google.android.odad, gpuFver:853980
02-12 22:36:42.677  3447  4717 E WindowProcessControllerExtImpl: shouldMakeAbnormalActivityFinishing, list may empty, mHasActivities: false
02-12 22:36:42.678  3447  6014 I OStatsManager_OplusBatteryStatsManager: updateStateTime: PkgName = com.google.android.odad, uid = 10117, state to em, mForegroundCnt = 0, isFg = false
02-12 22:36:42.679  3447  5449 W Athena  : athena_optimize: recordTime, mLastDeathTime: 834051
02-12 22:36:42.679  3447  5449 W Athena  : athena_optimize: recordInterval,  intervalTime: 64
02-12 22:36:42.679  3447  5449 E Athena  : athena_optimize: pkg: com.google.android.odad, processName: com.google.android.odadgetPercentage: 47
02-12 22:36:42.679 18235 18294 I metis_v2_AppDiedObserver: shortcutAppDiedCallback, fenceKey = app_died_shortcut
02-12 22:36:42.682  4814  6158 V OsAgent : broadcastSystemEvent - 7
02-12 22:36:42.682  5309  7884 D ActivityAdapter: ugc uid gone, uid=10117
02-12 22:36:42.683  5138  5560 D OplusLinkBoostSceneManager: sceneStateUpdate: 5023,com.google.android.odad,switch:[false, true, true, true]
02-12 22:36:42.683  5138  5560 D OplusLinkBoostCommon: onSceneUpdated: 5023,com.google.android.odad
02-12 22:36:42.706  3447  3828 W QosScheduler: getScenario failed! scenarios is null, mask=2
02-12 22:36:42.706  3447  3828 W QosScheduler: executeSceneQosStrategy get scenario failed! scenario is null
02-12 22:36:42.777  3447  4344 D AS.AudioService: uid 1000, callingApp = android.uid.system:1000
02-12 22:36:42.867  4766  4766 I PluginManagerImpl: actionManager.reloadPackage, pkg: com.facebook.appmanager
02-12 22:36:42.867  4766  4766 I PluginManagerImpl: actionManager.reloadPackage, pkg: com.facebook.appmanager
02-12 22:36:42.867  4766  4766 I PluginManagerImpl: actionManager.reloadPackage, pkg: com.facebook.appmanager
02-12 22:36:42.867  4766  4766 I PluginManagerImpl: actionManager.reloadPackage, pkg: com.facebook.appmanager
02-12 22:36:42.870 17493 17493 I SG::PackageReceiver: onReceive action = android.intent.action.PACKAGE_CHANGED
02-12 22:36:42.870  3447  5401 D PackageManager_InfoGetNullLogPrint: Target:com.heytap.quicksearchbox callingUid=10249 userid=0 flag=0xc0000 reason is AppInfo not found in mPackages
02-12 22:36:42.870  1959  1959 D SensorFeature: name=ssc_screenshot_info ,index = 22
02-12 22:36:42.870  1959  1959 D SensorFeature: write 39 bytes:834139919564127,834141144721054,14800,0
02-12 22:36:42.870 25946 25946 I MainLooperBlockDetector: com.oplus.assistantscreen.card.step.StepPermissionManager$PackageReceiver.onReceive
02-12 22:36:42.871 25946 25946 I MainLooperBlockDetector: checkMainLooperBlocked: detector not initialized
02-12 22:36:42.871  4766 23745 E PackageUtils[u0]: checkPackageExist Exception: android.content.pm.PackageManager$NameNotFoundException: com.heytap.quicksearchbox
02-12 22:36:42.871 17493  8635 I SG::UmsScanner: scan pkg: com.facebook.appmanager start...
02-12 22:36:42.871  1858  1992 I sensors-hal: get_display_brightness:818, light_iface: set screenshot_info [834139919564127,834141144721054,14800,0]
02-12 22:36:42.873 17493 23018 I SG::OCSCacheHelper: checkFromPackageReceiver, start scan single pkg: com.facebook.appmanager
02-12 22:36:42.874 17493 23018 I SG::OCSCacheHelper: checkFromPackageReceiver scanSingle resolvedInfo size = 0
02-12 22:36:42.874 17493 23018 E SG::OCSCacheHelper: checkFromPackageReceiver resolvedInfo is empty,pkg = com.facebook.appmanager
02-12 22:36:42.876  1183  1183 E lowmemorykiller: device memory 528313 free 67167 file 477694
02-12 22:36:42.877 17493 17493 I SG::HomeLeftServiceHelper: handlePackageChanged,package com.facebook.appmanager changed, enabled=true
02-12 22:36:42.877 17493 17493 I CardConfig.PackageObserver: onReceive: action = android.intent.action.PACKAGE_CHANGED, name = appmanager, isUpdated = false
02-12 22:36:42.877 17493 17493 I CardConfig.CachedPackageManagerProxy: onPackageChanged: appmanager
02-12 22:36:42.882 17493 17604 I CardConfig.SeedingCardProviderProxy: subscribePackageChangeObservable do nothing
02-12 22:36:42.944  4766  4868 I ndroid.launcher: AssetManager2(0xb400007c8b59cf28) locale list changing from [] to [en-GB]
02-12 22:36:42.945  4766  4868 V OplusUXIconLoader: loadUxIcon drawable null, packageName = com.facebook.appmanager,activityName =:null
02-12 22:36:42.977  3447  4222 D ActivityManager: freezing 27931 com.google.android.gms
02-12 22:36:42.978  1183  1183 E lowmemorykiller: device memory 528163 free 66199 file 477904
02-12 22:36:43.016  1858 24809 I sensors-hal: handle_oplus_wise_rgb_event:189, high_pwm_light:lux 81.2,cct 6065.4,brl/algo/ir 942.0/2.0/52.4,pwm/dc 0.0/0.0,rgbc 5412.041992/3559.274414/2502.547852/10356.463867,ts 834141135702791,cnt 27956,flag 80336
02-12 22:36:43.080  1183  1183 E lowmemorykiller: device memory 528176 free 66161 file 477917
02-12 22:36:43.082  3447  3851 D ActivityManager: Async freezing 2617 com.oplus.romupdate
02-12 22:36:43.079  5309  7430 D CommonApp-893-10705: transport layer data is invalid
02-12 22:36:43.083  5309  7430 D ScorePolicy: handleScoreChanged: []
02-12 22:36:43.083  5309  7430 D ScorePolicy: handleScoreChanged: []
02-12 22:36:43.083  5309  7430 D ScorePolicy: handleScoreChanged: []
02-12 22:36:43.164  1959  1959 D SensorFeature: name=ssc_screenshot_info ,index = 22
02-12 22:36:43.164  1959  1959 D SensorFeature: write 39 bytes:834139919564127,834141439762147,14801,0
02-12 22:36:43.172  5309  5946 D CoexRfService: report RRC state:true
02-12 22:36:43.274  3447  4220 D FusionLightNextGen: process end reported = 1, mode: 0, cnt: 165345, lux 26.3, cct -1.0, r/g/b/c: 5358.1/3510.3/2445.5/10223.5, R/G/B: 247.0/251.0/253.0, bri 942.0, match 1.00, ir 0.057925, conf 0.0, ts 834141425409874
02-12 22:36:43.299  1866 28168 I WifiHAL : event received NL80211_CMD_VENDOR, vendor_id = 0x1374, subcmd = 0xd
02-12 22:36:43.300  3067  3067 I cnss-daemon: nl80211 response handler invoked
02-12 22:36:43.300  3067  3067 I cnss-daemon: nl80211_response_handler: cmd 103, vendorID 4980, subcmd 13  received
02-12 22:36:43.459  1959  1959 D SensorFeature: name=ssc_screenshot_info ,index = 22
02-12 22:36:43.459  1959  1959 D SensorFeature: write 39 bytes:834139919564127,834141734838345,14802,0
02-12 22:36:43.538  1858 24809 I sensors-hal: handle_oplus_wise_rgb_event:189, high_pwm_light:lux 76.1,cct 6043.9,brl/algo/ir 942.0/2.0/52.6,pwm/dc 0.0/0.0,rgbc 5118.365234/3326.881836/2367.082031/9722.024414,ts 834141723204145,cnt 27966,flag 80338
02-12 22:36:43.540  3447  3937 D OplusBrightnessSceneAdapter: Arc scene change!!! NormalScene -> StableScene [erraticScore:-1, stableScore:5467] isLuxRefresh:true
02-12 22:36:43.540  3447  3937 D OplusBrightnessAmbientAdapter[StabilityProcess]: updateRangeStrategy: reason[SceneChange ] baseLux:18.164, scene:StableScene large{6.58445, 41.323097} largeForAux{6.58445, 41.323097} small{11.987469, 24.34053} null
02-12 22:36:43.755  1959  1959 D SensorFeature: name=ssc_screenshot_info ,index = 22
02-12 22:36:43.755  1959  1959 D SensorFeature: write 39 bytes:834139919564127,834142030403241,14803,0
02-12 22:36:43.849  1847  1423 I vendor.qti.bluetooth@1.1-ibs_handler: ProcessIbsCmd: Received IBS_WAKE_IND: 0xFD
02-12 22:36:43.849  1847  1423 D vendor.qti.bluetooth@1.1-ibs_handler: SerialClockVote: vote for UART CLK ON
02-12 22:36:43.850  1847  1423 E vendor.qti.bluetooth@1.1-wake_lock: Acquire write to wakelock file failed -1 - Operation not permitted
02-12 22:36:43.850  1847  1423 I vendor.qti.bluetooth@1.1-ibs_handler: ProcessIbsCmd: Writing IBS_WAKE_ACK
02-12 22:36:43.853  3447  4228 W OPLUS_LOG_LOAD: ==LOGS PROG INFO, prog(system_server) ==
02-12 22:36:43.853  3447  4228 V AlarmManager: sending alarm Alarm{f56bf99 type 1 origWhen 1770916003853 whenElapsed 834142129 android} uid 1000 whenElapsed 834142129 windowLength 0 maxWhenElapsed 834142129 repeatInterval 0 action null component null tag StorgaeBandInfoAlarmTag flags 0x9 procName system_server
02-12 22:36:43.855  3447  1012 E OplusStorageUFSBandwidth: storage_io_metrics_path is /proc/oplus_storage/io_metrics/forever/
02-12 22:36:43.858  3447  1012 E OplusStorageUFSBandwidth: Bandwidth - Read: 7.48 MB/s, Write: 0.50 MB/s
02-12 22:36:43.859  3447  1012 E OplusStorageUFSBandwidth: Task time: 4ms
02-12 22:36:43.862 29993  8105 I NearbyDiscovery: (REDACTED) [trigger-id=Pbft398CA17B, feature-id=Bano] FastPairBatteryNotification: Cannot processBatteryAdvertisement due to unsupported scalable seeker handler, batteryAdvertisement=%s
02-12 22:36:43.866  3447  1012 E OplusStorageUFSBandwidth: Alarm set to trigger in 10 seconds
02-12 22:36:43.885 17493 17525 I SG::UmsScanner: queryAccessPackages list.size 102,localApkSet = [com.android.incallui, com.oplus.linker, com.oplus.wirelesssettings, com.coloros.soundrecorder, com.coloros.oshare, com.oplus.ipemanager, com.coloros.accessibilityassistant, com.oplus.screenrecorder, com.nearme.instant.platform, com.coloros.weather2, com.oplus.secondaryhome, com.oplus.melody, com.heytap.health, com.oplus.dialer, com.coloros.alarmclock, com.oplus.padconnect, com.oneplus.soundrecorder, com.oneplus.deskclock, com.snapchat.android, com.grabtaxi.passenger, com.android.systemui, com.oplus.seedling.media, com.oplus.battery, com.oplus.gesture, com.coloros.sceneservice, com.oplus.mediacontroller, com.heytap.accessory, com.oplus.safecenter, com.coloros.securepay, com.oplus.securepay, com.oneplus.oshare, com.coloros.floatassistant, net.oneplus.weather, com.oplus.securitypermission, com.oplus.eyeprotect, com.coloros.gallery3d, com.oplus.remotecontrol, com.oneplus.gallery, com.coloros.note, com.oneplus.note, com.oplus.exsystemservice, com.oplus.calendar, com.coloros.filemanager, com.oneplus.filemanager, com.oplus.ambient.livealert, com.coloros.colordirectservice, com.oplus.wallpapers, com.oplus.aimemory, com.oplus.rom, com.oplus.camera, com.oplus.gleanerservice]
02-12 22:36:43.886 17493 17525 I SG::UmsScanner: accessPackageInfos size:0
02-12 22:36:43.888 17493  8518 I SG::StaticManager[RepositoryManager]: getCardInfoModifyTime.
02-12 22:36:43.892  1847  1423 I vendor.qti.bluetooth@1.1-ibs_handler: ProcessIbsCmd: Received IBS_SLEEP_IND: 0xFE
02-12 22:36:43.892  1847  1423 D vendor.qti.bluetooth@1.1-ibs_handler: SerialClockVote: vote for UART CLK OFF
02-12 22:36:43.990  3447  4222 D ActivityManager: Freezer deadlock watchdog
02-12 22:36:44.042  1847  1412 E vendor.qti.bluetooth@1.1-wake_lock: Release wake lock not initialized/acquired
02-12 22:36:44.049  1959  1959 D SensorFeature: name=ssc_screenshot_info ,index = 22
02-12 22:36:44.049  1959  1959 D SensorFeature: write 39 bytes:834139919564127,834142324808032,14804,0
02-12 22:36:44.052  1858 24809 I sensors-hal: handle_oplus_wise_rgb_event:189, high_pwm_light:lux 72.4,cct 6105.9,brl/algo/ir 942.0/2.0/53.3,pwm/dc 0.0/0.0,rgbc 5166.312500/3369.690918/2352.822754/9848.912109,ts 834142294568312,cnt 27976,flag 80340
02-12 22:36:44.081  3447  3851 I ActivityManager: Killing 7122:net.oneplus.weather/u0a229 (adj 975): empty #25
02-12 22:36:44.102  5309  7430 D CommonApp-893-10705: transport layer data is invalid
02-12 22:36:44.102  5309  7430 D ScorePolicy: handleScoreChanged: []
02-12 22:36:44.102  5309  7430 D ScorePolicy: handleScoreChanged: []
02-12 22:36:44.102  5309  7430 D ScorePolicy: handleScoreChanged: []
02-12 22:36:44.130  3447  3856 I libprocessgroup: Removed cgroup /sys/fs/cgroup/apps/uid_10229/pid_7122
02-12 22:36:44.131  1722  1722 I Zygote  : Process 7122 exited due to signal 9 (Killed)
02-12 22:36:44.132  3447  4435 I ActivityManager: Death received, pid = 7122, processName = net.oneplus.weather for thread android.os.BinderProxy@e84b63f
02-12 22:36:44.144  3447  6014 I OStatsManager_OplusBatteryStatsManager: updateStateTime: PkgName = net.oneplus.weather, uid = 10229, state to em, mForegroundCnt = 0, isFg = false
02-12 22:36:44.145  1947  1947 E qspmHal : setAppInfoH atPid = 7122, gpuFname:net.oneplus.weather, gpuFver:160270020
02-12 22:36:44.145 17493  3376 I SG::IntentProviderHelper: removeDecisionResult,packageNames isnull,cardTypeList is [536871003]
02-12 22:36:44.146 17493  3376 I SG::IntentProviderHelper: removeDecisionResults, serviceTypes: [536871003]
02-12 22:36:44.146 17493  3376 I SG::DecisionStoreHelper: deleteDecisionResultsByServiceType, cardTypes: [536871003]
02-12 22:36:44.146 18235 18294 I metis_v2_AppDiedObserver: shortcutAppDiedCallback, fenceKey = app_died_shortcut [Metis|com.oplus.metis|2.0.20-aa39d14]
02-12 22:36:44.146 17493  3376 I SG::DecisionStoreHelper: deleteDecisionResultsByServiceType, pid death time: 1770916004144
02-12 22:36:44.146  3447 11481 E WindowProcessControllerExtImpl: shouldMakeAbnormalActivityFinishing, list may empty, mHasActivities: false
02-12 22:36:44.147 17493  3376 I SG::DecisionStoreHelper: original sysResults: []
02-12 22:36:44.147 17493  3376 I SG::DecisionStoreHelper: needDeleteItems cardTypes = []
02-12 22:36:44.147 17493  3376 I SG::DecisionStoreHelper: deleteSystemStoreItems, serviceIds: []
02-12 22:36:44.147  4576  8528 I PluginSeedling--Origin: SeedlingSourceProvider-->diedPidInfo host: {net.oneplus.weather=[7122]}, ums: []
